Archive member included to satisfy reference by file (symbol)

c:/ac6/systemworkbench/plugins/fr.ac6.mcu.externaltools.arm-none.win32_1.17.0.201812190825/tools/compiler/bin/../lib/gcc/arm-none-eabi/7.3.1/thumb/v7e-m/fpv5/hard\libgcc.a(_aeabi_uldivmod.o)
                              Drivers/STM32F7xx_HAL_Driver/Src/stm32f7xx_hal_rcc.o (__aeabi_uldivmod)
c:/ac6/systemworkbench/plugins/fr.ac6.mcu.externaltools.arm-none.win32_1.17.0.201812190825/tools/compiler/bin/../lib/gcc/arm-none-eabi/7.3.1/thumb/v7e-m/fpv5/hard\libgcc.a(_udivmoddi4.o)
                              c:/ac6/systemworkbench/plugins/fr.ac6.mcu.externaltools.arm-none.win32_1.17.0.201812190825/tools/compiler/bin/../lib/gcc/arm-none-eabi/7.3.1/thumb/v7e-m/fpv5/hard\libgcc.a(_aeabi_uldivmod.o) (__udivmoddi4)
c:/ac6/systemworkbench/plugins/fr.ac6.mcu.externaltools.arm-none.win32_1.17.0.201812190825/tools/compiler/bin/../lib/gcc/arm-none-eabi/7.3.1/thumb/v7e-m/fpv5/hard\libgcc.a(_dvmd_tls.o)
                              c:/ac6/systemworkbench/plugins/fr.ac6.mcu.externaltools.arm-none.win32_1.17.0.201812190825/tools/compiler/bin/../lib/gcc/arm-none-eabi/7.3.1/thumb/v7e-m/fpv5/hard\libgcc.a(_aeabi_uldivmod.o) (__aeabi_ldiv0)
c:/ac6/systemworkbench/plugins/fr.ac6.mcu.externaltools.arm-none.win32_1.17.0.201812190825/tools/compiler/bin/../lib/gcc/arm-none-eabi/7.3.1/../../../../arm-none-eabi/lib/thumb/v7e-m/fpv5/hard\libc_nano.a(lib_a-errno.o)
                              Src/syscalls.o (__errno)
c:/ac6/systemworkbench/plugins/fr.ac6.mcu.externaltools.arm-none.win32_1.17.0.201812190825/tools/compiler/bin/../lib/gcc/arm-none-eabi/7.3.1/../../../../arm-none-eabi/lib/thumb/v7e-m/fpv5/hard\libc_nano.a(lib_a-exit.o)
                              c:/ac6/systemworkbench/plugins/fr.ac6.mcu.externaltools.arm-none.win32_1.17.0.201812190825/tools/compiler/bin/../lib/gcc/arm-none-eabi/7.3.1/../../../../arm-none-eabi/lib/thumb/v7e-m/fpv5/hard/crt0.o (exit)
c:/ac6/systemworkbench/plugins/fr.ac6.mcu.externaltools.arm-none.win32_1.17.0.201812190825/tools/compiler/bin/../lib/gcc/arm-none-eabi/7.3.1/../../../../arm-none-eabi/lib/thumb/v7e-m/fpv5/hard\libc_nano.a(lib_a-impure.o)
                              c:/ac6/systemworkbench/plugins/fr.ac6.mcu.externaltools.arm-none.win32_1.17.0.201812190825/tools/compiler/bin/../lib/gcc/arm-none-eabi/7.3.1/../../../../arm-none-eabi/lib/thumb/v7e-m/fpv5/hard\libc_nano.a(lib_a-exit.o) (_global_impure_ptr)
c:/ac6/systemworkbench/plugins/fr.ac6.mcu.externaltools.arm-none.win32_1.17.0.201812190825/tools/compiler/bin/../lib/gcc/arm-none-eabi/7.3.1/../../../../arm-none-eabi/lib/thumb/v7e-m/fpv5/hard\libc_nano.a(lib_a-init.o)
                              c:/ac6/systemworkbench/plugins/fr.ac6.mcu.externaltools.arm-none.win32_1.17.0.201812190825/tools/compiler/bin/../lib/gcc/arm-none-eabi/7.3.1/../../../../arm-none-eabi/lib/thumb/v7e-m/fpv5/hard/crt0.o (__libc_init_array)
c:/ac6/systemworkbench/plugins/fr.ac6.mcu.externaltools.arm-none.win32_1.17.0.201812190825/tools/compiler/bin/../lib/gcc/arm-none-eabi/7.3.1/../../../../arm-none-eabi/lib/thumb/v7e-m/fpv5/hard\libc_nano.a(lib_a-memcpy-stub.o)
                              Src/ax25.o (memcpy)
c:/ac6/systemworkbench/plugins/fr.ac6.mcu.externaltools.arm-none.win32_1.17.0.201812190825/tools/compiler/bin/../lib/gcc/arm-none-eabi/7.3.1/../../../../arm-none-eabi/lib/thumb/v7e-m/fpv5/hard\libc_nano.a(lib_a-memset.o)
                              c:/ac6/systemworkbench/plugins/fr.ac6.mcu.externaltools.arm-none.win32_1.17.0.201812190825/tools/compiler/bin/../lib/gcc/arm-none-eabi/7.3.1/../../../../arm-none-eabi/lib/thumb/v7e-m/fpv5/hard/crt0.o (memset)
c:/ac6/systemworkbench/plugins/fr.ac6.mcu.externaltools.arm-none.win32_1.17.0.201812190825/tools/compiler/bin/../lib/gcc/arm-none-eabi/7.3.1/../../../../arm-none-eabi/lib/thumb/v7e-m/fpv5/hard\libc_nano.a(lib_a-nano-vfprintf_float.o)
                              (_printf_float)
c:/ac6/systemworkbench/plugins/fr.ac6.mcu.externaltools.arm-none.win32_1.17.0.201812190825/tools/compiler/bin/../lib/gcc/arm-none-eabi/7.3.1/../../../../arm-none-eabi/lib/thumb/v7e-m/fpv5/hard\libc_nano.a(lib_a-nano-vfprintf_i.o)
                              c:/ac6/systemworkbench/plugins/fr.ac6.mcu.externaltools.arm-none.win32_1.17.0.201812190825/tools/compiler/bin/../lib/gcc/arm-none-eabi/7.3.1/../../../../arm-none-eabi/lib/thumb/v7e-m/fpv5/hard\libc_nano.a(lib_a-nano-vfprintf_float.o) (_printf_common)
c:/ac6/systemworkbench/plugins/fr.ac6.mcu.externaltools.arm-none.win32_1.17.0.201812190825/tools/compiler/bin/../lib/gcc/arm-none-eabi/7.3.1/../../../../arm-none-eabi/lib/thumb/v7e-m/fpv5/hard\libc_nano.a(lib_a-snprintf.o)
                              Src/gps.o (snprintf)
c:/ac6/systemworkbench/plugins/fr.ac6.mcu.externaltools.arm-none.win32_1.17.0.201812190825/tools/compiler/bin/../lib/gcc/arm-none-eabi/7.3.1/../../../../arm-none-eabi/lib/thumb/v7e-m/fpv5/hard\libc_nano.a(lib_a-strcat.o)
                              Src/gps.o (strcat)
[...]
Memory Configuration

Name             Origin             Length             Attributes
RAM              0x20000000         0x00080000         xrw
FLASH            0x08000000         0x00200000         xr
*default*        0x00000000         0xffffffff

Linker script and memory map

LOAD c:/ac6/systemworkbench/plugins/fr.ac6.mcu.externaltools.arm-none.win32_1.17.0.201812190825/tools/compiler/bin/../lib/gcc/arm-none-eabi/7.3.1/thumb/v7e-m/fpv5/hard/crti.o
LOAD c:/ac6/systemworkbench/plugins/fr.ac6.mcu.externaltools.arm-none.win32_1.17.0.201812190825/tools/compiler/bin/../lib/gcc/arm-none-eabi/7.3.1/thumb/v7e-m/fpv5/hard/crtbegin.o
LOAD c:/ac6/systemworkbench/plugins/fr.ac6.mcu.externaltools.arm-none.win32_1.17.0.201812190825/tools/compiler/bin/../lib/gcc/arm-none-eabi/7.3.1/../../../../arm-none-eabi/lib/thumb/v7e-m/fpv5/hard/crt0.o
LOAD Drivers/STM32F7xx_HAL_Driver/Src/stm32f7xx_hal.o
LOAD Drivers/STM32F7xx_HAL_Driver/Src/stm32f7xx_hal_cortex.o
LOAD Drivers/STM32F7xx_HAL_Driver/Src/stm32f7xx_hal_dma.o
LOAD Drivers/STM32F7xx_HAL_Driver/Src/stm32f7xx_hal_dma_ex.o
LOAD Drivers/STM32F7xx_HAL_Driver/Src/stm32f7xx_hal_exti.o
LOAD Drivers/STM32F7xx_HAL_Driver/Src/stm32f7xx_hal_flash.o
LOAD Drivers/STM32F7xx_HAL_Driver/Src/stm32f7xx_hal_flash_ex.o
LOAD Drivers/STM32F7xx_HAL_Driver/Src/stm32f7xx_hal_gpio.o
LOAD Drivers/STM32F7xx_HAL_Driver/Src/stm32f7xx_hal_i2c.o
LOAD Drivers/STM32F7xx_HAL_Driver/Src/stm32f7xx_hal_i2c_ex.o
LOAD Drivers/STM32F7xx_HAL_Driver/Src/stm32f7xx_hal_pwr.o
LOAD Drivers/STM32F7xx_HAL_Driver/Src/stm32f7xx_hal_pwr_ex.o
LOAD Drivers/STM32F7xx_HAL_Driver/Src/stm32f7xx_hal_rcc.o
LOAD Drivers/STM32F7xx_HAL_Driver/Src/stm32f7xx_hal_rcc_ex.o
LOAD Drivers/STM32F7xx_HAL_Driver/Src/stm32f7xx_hal_rtc.o
LOAD Drivers/STM32F7xx_HAL_Driver/Src/stm32f7xx_hal_rtc_ex.o
LOAD Drivers/STM32F7xx_HAL_Driver/Src/stm32f7xx_hal_spi.o
LOAD Drivers/STM32F7xx_HAL_Driver/Src/stm32f7xx_hal_spi_ex.o
LOAD Drivers/STM32F7xx_HAL_Driver/Src/stm32f7xx_hal_tim.o
LOAD Drivers/STM32F7xx_HAL_Driver/Src/stm32f7xx_hal_tim_ex.o
LOAD Drivers/STM32F7xx_HAL_Driver/Src/stm32f7xx_hal_uart.o
LOAD Drivers/STM32F7xx_HAL_Driver/Src/stm32f7xx_hal_uart_ex.o
LOAD Src/ax25.o
LOAD Src/cc112x_spi.o
LOAD Src/cc_tx_init.o
LOAD Src/gps.o
LOAD Src/lfsr.o
LOAD Src/main.o
LOAD Src/rasp_manager.o
LOAD Src/scrambler.o
LOAD Src/sensors.o
LOAD Src/stm32f7xx_hal_msp.o
LOAD Src/stm32f7xx_it.o
LOAD Src/syscalls.o
LOAD Src/system_stm32f7xx.o
LOAD Src/time_manager.o
LOAD Src/tx_manager.o
LOAD startup/startup_stm32f767xx.o
LOAD c:/ac6/systemworkbench/plugins/fr.ac6.mcu.externaltools.arm-none.win32_1.17.0.201812190825/tools/compiler/bin/../lib/gcc/arm-none-eabi/7.3.1/../../../../arm-none-eabi/lib/thumb/v7e-m/fpv5/hard\libm.a
START GROUP
LOAD c:/ac6/systemworkbench/plugins/fr.ac6.mcu.externaltools.arm-none.win32_1.17.0.201812190825/tools/compiler/bin/../lib/gcc/arm-none-eabi/7.3.1/thumb/v7e-m/fpv5/hard\libgcc.a
LOAD c:/ac6/systemworkbench/plugins/fr.ac6.mcu.externaltools.arm-none.win32_1.17.0.201812190825/tools/compiler/bin/../lib/gcc/arm-none-eabi/7.3.1/../../../../arm-none-eabi/lib/thumb/v7e-m/fpv5/hard\libc_nano.a
END GROUP
START GROUP
LOAD c:/ac6/systemworkbench/plugins/fr.ac6.mcu.externaltools.arm-none.win32_1.17.0.201812190825/tools/compiler/bin/../lib/gcc/arm-none-eabi/7.3.1/thumb/v7e-m/fpv5/hard\libgcc.a
LOAD c:/ac6/systemworkbench/plugins/fr.ac6.mcu.externaltools.arm-none.win32_1.17.0.201812190825/tools/compiler/bin/../lib/gcc/arm-none-eabi/7.3.1/../../../../arm-none-eabi/lib/thumb/v7e-m/fpv5/hard\libc_nano.a
LOAD c:/ac6/systemworkbench/plugins/fr.ac6.mcu.externaltools.arm-none.win32_1.17.0.201812190825/tools/compiler/bin/../lib/gcc/arm-none-eabi/7.3.1/../../../../arm-none-eabi/lib/thumb/v7e-m/fpv5/hard\libnosys.a
END GROUP
START GROUP
LOAD c:/ac6/systemworkbench/plugins/fr.ac6.mcu.externaltools.arm-none.win32_1.17.0.201812190825/tools/compiler/bin/../lib/gcc/arm-none-eabi/7.3.1/thumb/v7e-m/fpv5/hard\libgcc.a
LOAD c:/ac6/systemworkbench/plugins/fr.ac6.mcu.externaltools.arm-none.win32_1.17.0.201812190825/tools/compiler/bin/../lib/gcc/arm-none-eabi/7.3.1/../../../../arm-none-eabi/lib/thumb/v7e-m/fpv5/hard\libc_nano.a
LOAD c:/ac6/systemworkbench/plugins/fr.ac6.mcu.externaltools.arm-none.win32_1.17.0.201812190825/tools/compiler/bin/../lib/gcc/arm-none-eabi/7.3.1/../../../../arm-none-eabi/lib/thumb/v7e-m/fpv5/hard\libnosys.a
END GROUP
LOAD c:/ac6/systemworkbench/plugins/fr.ac6.mcu.externaltools.arm-none.win32_1.17.0.201812190825/tools/compiler/bin/../lib/gcc/arm-none-eabi/7.3.1/thumb/v7e-m/fpv5/hard/crtend.o
LOAD c:/ac6/systemworkbench/plugins/fr.ac6.mcu.externaltools.arm-none.win32_1.17.0.201812190825/tools/compiler/bin/../lib/gcc/arm-none-eabi/7.3.1/thumb/v7e-m/fpv5/hard/crtn.o
                0x20080000                _estack = 0x20080000
                0x00000200                _Min_Heap_Size = 0x200
                0x00000400                _Min_Stack_Size = 0x400

.isr_vector     0x08000000      0x1f8
                0x08000000                . = ALIGN (0x4)
 *(.isr_vector)
 .isr_vector    0x08000000      0x1f8 startup/startup_stm32f767xx.o
                0x08000000                g_pfnVectors
                0x080001f8                . = ALIGN (0x4)

.text           0x08000200     0x81c0
                0x08000200                . = ALIGN (0x4)
 *(.text)
 .text          0x08000200       0x40 c:/ac6/systemworkbench/plugins/fr.ac6.mcu.externaltools.arm-none.win32_1.17.0.201812190825/tools/compiler/bin/../lib/gcc/arm-none-eabi/7.3.1/thumb/v7e-m/fpv5/hard/crtbegin.o
 .text          0x08000240       0x30 c:/ac6/systemworkbench/plugins/fr.ac6.mcu.externaltools.arm-none.win32_1.17.0.201812190825/tools/compiler/bin/../lib/gcc/arm-none-eabi/7.3.1/thumb/v7e-m/fpv5/hard\libgcc.a(_aeabi_uldivmod.o)
                0x08000240                __aeabi_uldivmod
 .text          0x08000270      0x2cc c:/ac6/systemworkbench/plugins/fr.ac6.mcu.externaltools.arm-none.win32_1.17.0.201812190825/tools/compiler/bin/../lib/gcc/arm-none-eabi/7.3.1/thumb/v7e-m/fpv5/hard\libgcc.a(_udivmoddi4.o)
                0x08000270                __udivmoddi4
 .text          0x0800053c        0x4 c:/ac6/systemworkbench/plugins/fr.ac6.mcu.externaltools.arm-none.win32_1.17.0.201812190825/tools/compiler/bin/../lib/gcc/arm-none-eabi/7.3.1/thumb/v7e-m/fpv5/hard\libgcc.a(_dvmd_tls.o)
                0x0800053c                __aeabi_idiv0
                0x0800053c                __aeabi_ldiv0
 .text          0x08000540       0x10 c:/ac6/systemworkbench/plugins/fr.ac6.mcu.externaltools.arm-none.win32_1.17.0.201812190825/tools/compiler/bin/../lib/gcc/arm-none-eabi/7.3.1/../../../../arm-none-eabi/lib/thumb/v7e-m/fpv5/hard\libc_nano.a(lib_a-strlen.o)
                0x08000540                strlen
 .text          0x08000550       0xa0 c:/ac6/systemworkbench/plugins/fr.ac6.mcu.externaltools.arm-none.win32_1.17.0.201812190825/tools/compiler/bin/../lib/gcc/arm-none-eabi/7.3.1/../../../../arm-none-eabi/lib/thumb/v7e-m/fpv5/hard\libc_nano.a(lib_a-memchr.o)
                0x08000550                memchr
 *(.text*)
 .text.HAL_InitTick
                0x080005f0       0x48 Drivers/STM32F7xx_HAL_Driver/Src/stm32f7xx_hal.o
                0x080005f0                HAL_InitTick
 .text.HAL_Init
                0x08000638       0x16 Drivers/STM32F7xx_HAL_Driver/Src/stm32f7xx_hal.o
                0x08000638                HAL_Init
 *fill*         0x0800064e        0x2 
 .text.HAL_IncTick
                0x08000650       0x18 Drivers/STM32F7xx_HAL_Driver/Src/stm32f7xx_hal.o
                0x08000650                HAL_IncTick
 .text.HAL_GetTick
                0x08000668        0xc Drivers/STM32F7xx_HAL_Driver/Src/stm32f7xx_hal.o
                0x08000668                HAL_GetTick
 .text.HAL_Delay
                0x08000674       0x28 Drivers/STM32F7xx_HAL_Driver/Src/stm32f7xx_hal.o
                0x08000674                HAL_Delay
 .text.HAL_NVIC_SetPriorityGrouping
                0x0800069c       0x24 Drivers/STM32F7xx_HAL_Driver/Src/stm32f7xx_hal_cortex.o
                0x0800069c                HAL_NVIC_SetPriorityGrouping
 .text.HAL_NVIC_SetPriority
                0x080006c0       0x64 Drivers/STM32F7xx_HAL_Driver/Src/stm32f7xx_hal_cortex.o
                0x080006c0                HAL_NVIC_SetPriority
 .text.HAL_NVIC_EnableIRQ
                0x08000724       0x1c Drivers/STM32F7xx_HAL_Driver/Src/stm32f7xx_hal_cortex.o
                0x08000724                HAL_NVIC_EnableIRQ
 .text.HAL_SYSTICK_Config
                0x08000740       0x2c Drivers/STM32F7xx_HAL_Driver/Src/stm32f7xx_hal_cortex.o
                0x08000740                HAL_SYSTICK_Config
 .text.DMA_CalcBaseAndBitshift
                0x0800076c       0x38 Drivers/STM32F7xx_HAL_Driver/Src/stm32f7xx_hal_dma.o
 .text.DMA_CheckFifoParam
                0x080007a4       0x8e Drivers/STM32F7xx_HAL_Driver/Src/stm32f7xx_hal_dma.o
 *fill*         0x08000832        0x2 
 .text.HAL_DMA_Init
                0x08000834       0xcc Drivers/STM32F7xx_HAL_Driver/Src/stm32f7xx_hal_dma.o
                0x08000834                HAL_DMA_Init
 .text.HAL_DMA_Abort_IT
                0x08000900       0x26 Drivers/STM32F7xx_HAL_Driver/Src/stm32f7xx_hal_dma.o
                0x08000900                HAL_DMA_Abort_IT
 *fill*         0x08000926        0x2 
 .text.HAL_GPIO_Init
                0x08000928      0x1dc Drivers/STM32F7xx_HAL_Driver/Src/stm32f7xx_hal_gpio.o
                0x08000928                HAL_GPIO_Init
 .text.HAL_GPIO_WritePin
                0x08000b04        0xc Drivers/STM32F7xx_HAL_Driver/Src/stm32f7xx_hal_gpio.o
                0x08000b04                HAL_GPIO_WritePin
 .text.I2C_Flush_TXDR
                0x08000b10       0x22 Drivers/STM32F7xx_HAL_Driver/Src/stm32f7xx_hal_i2c.o
 .text.I2C_TransferConfig
                0x08000b32       0x36 Drivers/STM32F7xx_HAL_Driver/Src/stm32f7xx_hal_i2c.o
 .text.I2C_IsAcknowledgeFailed
                0x08000b68       0x90 Drivers/STM32F7xx_HAL_Driver/Src/stm32f7xx_hal_i2c.o
 .text.I2C_WaitOnTXISFlagUntilTimeout
                0x08000bf8       0x56 Drivers/STM32F7xx_HAL_Driver/Src/stm32f7xx_hal_i2c.o
 .text.I2C_WaitOnFlagUntilTimeout
                0x08000c4e       0x52 Drivers/STM32F7xx_HAL_Driver/Src/stm32f7xx_hal_i2c.o
 .text.I2C_RequestMemoryWrite
                0x08000ca0       0x70 Drivers/STM32F7xx_HAL_Driver/Src/stm32f7xx_hal_i2c.o
 .text.I2C_RequestMemoryRead
                0x08000d10       0x70 Drivers/STM32F7xx_HAL_Driver/Src/stm32f7xx_hal_i2c.o
 .text.I2C_WaitOnSTOPFlagUntilTimeout
                0x08000d80       0x50 Drivers/STM32F7xx_HAL_Driver/Src/stm32f7xx_hal_i2c.o
 .text.HAL_I2C_Init
                0x08000dd0       0xbc Drivers/STM32F7xx_HAL_Driver/Src/stm32f7xx_hal_i2c.o
                0x08000dd0                HAL_I2C_Init
 .text.HAL_I2C_Mem_Write
                0x08000e8c      0x1ae Drivers/STM32F7xx_HAL_Driver/Src/stm32f7xx_hal_i2c.o
                0x08000e8c                HAL_I2C_Mem_Write
 *fill*         0x0800103a        0x2 
 .text.HAL_I2C_Mem_Read
                0x0800103c      0x1b8 Drivers/STM32F7xx_HAL_Driver/Src/stm32f7xx_hal_i2c.o
                0x0800103c                HAL_I2C_Mem_Read
 .text.HAL_I2CEx_ConfigAnalogFilter
                0x080011f4       0x5c Drivers/STM32F7xx_HAL_Driver/Src/stm32f7xx_hal_i2c_ex.o
                0x080011f4                HAL_I2CEx_ConfigAnalogFilter
 .text.HAL_I2CEx_ConfigDigitalFilter
                0x08001250       0x58 Drivers/STM32F7xx_HAL_Driver/Src/stm32f7xx_hal_i2c_ex.o
                0x08001250                HAL_I2CEx_ConfigDigitalFilter
 .text.HAL_RCC_OscConfig
                0x080012a8      0x444 Drivers/STM32F7xx_HAL_Driver/Src/stm32f7xx_hal_rcc.o
                0x080012a8                HAL_RCC_OscConfig
 .text.HAL_RCC_GetSysClockFreq
                0x080016ec       0xa8 Drivers/STM32F7xx_HAL_Driver/Src/stm32f7xx_hal_rcc.o
                0x080016ec                HAL_RCC_GetSysClockFreq
 .text.HAL_RCC_ClockConfig
                0x08001794      0x168 Drivers/STM32F7xx_HAL_Driver/Src/stm32f7xx_hal_rcc.o
                0x08001794                HAL_RCC_ClockConfig
 .text.HAL_RCC_GetHCLKFreq
                0x080018fc        0xc Drivers/STM32F7xx_HAL_Driver/Src/stm32f7xx_hal_rcc.o
                0x080018fc                HAL_RCC_GetHCLKFreq
 .text.HAL_RCC_GetPCLK1Freq
                0x08001908       0x20 Drivers/STM32F7xx_HAL_Driver/Src/stm32f7xx_hal_rcc.o
                0x08001908                HAL_RCC_GetPCLK1Freq
 .text.HAL_RCC_GetPCLK2Freq
                0x08001928       0x20 Drivers/STM32F7xx_HAL_Driver/Src/stm32f7xx_hal_rcc.o
                0x08001928                HAL_RCC_GetPCLK2Freq
 .text.HAL_RCCEx_PeriphCLKConfig
                0x08001948      0x604 Drivers/STM32F7xx_HAL_Driver/Src/stm32f7xx_hal_rcc_ex.o
                0x08001948                HAL_RCCEx_PeriphCLKConfig
 .text.HAL_RTC_WaitForSynchro
                0x08001f4c       0x32 Drivers/STM32F7xx_HAL_Driver/Src/stm32f7xx_hal_rtc.o
                0x08001f4c                HAL_RTC_WaitForSynchro
 .text.RTC_EnterInitMode
                0x08001f7e       0x3c Drivers/STM32F7xx_HAL_Driver/Src/stm32f7xx_hal_rtc.o
                0x08001f7e                RTC_EnterInitMode
 .text.RTC_ByteToBcd2
                0x08001fba       0x16 Drivers/STM32F7xx_HAL_Driver/Src/stm32f7xx_hal_rtc.o
                0x08001fba                RTC_ByteToBcd2
 .text.HAL_RTC_SetTime
                0x08001fd0      0x100 Drivers/STM32F7xx_HAL_Driver/Src/stm32f7xx_hal_rtc.o
                0x08001fd0                HAL_RTC_SetTime
 .text.RTC_Bcd2ToByte
                0x080020d0       0x12 Drivers/STM32F7xx_HAL_Driver/Src/stm32f7xx_hal_rtc.o
                0x080020d0                RTC_Bcd2ToByte
 *fill*         0x080020e2        0x2 
 .text.HAL_RTC_GetTime
                0x080020e4       0x58 Drivers/STM32F7xx_HAL_Driver/Src/stm32f7xx_hal_rtc.o
                0x080020e4                HAL_RTC_GetTime
 .text.HAL_RTC_GetDate
                0x0800213c       0x44 Drivers/STM32F7xx_HAL_Driver/Src/stm32f7xx_hal_rtc.o
                0x0800213c                HAL_RTC_GetDate
 .text.SPI_WaitFlagStateUntilTimeout
                0x08002180       0x90 Drivers/STM32F7xx_HAL_Driver/Src/stm32f7xx_hal_spi.o
 .text.SPI_WaitFifoStateUntilTimeout
                0x08002210       0x98 Drivers/STM32F7xx_HAL_Driver/Src/stm32f7xx_hal_spi.o
 .text.SPI_EndRxTxTransaction
                0x080022a8       0x66 Drivers/STM32F7xx_HAL_Driver/Src/stm32f7xx_hal_spi.o
 .text.HAL_SPI_Init
                0x0800230e       0xba Drivers/STM32F7xx_HAL_Driver/Src/stm32f7xx_hal_spi.o
                0x0800230e                HAL_SPI_Init
 .text.HAL_SPI_TransmitReceive
                0x080023c8      0x2d0 Drivers/STM32F7xx_HAL_Driver/Src/stm32f7xx_hal_spi.o
                0x080023c8                HAL_SPI_TransmitReceive
 .text.UART_EndRxTransfer
                0x08002698       0x1e Drivers/STM32F7xx_HAL_Driver/Src/stm32f7xx_hal_uart.o
 *fill*         0x080026b6        0x2 
 .text.HAL_UART_Receive_IT
                0x080026b8       0xd8 Drivers/STM32F7xx_HAL_Driver/Src/stm32f7xx_hal_uart.o
                0x080026b8                HAL_UART_Receive_IT
 .text.HAL_UART_TxCpltCallback
                0x08002790        0x2 Drivers/STM32F7xx_HAL_Driver/Src/stm32f7xx_hal_uart.o
                0x08002790                HAL_UART_TxCpltCallback
 .text.UART_EndTransmit_IT
                0x08002792       0x1a Drivers/STM32F7xx_HAL_Driver/Src/stm32f7xx_hal_uart.o
 .text.HAL_UART_RxCpltCallback
                0x080027ac        0x2 Drivers/STM32F7xx_HAL_Driver/Src/stm32f7xx_hal_uart.o
                0x080027ac                HAL_UART_RxCpltCallback
 .text.UART_RxISR_8BIT
                0x080027ae       0x62 Drivers/STM32F7xx_HAL_Driver/Src/stm32f7xx_hal_uart.o
 .text.UART_RxISR_16BIT
                0x08002810       0x60 Drivers/STM32F7xx_HAL_Driver/Src/stm32f7xx_hal_uart.o
 .text.HAL_UART_ErrorCallback
                0x08002870        0x2 Drivers/STM32F7xx_HAL_Driver/Src/stm32f7xx_hal_uart.o
                0x08002870                HAL_UART_ErrorCallback
 .text.UART_DMAAbortOnError
                0x08002872       0x14 Drivers/STM32F7xx_HAL_Driver/Src/stm32f7xx_hal_uart.o
 .text.HAL_UARTEx_WakeupCallback
                0x08002886        0x2 Drivers/STM32F7xx_HAL_Driver/Src/stm32f7xx_hal_uart.o
                0x08002886                HAL_UARTEx_WakeupCallback
 .text.HAL_UART_IRQHandler
                0x08002888      0x178 Drivers/STM32F7xx_HAL_Driver/Src/stm32f7xx_hal_uart.o
                0x08002888                HAL_UART_IRQHandler
 .text.UART_SetConfig
                0x08002a00      0x370 Drivers/STM32F7xx_HAL_Driver/Src/stm32f7xx_hal_uart.o
                0x08002a00                UART_SetConfig
 .text.UART_AdvFeatureConfig
                0x08002d70       0xca Drivers/STM32F7xx_HAL_Driver/Src/stm32f7xx_hal_uart.o
                0x08002d70                UART_AdvFeatureConfig
 .text.UART_WaitOnFlagUntilTimeout
                0x08002e3a       0x9c Drivers/STM32F7xx_HAL_Driver/Src/stm32f7xx_hal_uart.o
                0x08002e3a                UART_WaitOnFlagUntilTimeout
 .text.UART_CheckIdleState
                0x08002ed6       0x6c Drivers/STM32F7xx_HAL_Driver/Src/stm32f7xx_hal_uart.o
                0x08002ed6                UART_CheckIdleState
 .text.HAL_UART_Init
                0x08002f42       0x62 Drivers/STM32F7xx_HAL_Driver/Src/stm32f7xx_hal_uart.o
                0x08002f42                HAL_UART_Init
 .text.ax25_fcs
                0x08002fa4       0x30 Src/ax25.o
                0x08002fa4                ax25_fcs
 .text.ax25_create_addr_field
                0x08002fd4       0x8c Src/ax25.o
                0x08002fd4                ax25_create_addr_field
 .text.ax25_prepare_frame
                0x08003060       0xac Src/ax25.o
                0x08003060                ax25_prepare_frame
 .text.ax25_bit_stuffing
                0x0800310c       0x88 Src/ax25.o
                0x0800310c                ax25_bit_stuffing
 .text.ax25_send
                0x08003194       0xfc Src/ax25.o
                0x08003194                ax25_send
 .text.cc_tx_rd_reg
                0x08003290       0xbc Src/cc112x_spi.o
                0x08003290                cc_tx_rd_reg
 .text.cc_tx_wr_reg
                0x0800334c       0x64 Src/cc112x_spi.o
                0x0800334c                cc_tx_wr_reg
 .text.cc_tx_cmd
                0x080033b0       0x70 Src/cc112x_spi.o
                0x080033b0                cc_tx_cmd
 .text.cc_tx_spi_write_fifo
                0x08003420       0x80 Src/cc112x_spi.o
                0x08003420                cc_tx_spi_write_fifo
 .text.cc_tx_data_continuous
                0x080034a0      0x230 Src/cc112x_spi.o
                0x080034a0                cc_tx_data_continuous
 .text.tx_registerConfig
                0x080036d0       0x38 Src/cc_tx_init.o
                0x080036d0                tx_registerConfig
 .text.tx_manualCalibration
                0x08003708      0x10e Src/cc_tx_init.o
                0x08003708                tx_manualCalibration
 *fill*         0x08003816        0x2 
 .text.init_gps_uart
                0x08003818       0x44 Src/gps.o
                0x08003818                init_gps_uart
 .text.reset_gps_flag
                0x0800385c        0xc Src/gps.o
                0x0800385c                reset_gps_flag
 .text.UART_GPS_Receive_IT
                0x08003868       0xdc Src/gps.o
                0x08003868                UART_GPS_Receive_IT
 .text.init_gps
                0x08003944       0x20 Src/gps.o
                0x08003944                init_gps
 *fill*         0x08003964        0x4 
 .text.prepare_gps_pkt
                0x08003968      0x1a4 Src/gps.o
                0x08003968                prepare_gps_pkt
 .text.HAL_GPS_UART_IRQHandler
                0x08003b0c       0x1c Src/gps.o
                0x08003b0c                HAL_GPS_UART_IRQHandler
 .text.gps2vsi  0x08003b28       0x48 Src/gps.o
                0x08003b28                gps2vsi
 .text.gps_set_seconds
                0x08003b70       0x90 Src/gps.o
                0x08003b70                gps_set_seconds
 .text.gps_parse_fields
                0x08003c00       0x74 Src/gps.o
                0x08003c00                gps_parse_fields
 *fill*         0x08003c74        0x4 
 .text.knots2mps
                0x08003c78       0x18 Src/gps.o
                0x08003c78                knots2mps
 .text.gps_parse_logic
                0x08003c90      0x124 Src/gps.o
                0x08003c90                gps_parse_logic
 .text.get_gps_sentences
                0x08003db4       0x44 Src/gps.o
                0x08003db4                get_gps_sentences
 .text.update_gps
                0x08003df8      0x118 Src/gps.o
                0x08003df8                update_gps
 .text.lfsr_init
                0x08003f10       0x28 Src/lfsr.o
                0x08003f10                lfsr_init
 .text.lfsr_next_bit_scramble
                0x08003f38       0x48 Src/lfsr.o
                0x08003f38                lfsr_next_bit_scramble
 .text.lfsr_reset
                0x08003f80       0x10 Src/lfsr.o
                0x08003f80                lfsr_reset
 .text.MX_GPIO_Init
                0x08003f90      0x178 Src/main.o
 .text.MX_DMA_Init
                0x08004108       0x34 Src/main.o
 .text.MX_UART4_Init
                0x0800413c       0x34 Src/main.o
 .text.MX_UART5_Init
                0x08004170       0x34 Src/main.o
 .text.MX_USART2_UART_Init
                0x080041a4       0x2c Src/main.o
 .text.MX_I2C1_Init
                0x080041d0       0x44 Src/main.o
 .text.MX_I2C2_Init
                0x08004214       0x48 Src/main.o
 .text.MX_SPI1_Init
                0x0800425c       0x44 Src/main.o
 .text.MX_SPI3_Init
                0x080042a0       0x40 Src/main.o
 .text.SystemClock_Config
                0x080042e0       0xac Src/main.o
                0x080042e0                SystemClock_Config
 .text.main     0x0800438c       0x68 Src/main.o
                0x0800438c                main
 .text.Error_Handler
                0x080043f4        0x2 Src/main.o
                0x080043f4                Error_Handler
 .text.scrambler_init
                0x080043f6       0x14 Src/scrambler.o
                0x080043f6                scrambler_init
 .text.scrambler_reset
                0x0800440a       0x14 Src/scrambler.o
                0x0800440a                scrambler_reset
 .text.scramble_data_nrzi
                0x0800441e      0x13a Src/scrambler.o
                0x0800441e                scramble_data_nrzi
 .text.init_adt7420
                0x08004558       0x68 Src/sensors.o
                0x08004558                init_adt7420
 .text.update_adt7420
                0x080045c0       0xc8 Src/sensors.o
                0x080045c0                update_adt7420
 .text.get_temp_adt7420
                0x08004688        0xc Src/sensors.o
                0x08004688                get_temp_adt7420
 .text.HAL_MspInit
                0x08004694       0x30 Src/stm32f7xx_hal_msp.o
                0x08004694                HAL_MspInit
 .text.HAL_I2C_MspInit
                0x080046c4       0xbc Src/stm32f7xx_hal_msp.o
                0x080046c4                HAL_I2C_MspInit
 .text.HAL_SPI_MspInit
                0x08004780      0x148 Src/stm32f7xx_hal_msp.o
                0x08004780                HAL_SPI_MspInit
 .text.HAL_UART_MspInit
                0x080048c8      0x174 Src/stm32f7xx_hal_msp.o
                0x080048c8                HAL_UART_MspInit
 .text.NMI_Handler
                0x08004a3c        0x2 Src/stm32f7xx_it.o
                0x08004a3c                NMI_Handler
 .text.HardFault_Handler
                0x08004a3e        0x2 Src/stm32f7xx_it.o
                0x08004a3e                HardFault_Handler
 .text.MemManage_Handler
                0x08004a40        0x2 Src/stm32f7xx_it.o
                0x08004a40                MemManage_Handler
 .text.BusFault_Handler
                0x08004a42        0x2 Src/stm32f7xx_it.o
                0x08004a42                BusFault_Handler
 .text.UsageFault_Handler
                0x08004a44        0x2 Src/stm32f7xx_it.o
                0x08004a44                UsageFault_Handler
 .text.SVC_Handler
                0x08004a46        0x2 Src/stm32f7xx_it.o
                0x08004a46                SVC_Handler
 .text.DebugMon_Handler
                0x08004a48        0x2 Src/stm32f7xx_it.o
                0x08004a48                DebugMon_Handler
 .text.PendSV_Handler
                0x08004a4a        0x2 Src/stm32f7xx_it.o
                0x08004a4a                PendSV_Handler
 .text.SysTick_Handler
                0x08004a4c        0x8 Src/stm32f7xx_it.o
                0x08004a4c                SysTick_Handler
 .text.USART2_IRQHandler
                0x08004a54       0x18 Src/stm32f7xx_it.o
                0x08004a54                USART2_IRQHandler
 .text._sbrk    0x08004a6c       0x3c Src/syscalls.o
                0x08004a6c                _sbrk
 .text.SystemInit
                0x08004aa8       0x1c Src/system_stm32f7xx.o
                0x08004aa8                SystemInit
 .text.HAL_sys_setTime
                0x08004ac4       0x28 Src/time_manager.o
                0x08004ac4                HAL_sys_setTime
 .text.HAL_sys_getTime
                0x08004aec       0x30 Src/time_manager.o
                0x08004aec                HAL_sys_getTime
 .text.HAL_sys_getDate
                0x08004b1c       0x38 Src/time_manager.o
                0x08004b1c                HAL_sys_getDate
 .text.get_time_UTC
                0x08004b54       0x1c Src/time_manager.o
                0x08004b54                get_time_UTC
 .text.gps_setStart_seconds
                0x08004b70       0x7c Src/time_manager.o
                0x08004b70                gps_setStart_seconds
 .text.large_data_init
                0x08004bec       0x14 Src/tx_manager.o
                0x08004bec                large_data_init
 .text.comms_init
                0x08004c00       0x3c Src/tx_manager.o
                0x08004c00                comms_init
 .text.tx_data  0x08004c3c       0x48 Src/tx_manager.o
                0x08004c3c                tx_data
 .text.Reset_Handler
                0x08004c84       0x50 startup/startup_stm32f767xx.o
                0x08004c84                Reset_Handler
 .text.Default_Handler
                0x08004cd4        0x2 startup/startup_stm32f767xx.o
                0x08004cd4                RTC_Alarm_IRQHandler
                0x08004cd4                EXTI2_IRQHandler
                0x08004cd4                TIM8_CC_IRQHandler
                0x08004cd4                UART8_IRQHandler
                0x08004cd4                SPI4_IRQHandler
                0x08004cd4                TIM1_CC_IRQHandler
                0x08004cd4                DMA2_Stream5_IRQHandler
                0x08004cd4                JPEG_IRQHandler
                0x08004cd4                DMA1_Stream5_IRQHandler
                0x08004cd4                CAN3_RX1_IRQHandler
                0x08004cd4                PVD_IRQHandler
                0x08004cd4                TAMP_STAMP_IRQHandler
                0x08004cd4                CAN2_RX1_IRQHandler
                0x08004cd4                EXTI3_IRQHandler
                0x08004cd4                TIM8_TRG_COM_TIM14_IRQHandler
                0x08004cd4                DFSDM1_FLT1_IRQHandler
                0x08004cd4                TIM1_UP_TIM10_IRQHandler
                0x08004cd4                TIM8_UP_TIM13_IRQHandler
                0x08004cd4                I2C3_ER_IRQHandler
                0x08004cd4                DFSDM1_FLT2_IRQHandler
                0x08004cd4                EXTI0_IRQHandler
                0x08004cd4                I2C2_EV_IRQHandler
                0x08004cd4                DMA1_Stream2_IRQHandler
                0x08004cd4                CAN1_RX0_IRQHandler
                0x08004cd4                FPU_IRQHandler
                0x08004cd4                OTG_HS_WKUP_IRQHandler
                0x08004cd4                CAN3_SCE_IRQHandler
                0x08004cd4                LTDC_ER_IRQHandler
                0x08004cd4                CAN2_SCE_IRQHandler
                0x08004cd4                DMA2_Stream2_IRQHandler
                0x08004cd4                SPI1_IRQHandler
                0x08004cd4                TIM6_DAC_IRQHandler
                0x08004cd4                TIM1_BRK_TIM9_IRQHandler
                0x08004cd4                DCMI_IRQHandler
                0x08004cd4                CAN2_RX0_IRQHandler
                0x08004cd4                DMA2_Stream3_IRQHandler
                0x08004cd4                SAI2_IRQHandler
                0x08004cd4                DFSDM1_FLT3_IRQHandler
                0x08004cd4                USART6_IRQHandler
                0x08004cd4                CAN3_RX0_IRQHandler
                0x08004cd4                USART3_IRQHandler
                0x08004cd4                CAN1_RX1_IRQHandler
                0x08004cd4                UART5_IRQHandler
                0x08004cd4                DMA2_Stream0_IRQHandler
                0x08004cd4                TIM4_IRQHandler
                0x08004cd4                QUADSPI_IRQHandler
                0x08004cd4                I2C1_EV_IRQHandler
                0x08004cd4                DMA1_Stream6_IRQHandler
                0x08004cd4                DMA1_Stream1_IRQHandler
                0x08004cd4                UART4_IRQHandler
                0x08004cd4                TIM3_IRQHandler
                0x08004cd4                RCC_IRQHandler
                0x08004cd4                TIM8_BRK_TIM12_IRQHandler
                0x08004cd4                Default_Handler
                0x08004cd4                CEC_IRQHandler
                0x08004cd4                EXTI15_10_IRQHandler
                0x08004cd4                ADC_IRQHandler
                0x08004cd4                DMA1_Stream7_IRQHandler
                0x08004cd4                SPI5_IRQHandler
                0x08004cd4                TIM7_IRQHandler
                0x08004cd4                SDMMC1_IRQHandler
                0x08004cd4                CAN2_TX_IRQHandler
                0x08004cd4                TIM5_IRQHandler
                0x08004cd4                DMA2_Stream7_IRQHandler
                0x08004cd4                I2C3_EV_IRQHandler
                0x08004cd4                EXTI9_5_IRQHandler
                0x08004cd4                RTC_WKUP_IRQHandler
                0x08004cd4                LTDC_IRQHandler
                0x08004cd4                ETH_WKUP_IRQHandler
                0x08004cd4                SPDIF_RX_IRQHandler
                0x08004cd4                SPI2_IRQHandler
                0x08004cd4                OTG_HS_EP1_IN_IRQHandler
                0x08004cd4                DMA1_Stream0_IRQHandler
                0x08004cd4                CAN1_TX_IRQHandler
                0x08004cd4                EXTI4_IRQHandler
                0x08004cd4                RNG_IRQHandler
                0x08004cd4                ETH_IRQHandler
                0x08004cd4                OTG_HS_EP1_OUT_IRQHandler
                0x08004cd4                WWDG_IRQHandler
                0x08004cd4                SPI6_IRQHandler
                0x08004cd4                MDIOS_IRQHandler
                0x08004cd4                I2C4_EV_IRQHandler
                0x08004cd4                CAN3_TX_IRQHandler
                0x08004cd4                TIM2_IRQHandler
                0x08004cd4                OTG_FS_WKUP_IRQHandler
                0x08004cd4                TIM1_TRG_COM_TIM11_IRQHandler
                0x08004cd4                OTG_HS_IRQHandler
                0x08004cd4                DMA2D_IRQHandler
                0x08004cd4                EXTI1_IRQHandler
                0x08004cd4                SDMMC2_IRQHandler
                0x08004cd4                UART7_IRQHandler
                0x08004cd4                DFSDM1_FLT0_IRQHandler
                0x08004cd4                I2C2_ER_IRQHandler
                0x08004cd4                DMA2_Stream1_IRQHandler
                0x08004cd4                CAN1_SCE_IRQHandler
                0x08004cd4                FLASH_IRQHandler
                0x08004cd4                DMA2_Stream4_IRQHandler
                0x08004cd4                USART1_IRQHandler
                0x08004cd4                OTG_FS_IRQHandler
                0x08004cd4                SPI3_IRQHandler
                0x08004cd4                DMA1_Stream4_IRQHandler
                0x08004cd4                I2C1_ER_IRQHandler
                0x08004cd4                FMC_IRQHandler
                0x08004cd4                LPTIM1_IRQHandler
                0x08004cd4                I2C4_ER_IRQHandler
                0x08004cd4                DMA2_Stream6_IRQHandler
                0x08004cd4                SAI1_IRQHandler
                0x08004cd4                DMA1_Stream3_IRQHandler
 *fill*         0x08004cd6        0x2 
 .text.__errno  0x08004cd8        0xc c:/ac6/systemworkbench/plugins/fr.ac6.mcu.externaltools.arm-none.win32_1.17.0.201812190825/tools/compiler/bin/../lib/gcc/arm-none-eabi/7.3.1/../../../../arm-none-eabi/lib/thumb/v7e-m/fpv5/hard\libc_nano.a(lib_a-errno.o)
                0x08004cd8                __errno
 .text.__libc_init_array
                0x08004ce4       0x48 c:/ac6/systemworkbench/plugins/fr.ac6.mcu.externaltools.arm-none.win32_1.17.0.201812190825/tools/compiler/bin/../lib/gcc/arm-none-eabi/7.3.1/../../../../arm-none-eabi/lib/thumb/v7e-m/fpv5/hard\libc_nano.a(lib_a-init.o)
                0x08004ce4                __libc_init_array
 .text.memcpy   0x08004d2c       0x16 c:/ac6/systemworkbench/plugins/fr.ac6.mcu.externaltools.arm-none.win32_1.17.0.201812190825/tools/compiler/bin/../lib/gcc/arm-none-eabi/7.3.1/../../../../arm-none-eabi/lib/thumb/v7e-m/fpv5/hard\libc_nano.a(lib_a-memcpy-stub.o)
                0x08004d2c                memcpy
 .text.memset   0x08004d42       0x10 c:/ac6/systemworkbench/plugins/fr.ac6.mcu.externaltools.arm-none.win32_1.17.0.201812190825/tools/compiler/bin/../lib/gcc/arm-none-eabi/7.3.1/../../../../arm-none-eabi/lib/thumb/v7e-m/fpv5/hard\libc_nano.a(lib_a-memset.o)
                0x08004d42                memset
 .text.__cvt    0x08004d52       0xa4 c:/ac6/systemworkbench/plugins/fr.ac6.mcu.externaltools.arm-none.win32_1.17.0.201812190825/tools/compiler/bin/../lib/gcc/arm-none-eabi/7.3.1/../../../../arm-none-eabi/lib/thumb/v7e-m/fpv5/hard\libc_nano.a(lib_a-nano-vfprintf_float.o)
                0x08004d52                __cvt
 .text.__exponent
                0x08004df6       0x66 c:/ac6/systemworkbench/plugins/fr.ac6.mcu.externaltools.arm-none.win32_1.17.0.201812190825/tools/compiler/bin/../lib/gcc/arm-none-eabi/7.3.1/../../../../arm-none-eabi/lib/thumb/v7e-m/fpv5/hard\libc_nano.a(lib_a-nano-vfprintf_float.o)
                0x08004df6                __exponent
 *fill*         0x08004e5c        0x4 
 .text._printf_float
                0x08004e60      0x458 c:/ac6/systemworkbench/plugins/fr.ac6.mcu.externaltools.arm-none.win32_1.17.0.201812190825/tools/compiler/bin/../lib/gcc/arm-none-eabi/7.3.1/../../../../arm-none-eabi/lib/thumb/v7e-m/fpv5/hard\libc_nano.a(lib_a-nano-vfprintf_float.o)
                0x08004e60                _printf_float
 .text._printf_common
                0x080052b8       0xea c:/ac6/systemworkbench/plugins/fr.ac6.mcu.externaltools.arm-none.win32_1.17.0.201812190825/tools/compiler/bin/../lib/gcc/arm-none-eabi/7.3.1/../../../../arm-none-eabi/lib/thumb/v7e-m/fpv5/hard\libc_nano.a(lib_a-nano-vfprintf_i.o)
                0x080052b8                _printf_common
 *fill*         0x080053a2        0x2 
 .text._printf_i
                0x080053a4      0x224 c:/ac6/systemworkbench/plugins/fr.ac6.mcu.externaltools.arm-none.win32_1.17.0.201812190825/tools/compiler/bin/../lib/gcc/arm-none-eabi/7.3.1/../../../../arm-none-eabi/lib/thumb/v7e-m/fpv5/hard\libc_nano.a(lib_a-nano-vfprintf_i.o)
                0x080053a4                _printf_i
 .text.snprintf
                0x080055c8       0x68 c:/ac6/systemworkbench/plugins/fr.ac6.mcu.externaltools.arm-none.win32_1.17.0.201812190825/tools/compiler/bin/../lib/gcc/arm-none-eabi/7.3.1/../../../../arm-none-eabi/lib/thumb/v7e-m/fpv5/hard\libc_nano.a(lib_a-snprintf.o)
                0x080055c8                sniprintf
                0x080055c8                snprintf
 .text.strcat   0x08005630       0x1e c:/ac6/systemworkbench/plugins/fr.ac6.mcu.externaltools.arm-none.win32_1.17.0.201812190825/tools/compiler/bin/../lib/gcc/arm-none-eabi/7.3.1/../../../../arm-none-eabi/lib/thumb/v7e-m/fpv5/hard\libc_nano.a(lib_a-strcat.o)
                0x08005630                strcat
 .text.strncat  0x0800564e       0x28 c:/ac6/systemworkbench/plugins/fr.ac6.mcu.externaltools.arm-none.win32_1.17.0.201812190825/tools/compiler/bin/../lib/gcc/arm-none-eabi/7.3.1/../../../../arm-none-eabi/lib/thumb/v7e-m/fpv5/hard\libc_nano.a(lib_a-strncat.o)
                0x0800564e                strncat
 .text.strncmp  0x08005676       0x24 c:/ac6/systemworkbench/plugins/fr.ac6.mcu.externaltools.arm-none.win32_1.17.0.201812190825/tools/compiler/bin/../lib/gcc/arm-none-eabi/7.3.1/../../../../arm-none-eabi/lib/thumb/v7e-m/fpv5/hard\libc_nano.a(lib_a-strncmp.o)
                0x08005676                strncmp
 .text.strncpy  0x0800569a       0x2a c:/ac6/systemworkbench/plugins/fr.ac6.mcu.externaltools.arm-none.win32_1.17.0.201812190825/tools/compiler/bin/../lib/gcc/arm-none-eabi/7.3.1/../../../../arm-none-eabi/lib/thumb/v7e-m/fpv5/hard\libc_nano.a(lib_a-strncpy.o)
                0x0800569a                strncpy
 .text.strnlen  0x080056c4       0x18 c:/ac6/systemworkbench/plugins/fr.ac6.mcu.externaltools.arm-none.win32_1.17.0.201812190825/tools/compiler/bin/../lib/gcc/arm-none-eabi/7.3.1/../../../../arm-none-eabi/lib/thumb/v7e-m/fpv5/hard\libc_nano.a(lib_a-strnlen.o)
                0x080056c4                strnlen
 .text.unlikely.sulp
                0x080056dc       0x34 c:/ac6/systemworkbench/plugins/fr.ac6.mcu.externaltools.arm-none.win32_1.17.0.201812190825/tools/compiler/bin/../lib/gcc/arm-none-eabi/7.3.1/../../../../arm-none-eabi/lib/thumb/v7e-m/fpv5/hard\libc_nano.a(lib_a-strtod.o)
 .text._strtod_l
                0x08005710      0xb90 c:/ac6/systemworkbench/plugins/fr.ac6.mcu.externaltools.arm-none.win32_1.17.0.201812190825/tools/compiler/bin/../lib/gcc/arm-none-eabi/7.3.1/../../../../arm-none-eabi/lib/thumb/v7e-m/fpv5/hard\libc_nano.a(lib_a-strtod.o)
                0x08005710                _strtod_l
 .text.strtod   0x080062a0       0x28 c:/ac6/systemworkbench/plugins/fr.ac6.mcu.externaltools.arm-none.win32_1.17.0.201812190825/tools/compiler/bin/../lib/gcc/arm-none-eabi/7.3.1/../../../../arm-none-eabi/lib/thumb/v7e-m/fpv5/hard\libc_nano.a(lib_a-strtod.o)
                0x080062a0                strtod
 .text.strtof   0x080062c8       0x7c c:/ac6/systemworkbench/plugins/fr.ac6.mcu.externaltools.arm-none.win32_1.17.0.201812190825/tools/compiler/bin/../lib/gcc/arm-none-eabi/7.3.1/../../../../arm-none-eabi/lib/thumb/v7e-m/fpv5/hard\libc_nano.a(lib_a-strtod.o)
                0x080062c8                strtof
 .text._strtol_l.isra.0
                0x08006344       0xf6 c:/ac6/systemworkbench/plugins/fr.ac6.mcu.externaltools.arm-none.win32_1.17.0.201812190825/tools/compiler/bin/../lib/gcc/arm-none-eabi/7.3.1/../../../../arm-none-eabi/lib/thumb/v7e-m/fpv5/hard\libc_nano.a(lib_a-strtol.o)
 *fill*         0x0800643a        0x2 
 .text.strtol   0x0800643c       0x2c c:/ac6/systemworkbench/plugins/fr.ac6.mcu.externaltools.arm-none.win32_1.17.0.201812190825/tools/compiler/bin/../lib/gcc/arm-none-eabi/7.3.1/../../../../arm-none-eabi/lib/thumb/v7e-m/fpv5/hard\libc_nano.a(lib_a-strtol.o)
                0x0800643c                strtol
 .text.quorem   0x08006468      0x118 c:/ac6/systemworkbench/plugins/fr.ac6.mcu.externaltools.arm-none.win32_1.17.0.201812190825/tools/compiler/bin/../lib/gcc/arm-none-eabi/7.3.1/../../../../arm-none-eabi/lib/thumb/v7e-m/fpv5/hard\libc_nano.a(lib_a-dtoa.o)
 .text._dtoa_r  0x08006580      0xa98 c:/ac6/systemworkbench/plugins/fr.ac6.mcu.externaltools.arm-none.win32_1.17.0.201812190825/tools/compiler/bin/../lib/gcc/arm-none-eabi/7.3.1/../../../../arm-none-eabi/lib/thumb/v7e-m/fpv5/hard\libc_nano.a(lib_a-dtoa.o)
                0x08006580                _dtoa_r
 .text.rshift   0x08007018       0x74 c:/ac6/systemworkbench/plugins/fr.ac6.mcu.externaltools.arm-none.win32_1.17.0.201812190825/tools/compiler/bin/../lib/gcc/arm-none-eabi/7.3.1/../../../../arm-none-eabi/lib/thumb/v7e-m/fpv5/hard\libc_nano.a(lib_a-gdtoa-gethex.o)
 .text.__hexdig_fun
                0x0800708c       0x2a c:/ac6/systemworkbench/plugins/fr.ac6.mcu.externaltools.arm-none.win32_1.17.0.201812190825/tools/compiler/bin/../lib/gcc/arm-none-eabi/7.3.1/../../../../arm-none-eabi/lib/thumb/v7e-m/fpv5/hard\libc_nano.a(lib_a-gdtoa-gethex.o)
                0x0800708c                __hexdig_fun
 .text.__gethex
                0x080070b6      0x442 c:/ac6/systemworkbench/plugins/fr.ac6.mcu.externaltools.arm-none.win32_1.17.0.201812190825/tools/compiler/bin/../lib/gcc/arm-none-eabi/7.3.1/../../../../arm-none-eabi/lib/thumb/v7e-m/fpv5/hard\libc_nano.a(lib_a-gdtoa-gethex.o)
                0x080070b6                __gethex
 .text.L_shift  0x080074f8       0x24 c:/ac6/systemworkbench/plugins/fr.ac6.mcu.externaltools.arm-none.win32_1.17.0.201812190825/tools/compiler/bin/../lib/gcc/arm-none-eabi/7.3.1/../../../../arm-none-eabi/lib/thumb/v7e-m/fpv5/hard\libc_nano.a(lib_a-gdtoa-hexnan.o)
 .text.__match  0x0800751c       0x28 c:/ac6/systemworkbench/plugins/fr.ac6.mcu.externaltools.arm-none.win32_1.17.0.201812190825/tools/compiler/bin/../lib/gcc/arm-none-eabi/7.3.1/../../../../arm-none-eabi/lib/thumb/v7e-m/fpv5/hard\libc_nano.a(lib_a-gdtoa-hexnan.o)
                0x0800751c                __match
 .text.__hexnan
                0x08007544      0x120 c:/ac6/systemworkbench/plugins/fr.ac6.mcu.externaltools.arm-none.win32_1.17.0.201812190825/tools/compiler/bin/../lib/gcc/arm-none-eabi/7.3.1/../../../../arm-none-eabi/lib/thumb/v7e-m/fpv5/hard\libc_nano.a(lib_a-gdtoa-hexnan.o)
                0x08007544                __hexnan
 .text.__locale_ctype_ptr_l
                0x08007664        0x6 c:/ac6/systemworkbench/plugins/fr.ac6.mcu.externaltools.arm-none.win32_1.17.0.201812190825/tools/compiler/bin/../lib/gcc/arm-none-eabi/7.3.1/../../../../arm-none-eabi/lib/thumb/v7e-m/fpv5/hard\libc_nano.a(lib_a-locale.o)
                0x08007664                __locale_ctype_ptr_l
 .text.__localeconv_l
                0x0800766a        0x4 c:/ac6/systemworkbench/plugins/fr.ac6.mcu.externaltools.arm-none.win32_1.17.0.201812190825/tools/compiler/bin/../lib/gcc/arm-none-eabi/7.3.1/../../../../arm-none-eabi/lib/thumb/v7e-m/fpv5/hard\libc_nano.a(lib_a-localeconv.o)
                0x0800766a                __localeconv_l
 *fill*         0x0800766e        0x2 
 .text._localeconv_r
                0x08007670       0x1c c:/ac6/systemworkbench/plugins/fr.ac6.mcu.externaltools.arm-none.win32_1.17.0.201812190825/tools/compiler/bin/../lib/gcc/arm-none-eabi/7.3.1/../../../../arm-none-eabi/lib/thumb/v7e-m/fpv5/hard\libc_nano.a(lib_a-localeconv.o)
                0x08007670                _localeconv_r
 .text.malloc   0x0800768c       0x10 c:/ac6/systemworkbench/plugins/fr.ac6.mcu.externaltools.arm-none.win32_1.17.0.201812190825/tools/compiler/bin/../lib/gcc/arm-none-eabi/7.3.1/../../../../arm-none-eabi/lib/thumb/v7e-m/fpv5/hard\libc_nano.a(lib_a-malloc.o)
                0x0800768c                malloc
 .text.__ascii_mbtowc
                0x0800769c       0x24 c:/ac6/systemworkbench/plugins/fr.ac6.mcu.externaltools.arm-none.win32_1.17.0.201812190825/tools/compiler/bin/../lib/gcc/arm-none-eabi/7.3.1/../../../../arm-none-eabi/lib/thumb/v7e-m/fpv5/hard\libc_nano.a(lib_a-mbtowc_r.o)
                0x0800769c                __ascii_mbtowc
 .text._Balloc  0x080076c0       0x68 c:/ac6/systemworkbench/plugins/fr.ac6.mcu.externaltools.arm-none.win32_1.17.0.201812190825/tools/compiler/bin/../lib/gcc/arm-none-eabi/7.3.1/../../../../arm-none-eabi/lib/thumb/v7e-m/fpv5/hard\libc_nano.a(lib_a-mprec.o)
                0x080076c0                _Balloc
 .text._Bfree   0x08007728       0x2e c:/ac6/systemworkbench/plugins/fr.ac6.mcu.externaltools.arm-none.win32_1.17.0.201812190825/tools/compiler/bin/../lib/gcc/arm-none-eabi/7.3.1/../../../../arm-none-eabi/lib/thumb/v7e-m/fpv5/hard\libc_nano.a(lib_a-mprec.o)
                0x08007728                _Bfree
 .text.__multadd
                0x08007756       0x76 c:/ac6/systemworkbench/plugins/fr.ac6.mcu.externaltools.arm-none.win32_1.17.0.201812190825/tools/compiler/bin/../lib/gcc/arm-none-eabi/7.3.1/../../../../arm-none-eabi/lib/thumb/v7e-m/fpv5/hard\libc_nano.a(lib_a-mprec.o)
                0x08007756                __multadd
 .text.__s2b    0x080077cc       0x7c c:/ac6/systemworkbench/plugins/fr.ac6.mcu.externaltools.arm-none.win32_1.17.0.201812190825/tools/compiler/bin/../lib/gcc/arm-none-eabi/7.3.1/../../../../arm-none-eabi/lib/thumb/v7e-m/fpv5/hard\libc_nano.a(lib_a-mprec.o)
                0x080077cc                __s2b
 .text.__hi0bits
                0x08007848       0x3e c:/ac6/systemworkbench/plugins/fr.ac6.mcu.externaltools.arm-none.win32_1.17.0.201812190825/tools/compiler/bin/../lib/gcc/arm-none-eabi/7.3.1/../../../../arm-none-eabi/lib/thumb/v7e-m/fpv5/hard\libc_nano.a(lib_a-mprec.o)
                0x08007848                __hi0bits
 .text.__lo0bits
                0x08007886       0x5e c:/ac6/systemworkbench/plugins/fr.ac6.mcu.externaltools.arm-none.win32_1.17.0.201812190825/tools/compiler/bin/../lib/gcc/arm-none-eabi/7.3.1/../../../../arm-none-eabi/lib/thumb/v7e-m/fpv5/hard\libc_nano.a(lib_a-mprec.o)
                0x08007886                __lo0bits
 .text.__i2b    0x080078e4       0x12 c:/ac6/systemworkbench/plugins/fr.ac6.mcu.externaltools.arm-none.win32_1.17.0.201812190825/tools/compiler/bin/../lib/gcc/arm-none-eabi/7.3.1/../../../../arm-none-eabi/lib/thumb/v7e-m/fpv5/hard\libc_nano.a(lib_a-mprec.o)
                0x080078e4                __i2b
 .text.__multiply
                0x080078f6      0x12c c:/ac6/systemworkbench/plugins/fr.ac6.mcu.externaltools.arm-none.win32_1.17.0.201812190825/tools/compiler/bin/../lib/gcc/arm-none-eabi/7.3.1/../../../../arm-none-eabi/lib/thumb/v7e-m/fpv5/hard\libc_nano.a(lib_a-mprec.o)
                0x080078f6                __multiply
 *fill*         0x08007a22        0x2 
 .text.__pow5mult
                0x08007a24       0x9c c:/ac6/systemworkbench/plugins/fr.ac6.mcu.externaltools.arm-none.win32_1.17.0.201812190825/tools/compiler/bin/../lib/gcc/arm-none-eabi/7.3.1/../../../../arm-none-eabi/lib/thumb/v7e-m/fpv5/hard\libc_nano.a(lib_a-mprec.o)
                0x08007a24                __pow5mult
 .text.__lshift
                0x08007ac0       0xa8 c:/ac6/systemworkbench/plugins/fr.ac6.mcu.externaltools.arm-none.win32_1.17.0.201812190825/tools/compiler/bin/../lib/gcc/arm-none-eabi/7.3.1/../../../../arm-none-eabi/lib/thumb/v7e-m/fpv5/hard\libc_nano.a(lib_a-mprec.o)
                0x08007ac0                __lshift
 .text.__mcmp   0x08007b68       0x34 c:/ac6/systemworkbench/plugins/fr.ac6.mcu.externaltools.arm-none.win32_1.17.0.201812190825/tools/compiler/bin/../lib/gcc/arm-none-eabi/7.3.1/../../../../arm-none-eabi/lib/thumb/v7e-m/fpv5/hard\libc_nano.a(lib_a-mprec.o)
                0x08007b68                __mcmp
 .text.__mdiff  0x08007b9c       0xba c:/ac6/systemworkbench/plugins/fr.ac6.mcu.externaltools.arm-none.win32_1.17.0.201812190825/tools/compiler/bin/../lib/gcc/arm-none-eabi/7.3.1/../../../../arm-none-eabi/lib/thumb/v7e-m/fpv5/hard\libc_nano.a(lib_a-mprec.o)
                0x08007b9c                __mdiff
 *fill*         0x08007c56        0x2 
 .text.__ulp    0x08007c58       0x50 c:/ac6/systemworkbench/plugins/fr.ac6.mcu.externaltools.arm-none.win32_1.17.0.201812190825/tools/compiler/bin/../lib/gcc/arm-none-eabi/7.3.1/../../../../arm-none-eabi/lib/thumb/v7e-m/fpv5/hard\libc_nano.a(lib_a-mprec.o)
                0x08007c58                __ulp
 .text.__b2d    0x08007ca8       0x9c c:/ac6/systemworkbench/plugins/fr.ac6.mcu.externaltools.arm-none.win32_1.17.0.201812190825/tools/compiler/bin/../lib/gcc/arm-none-eabi/7.3.1/../../../../arm-none-eabi/lib/thumb/v7e-m/fpv5/hard\libc_nano.a(lib_a-mprec.o)
                0x08007ca8                __b2d
 .text.__d2b    0x08007d44       0x9e c:/ac6/systemworkbench/plugins/fr.ac6.mcu.externaltools.arm-none.win32_1.17.0.201812190825/tools/compiler/bin/../lib/gcc/arm-none-eabi/7.3.1/../../../../arm-none-eabi/lib/thumb/v7e-m/fpv5/hard\libc_nano.a(lib_a-mprec.o)
                0x08007d44                __d2b
 .text.__ratio  0x08007de2       0x68 c:/ac6/systemworkbench/plugins/fr.ac6.mcu.externaltools.arm-none.win32_1.17.0.201812190825/tools/compiler/bin/../lib/gcc/arm-none-eabi/7.3.1/../../../../arm-none-eabi/lib/thumb/v7e-m/fpv5/hard\libc_nano.a(lib_a-mprec.o)
                0x08007de2                __ratio
 .text.__copybits
                0x08007e4a       0x34 c:/ac6/systemworkbench/plugins/fr.ac6.mcu.externaltools.arm-none.win32_1.17.0.201812190825/tools/compiler/bin/../lib/gcc/arm-none-eabi/7.3.1/../../../../arm-none-eabi/lib/thumb/v7e-m/fpv5/hard\libc_nano.a(lib_a-mprec.o)
                0x08007e4a                __copybits
 .text.__any_on
                0x08007e7e       0x42 c:/ac6/systemworkbench/plugins/fr.ac6.mcu.externaltools.arm-none.win32_1.17.0.201812190825/tools/compiler/bin/../lib/gcc/arm-none-eabi/7.3.1/../../../../arm-none-eabi/lib/thumb/v7e-m/fpv5/hard\libc_nano.a(lib_a-mprec.o)
                0x08007e7e                __any_on
 .text._calloc_r
                0x08007ec0       0x1c c:/ac6/systemworkbench/plugins/fr.ac6.mcu.externaltools.arm-none.win32_1.17.0.201812190825/tools/compiler/bin/../lib/gcc/arm-none-eabi/7.3.1/../../../../arm-none-eabi/lib/thumb/v7e-m/fpv5/hard\libc_nano.a(lib_a-nano-callocr.o)
                0x08007ec0                _calloc_r
 .text._free_r  0x08007edc       0x9c c:/ac6/systemworkbench/plugins/fr.ac6.mcu.externaltools.arm-none.win32_1.17.0.201812190825/tools/compiler/bin/../lib/gcc/arm-none-eabi/7.3.1/../../../../arm-none-eabi/lib/thumb/v7e-m/fpv5/hard\libc_nano.a(lib_a-nano-freer.o)
                0x08007edc                _free_r
 .text._malloc_r
                0x08007f78       0xb4 c:/ac6/systemworkbench/plugins/fr.ac6.mcu.externaltools.arm-none.win32_1.17.0.201812190825/tools/compiler/bin/../lib/gcc/arm-none-eabi/7.3.1/../../../../arm-none-eabi/lib/thumb/v7e-m/fpv5/hard\libc_nano.a(lib_a-nano-mallocr.o)
                0x08007f78                _malloc_r
 .text.__ssputs_r
                0x0800802c       0xb4 c:/ac6/systemworkbench/plugins/fr.ac6.mcu.externaltools.arm-none.win32_1.17.0.201812190825/tools/compiler/bin/../lib/gcc/arm-none-eabi/7.3.1/../../../../arm-none-eabi/lib/thumb/v7e-m/fpv5/hard\libc_nano.a(lib_a-nano-svfprintf.o)
                0x0800802c                __ssputs_r
 .text._svfprintf_r
                0x080080e0      0x1f0 c:/ac6/systemworkbench/plugins/fr.ac6.mcu.externaltools.arm-none.win32_1.17.0.201812190825/tools/compiler/bin/../lib/gcc/arm-none-eabi/7.3.1/../../../../arm-none-eabi/lib/thumb/v7e-m/fpv5/hard\libc_nano.a(lib_a-nano-svfprintf.o)
                0x080080e0                _svfiprintf_r
                0x080080e0                _svfprintf_r
 .text._sbrk_r  0x080082d0       0x20 c:/ac6/systemworkbench/plugins/fr.ac6.mcu.externaltools.arm-none.win32_1.17.0.201812190825/tools/compiler/bin/../lib/gcc/arm-none-eabi/7.3.1/../../../../arm-none-eabi/lib/thumb/v7e-m/fpv5/hard\libc_nano.a(lib_a-sbrkr.o)
                0x080082d0                _sbrk_r
 .text.nanf     0x080082f0        0xc c:/ac6/systemworkbench/plugins/fr.ac6.mcu.externaltools.arm-none.win32_1.17.0.201812190825/tools/compiler/bin/../lib/gcc/arm-none-eabi/7.3.1/../../../../arm-none-eabi/lib/thumb/v7e-m/fpv5/hard\libc_nano.a(lib_a-sf_nan.o)
                0x080082f0                nanf
 .text.__ascii_wctomb
                0x080082fc       0x1a c:/ac6/systemworkbench/plugins/fr.ac6.mcu.externaltools.arm-none.win32_1.17.0.201812190825/tools/compiler/bin/../lib/gcc/arm-none-eabi/7.3.1/../../../../arm-none-eabi/lib/thumb/v7e-m/fpv5/hard\libc_nano.a(lib_a-wctomb_r.o)
                0x080082fc                __ascii_wctomb
 .text.memmove  0x08008316       0x32 c:/ac6/systemworkbench/plugins/fr.ac6.mcu.externaltools.arm-none.win32_1.17.0.201812190825/tools/compiler/bin/../lib/gcc/arm-none-eabi/7.3.1/../../../../arm-none-eabi/lib/thumb/v7e-m/fpv5/hard\libc_nano.a(lib_a-memmove.o)
                0x08008316                memmove
 .text.__malloc_lock
                0x08008348        0x2 c:/ac6/systemworkbench/plugins/fr.ac6.mcu.externaltools.arm-none.win32_1.17.0.201812190825/tools/compiler/bin/../lib/gcc/arm-none-eabi/7.3.1/../../../../arm-none-eabi/lib/thumb/v7e-m/fpv5/hard\libc_nano.a(lib_a-mlock.o)
                0x08008348                __malloc_lock
 .text.__malloc_unlock
                0x0800834a        0x2 c:/ac6/systemworkbench/plugins/fr.ac6.mcu.externaltools.arm-none.win32_1.17.0.201812190825/tools/compiler/bin/../lib/gcc/arm-none-eabi/7.3.1/../../../../arm-none-eabi/lib/thumb/v7e-m/fpv5/hard\libc_nano.a(lib_a-mlock.o)
                0x0800834a                __malloc_unlock
 .text._realloc_r
                0x0800834c       0x4c c:/ac6/systemworkbench/plugins/fr.ac6.mcu.externaltools.arm-none.win32_1.17.0.201812190825/tools/compiler/bin/../lib/gcc/arm-none-eabi/7.3.1/../../../../arm-none-eabi/lib/thumb/v7e-m/fpv5/hard\libc_nano.a(lib_a-nano-reallocr.o)
                0x0800834c                _realloc_r
 .text._malloc_usable_size_r
                0x08008398       0x10 c:/ac6/systemworkbench/plugins/fr.ac6.mcu.externaltools.arm-none.win32_1.17.0.201812190825/tools/compiler/bin/../lib/gcc/arm-none-eabi/7.3.1/../../../../arm-none-eabi/lib/thumb/v7e-m/fpv5/hard\libc_nano.a(lib_a-nano-msizer.o)
                0x08008398                _malloc_usable_size_r
 *(.glue_7)
 .glue_7        0x080083a8        0x0 linker stubs
 *(.glue_7t)
 .glue_7t       0x080083a8        0x0 linker stubs
 *(.eh_frame)
 .eh_frame      0x080083a8        0x0 c:/ac6/systemworkbench/plugins/fr.ac6.mcu.externaltools.arm-none.win32_1.17.0.201812190825/tools/compiler/bin/../lib/gcc/arm-none-eabi/7.3.1/thumb/v7e-m/fpv5/hard/crtbegin.o
 *(.init)
 .init          0x080083a8        0x4 c:/ac6/systemworkbench/plugins/fr.ac6.mcu.externaltools.arm-none.win32_1.17.0.201812190825/tools/compiler/bin/../lib/gcc/arm-none-eabi/7.3.1/thumb/v7e-m/fpv5/hard/crti.o
                0x080083a8                _init
 .init          0x080083ac        0x8 c:/ac6/systemworkbench/plugins/fr.ac6.mcu.externaltools.arm-none.win32_1.17.0.201812190825/tools/compiler/bin/../lib/gcc/arm-none-eabi/7.3.1/thumb/v7e-m/fpv5/hard/crtn.o
 *(.fini)
 .fini          0x080083b4        0x4 c:/ac6/systemworkbench/plugins/fr.ac6.mcu.externaltools.arm-none.win32_1.17.0.201812190825/tools/compiler/bin/../lib/gcc/arm-none-eabi/7.3.1/thumb/v7e-m/fpv5/hard/crti.o
                0x080083b4                _fini
 .fini          0x080083b8        0x8 c:/ac6/systemworkbench/plugins/fr.ac6.mcu.externaltools.arm-none.win32_1.17.0.201812190825/tools/compiler/bin/../lib/gcc/arm-none-eabi/7.3.1/thumb/v7e-m/fpv5/hard/crtn.o
                0x080083c0                . = ALIGN (0x4)
                0x080083c0                _etext = .

.vfp11_veneer   0x080083c0        0x0
 .vfp11_veneer  0x080083c0        0x0 linker stubs

.v4_bx          0x080083c0        0x0
 .v4_bx         0x080083c0        0x0 linker stubs

.iplt           0x080083c0        0x0
 .iplt          0x080083c0        0x0 c:/ac6/systemworkbench/plugins/fr.ac6.mcu.externaltools.arm-none.win32_1.17.0.201812190825/tools/compiler/bin/../lib/gcc/arm-none-eabi/7.3.1/thumb/v7e-m/fpv5/hard/crtbegin.o

.rodata         0x080083c0      0x968
                0x080083c0                . = ALIGN (0x4)
 *(.rodata)
 .rodata        0x080083c0        0x8 Drivers/STM32F7xx_HAL_Driver/Src/stm32f7xx_hal_dma.o
 .rodata        0x080083c8      0x314 Src/ax25.o
 .rodata        0x080086dc      0x360 Src/cc_tx_init.o
                0x080088c4                CW_preferredSettings
 .rodata        0x08008a3c       0x18 Src/system_stm32f7xx.o
                0x08008a3c                AHBPrescTable
                0x08008a4c                APBPrescTable
 *(.rodata*)
 .rodata.str1.4
                0x08008a54       0x24 Src/gps.o
                                 0x23 (size before relaxing)
 .rodata._printf_float.str1.1
                0x08008a78       0x12 c:/ac6/systemworkbench/plugins/fr.ac6.mcu.externaltools.arm-none.win32_1.17.0.201812190825/tools/compiler/bin/../lib/gcc/arm-none-eabi/7.3.1/../../../../arm-none-eabi/lib/thumb/v7e-m/fpv5/hard\libc_nano.a(lib_a-nano-vfprintf_float.o)
 .rodata._printf_i.str1.1
                0x08008a8a       0x22 c:/ac6/systemworkbench/plugins/fr.ac6.mcu.externaltools.arm-none.win32_1.17.0.201812190825/tools/compiler/bin/../lib/gcc/arm-none-eabi/7.3.1/../../../../arm-none-eabi/lib/thumb/v7e-m/fpv5/hard\libc_nano.a(lib_a-nano-vfprintf_i.o)
 .rodata._strtod_l.str1.1
                0x08008aac       0x22 c:/ac6/systemworkbench/plugins/fr.ac6.mcu.externaltools.arm-none.win32_1.17.0.201812190825/tools/compiler/bin/../lib/gcc/arm-none-eabi/7.3.1/../../../../arm-none-eabi/lib/thumb/v7e-m/fpv5/hard\libc_nano.a(lib_a-strtod.o)
                                  0xc (size before relaxing)
 .rodata.fpi.7435
                0x08008aac       0x14 c:/ac6/systemworkbench/plugins/fr.ac6.mcu.externaltools.arm-none.win32_1.17.0.201812190825/tools/compiler/bin/../lib/gcc/arm-none-eabi/7.3.1/../../../../arm-none-eabi/lib/thumb/v7e-m/fpv5/hard\libc_nano.a(lib_a-strtod.o)
 .rodata.fpinan.7471
                0x08008ac0       0x14 c:/ac6/systemworkbench/plugins/fr.ac6.mcu.externaltools.arm-none.win32_1.17.0.201812190825/tools/compiler/bin/../lib/gcc/arm-none-eabi/7.3.1/../../../../arm-none-eabi/lib/thumb/v7e-m/fpv5/hard\libc_nano.a(lib_a-strtod.o)
 *fill*         0x08008ad4        0x4 
 .rodata.tinytens
                0x08008ad8       0x28 c:/ac6/systemworkbench/plugins/fr.ac6.mcu.externaltools.arm-none.win32_1.17.0.201812190825/tools/compiler/bin/../lib/gcc/arm-none-eabi/7.3.1/../../../../arm-none-eabi/lib/thumb/v7e-m/fpv5/hard\libc_nano.a(lib_a-strtod.o)
 .rodata._dtoa_r.str1.1
                0x08008b00        0xd c:/ac6/systemworkbench/plugins/fr.ac6.mcu.externaltools.arm-none.win32_1.17.0.201812190825/tools/compiler/bin/../lib/gcc/arm-none-eabi/7.3.1/../../../../arm-none-eabi/lib/thumb/v7e-m/fpv5/hard\libc_nano.a(lib_a-dtoa.o)
                                  0xf (size before relaxing)
 .rodata._setlocale_r.str1.1
                0x08008b0d        0x8 c:/ac6/systemworkbench/plugins/fr.ac6.mcu.externaltools.arm-none.win32_1.17.0.201812190825/tools/compiler/bin/../lib/gcc/arm-none-eabi/7.3.1/../../../../arm-none-eabi/lib/thumb/v7e-m/fpv5/hard\libc_nano.a(lib_a-locale.o)
                                  0x9 (size before relaxing)
 .rodata.str1.1
                0x08008b15        0x2 c:/ac6/systemworkbench/plugins/fr.ac6.mcu.externaltools.arm-none.win32_1.17.0.201812190825/tools/compiler/bin/../lib/gcc/arm-none-eabi/7.3.1/../../../../arm-none-eabi/lib/thumb/v7e-m/fpv5/hard\libc_nano.a(lib_a-locale.o)
 *fill*         0x08008b17        0x1 
 .rodata.__mprec_bigtens
                0x08008b18       0x28 c:/ac6/systemworkbench/plugins/fr.ac6.mcu.externaltools.arm-none.win32_1.17.0.201812190825/tools/compiler/bin/../lib/gcc/arm-none-eabi/7.3.1/../../../../arm-none-eabi/lib/thumb/v7e-m/fpv5/hard\libc_nano.a(lib_a-mprec.o)
                0x08008b18                __mprec_bigtens
 .rodata.__mprec_tens
                0x08008b40       0xc8 c:/ac6/systemworkbench/plugins/fr.ac6.mcu.externaltools.arm-none.win32_1.17.0.201812190825/tools/compiler/bin/../lib/gcc/arm-none-eabi/7.3.1/../../../../arm-none-eabi/lib/thumb/v7e-m/fpv5/hard\libc_nano.a(lib_a-mprec.o)
                0x08008b40                __mprec_tens
 .rodata.p05.7359
                0x08008c08        0xc c:/ac6/systemworkbench/plugins/fr.ac6.mcu.externaltools.arm-none.win32_1.17.0.201812190825/tools/compiler/bin/../lib/gcc/arm-none-eabi/7.3.1/../../../../arm-none-eabi/lib/thumb/v7e-m/fpv5/hard\libc_nano.a(lib_a-mprec.o)
 .rodata._svfprintf_r.str1.1
                0x08008c14       0x11 c:/ac6/systemworkbench/plugins/fr.ac6.mcu.externaltools.arm-none.win32_1.17.0.201812190825/tools/compiler/bin/../lib/gcc/arm-none-eabi/7.3.1/../../../../arm-none-eabi/lib/thumb/v7e-m/fpv5/hard\libc_nano.a(lib_a-nano-svfprintf.o)
 .rodata._ctype_
                0x08008c25      0x101 c:/ac6/systemworkbench/plugins/fr.ac6.mcu.externaltools.arm-none.win32_1.17.0.201812190825/tools/compiler/bin/../lib/gcc/arm-none-eabi/7.3.1/../../../../arm-none-eabi/lib/thumb/v7e-m/fpv5/hard\libc_nano.a(lib_a-ctype_.o)
                0x08008c25                _ctype_
                0x08008d28                . = ALIGN (0x4)
 *fill*         0x08008d26        0x2 

.ARM.extab
 *(.ARM.extab* .gnu.linkonce.armextab.*)

.ARM            0x08008d28        0x8
                0x08008d28                __exidx_start = .
 *(.ARM.exidx*)
 .ARM.exidx     0x08008d28        0x8 c:/ac6/systemworkbench/plugins/fr.ac6.mcu.externaltools.arm-none.win32_1.17.0.201812190825/tools/compiler/bin/../lib/gcc/arm-none-eabi/7.3.1/thumb/v7e-m/fpv5/hard\libgcc.a(_udivmoddi4.o)
                0x08008d30                __exidx_end = .

.rel.dyn        0x08008d30        0x0
 .rel.iplt      0x08008d30        0x0 c:/ac6/systemworkbench/plugins/fr.ac6.mcu.externaltools.arm-none.win32_1.17.0.201812190825/tools/compiler/bin/../lib/gcc/arm-none-eabi/7.3.1/thumb/v7e-m/fpv5/hard/crtbegin.o

.preinit_array  0x08008d30        0x0
                0x08008d30                PROVIDE (__preinit_array_start = .)
 *(.preinit_array*)
                0x08008d30                PROVIDE (__preinit_array_end = .)

.init_array     0x08008d30        0x4
                0x08008d30                PROVIDE (__init_array_start = .)
 *(SORT_BY_NAME(.init_array.*))
 *(.init_array*)
 .init_array    0x08008d30        0x4 c:/ac6/systemworkbench/plugins/fr.ac6.mcu.externaltools.arm-none.win32_1.17.0.201812190825/tools/compiler/bin/../lib/gcc/arm-none-eabi/7.3.1/thumb/v7e-m/fpv5/hard/crtbegin.o
                0x08008d34                PROVIDE (__init_array_end = .)

.fini_array     0x08008d34        0x4
                [!provide]                PROVIDE (__fini_array_start = .)
 *(SORT_BY_NAME(.fini_array.*))
 *(.fini_array*)
 .fini_array    0x08008d34        0x4 c:/ac6/systemworkbench/plugins/fr.ac6.mcu.externaltools.arm-none.win32_1.17.0.201812190825/tools/compiler/bin/../lib/gcc/arm-none-eabi/7.3.1/thumb/v7e-m/fpv5/hard/crtbegin.o
                [!provide]                PROVIDE (__fini_array_end = .)
                0x08008d38                _sidata = LOADADDR (.data)

.data           0x20000000      0x9f4 load address 0x08008d38
                0x20000000                . = ALIGN (0x4)
                0x20000000                _sdata = .
 *(.data)
 .data          0x20000000        0x8 Drivers/STM32F7xx_HAL_Driver/Src/stm32f7xx_hal.o
                0x20000000                uwTickFreq
                0x20000004                uwTickPrio
 .data          0x20000008        0x4 Src/system_stm32f7xx.o
                0x20000008                SystemCoreClock
 .data          0x2000000c      0x818 Src/tx_manager.o
                0x2000000c                LD_status
 *(.data*)
 .data._impure_ptr
                0x20000824        0x4 c:/ac6/systemworkbench/plugins/fr.ac6.mcu.externaltools.arm-none.win32_1.17.0.201812190825/tools/compiler/bin/../lib/gcc/arm-none-eabi/7.3.1/../../../../arm-none-eabi/lib/thumb/v7e-m/fpv5/hard\libc_nano.a(lib_a-impure.o)
                0x20000824                _impure_ptr
 .data.impure_data
                0x20000828       0x60 c:/ac6/systemworkbench/plugins/fr.ac6.mcu.externaltools.arm-none.win32_1.17.0.201812190825/tools/compiler/bin/../lib/gcc/arm-none-eabi/7.3.1/../../../../arm-none-eabi/lib/thumb/v7e-m/fpv5/hard\libc_nano.a(lib_a-impure.o)
 .data.__global_locale
                0x20000888      0x16c c:/ac6/systemworkbench/plugins/fr.ac6.mcu.externaltools.arm-none.win32_1.17.0.201812190825/tools/compiler/bin/../lib/gcc/arm-none-eabi/7.3.1/../../../../arm-none-eabi/lib/thumb/v7e-m/fpv5/hard\libc_nano.a(lib_a-locale.o)
                0x20000888                __global_locale
                0x200009f4                . = ALIGN (0x4)
                0x200009f4                _edata = .

.igot.plt       0x200009f4        0x0 load address 0x0800972c
 .igot.plt      0x200009f4        0x0 c:/ac6/systemworkbench/plugins/fr.ac6.mcu.externaltools.arm-none.win32_1.17.0.201812190825/tools/compiler/bin/../lib/gcc/arm-none-eabi/7.3.1/thumb/v7e-m/fpv5/hard/crtbegin.o
                0x200009f4                . = ALIGN (0x4)

.bss            0x200009f8     0x1718 load address 0x0800972c
                0x200009f8                _sbss = .
                0x200009f8                __bss_start__ = _sbss
 *(.bss)
 .bss           0x200009f8       0x1c c:/ac6/systemworkbench/plugins/fr.ac6.mcu.externaltools.arm-none.win32_1.17.0.201812190825/tools/compiler/bin/../lib/gcc/arm-none-eabi/7.3.1/thumb/v7e-m/fpv5/hard/crtbegin.o
 .bss           0x20000a14      0xd1c Src/ax25.o
                0x20000a14                interm_send_buf
                0x20000b50                tmp_bit_buf
                0x20001530                tmp_buf
 .bss           0x20001730       0x82 Src/cc112x_spi.o
 *fill*         0x200017b2        0x6 
 .bss           0x200017b8      0x180 Src/gps.o
 .bss           0x20001938        0x5 Src/main.o
                0x20001938                rx_thr_flag
                0x20001939                rx_finished_flag
                0x2000193a                rx_sync_flag
                0x2000193b                tx_fin_flag
                0x2000193c                tx_thr_flag
 *fill*         0x2000193d        0x3 
 .bss           0x20001940        0xc Src/sensors.o
 .bss           0x2000194c        0x8 Src/syscalls.o
                0x20001950                __env
 *fill*         0x20001954        0x4 
 .bss           0x20001958       0x30 Src/time_manager.o
                0x20001958                hab_time
                0x20001980                hab_sec
 .bss           0x20001988      0x140 Src/tx_manager.o
 *(.bss*)
 .bss.__malloc_free_list
                0x20001ac8        0x4 c:/ac6/systemworkbench/plugins/fr.ac6.mcu.externaltools.arm-none.win32_1.17.0.201812190825/tools/compiler/bin/../lib/gcc/arm-none-eabi/7.3.1/../../../../arm-none-eabi/lib/thumb/v7e-m/fpv5/hard\libc_nano.a(lib_a-nano-mallocr.o)
                0x20001ac8                __malloc_free_list
 .bss.__malloc_sbrk_start
                0x20001acc        0x4 c:/ac6/systemworkbench/plugins/fr.ac6.mcu.externaltools.arm-none.win32_1.17.0.201812190825/tools/compiler/bin/../lib/gcc/arm-none-eabi/7.3.1/../../../../arm-none-eabi/lib/thumb/v7e-m/fpv5/hard\libc_nano.a(lib_a-nano-mallocr.o)
                0x20001acc                __malloc_sbrk_start
 *(COMMON)
 COMMON         0x20001ad0        0x4 Drivers/STM32F7xx_HAL_Driver/Src/stm32f7xx_hal.o
                0x20001ad0                uwTick
 COMMON         0x20001ad4       0x14 Src/ax25.o
                0x20001ad4                h_scrabler
 COMMON         0x20001ae8      0x290 Src/gps.o
                0x20001ae8                vsi_flag
                0x20001aec                gps_parser
                0x20001c38                old_alt
                0x20001c40                gps_flag
                0x20001c44                gps_buffer
                0x20001c98                gps_state
                0x20001d00                gps_sentence
                0x20001d50                avg_alt
                0x20001d58                hrtc
 COMMON         0x20001d78      0x391 Src/main.o
                0x20001d78                hi2c1
                0x20001dc4                camTick0
                0x20001dc8                hi2c2
                0x20001e14                hspi3
                0x20001e78                huart5
                0x20001ef8                IDS_flag
                0x20001efc                camTick1
                0x20001f00                PI_flag
                0x20001f04                htim1
                0x20001f44                huart4
                0x20001fc4                hspi1
                0x20002028                huart2
                0x200020a8                hdma_spi1_tx
                0x20002108                DUO_flag
 *fill*         0x20002109        0x3 
 COMMON         0x2000210c        0x4 c:/ac6/systemworkbench/plugins/fr.ac6.mcu.externaltools.arm-none.win32_1.17.0.201812190825/tools/compiler/bin/../lib/gcc/arm-none-eabi/7.3.1/../../../../arm-none-eabi/lib/thumb/v7e-m/fpv5/hard\libc_nano.a(lib_a-reent.o)
                0x2000210c                errno
                0x20002110                . = ALIGN (0x4)
                0x20002110                _ebss = .
                0x20002110                __bss_end__ = _ebss

._user_heap_stack
                0x20002110      0x600 load address 0x0800972c
                0x20002110                . = ALIGN (0x8)
                0x20002110                PROVIDE (end = .)
                [!provide]                PROVIDE (_end = .)
                0x20002310                . = (. + _Min_Heap_Size)
 *fill*         0x20002110      0x200 
                0x20002710                . = (. + _Min_Stack_Size)
 *fill*         0x20002310      0x400 
                0x20002710                . = ALIGN (0x8)

/DISCARD/
 libc.a(*)
 libm.a(*)
 libgcc.a(*)

.ARM.attributes
                0x00000000       0x2e
 *(.ARM.attributes)
 .ARM.attributes
                0x00000000       0x20 c:/ac6/systemworkbench/plugins/fr.ac6.mcu.externaltools.arm-none.win32_1.17.0.201812190825/tools/compiler/bin/../lib/gcc/arm-none-eabi/7.3.1/thumb/v7e-m/fpv5/hard/crti.o
 .ARM.attributes
                0x00000020       0x32 c:/ac6/systemworkbench/plugins/fr.ac6.mcu.externaltools.arm-none.win32_1.17.0.201812190825/tools/compiler/bin/../lib/gcc/arm-none-eabi/7.3.1/thumb/v7e-m/fpv5/hard/crtbegin.o
 .ARM.attributes
                0x00000052       0x37 Drivers/STM32F7xx_HAL_Driver/Src/stm32f7xx_hal.o
 .ARM.attributes
                0x00000089       0x37 Drivers/STM32F7xx_HAL_Driver/Src/stm32f7xx_hal_cortex.o
 .ARM.attributes
                0x000000c0       0x37 Drivers/STM32F7xx_HAL_Driver/Src/stm32f7xx_hal_dma.o
 .ARM.attributes
                0x000000f7       0x37 Drivers/STM32F7xx_HAL_Driver/Src/stm32f7xx_hal_gpio.o
 .ARM.attributes
                0x0000012e       0x37 Drivers/STM32F7xx_HAL_Driver/Src/stm32f7xx_hal_i2c.o
 .ARM.attributes
                0x00000165       0x37 Drivers/STM32F7xx_HAL_Driver/Src/stm32f7xx_hal_i2c_ex.o
 .ARM.attributes
                0x0000019c       0x37 Drivers/STM32F7xx_HAL_Driver/Src/stm32f7xx_hal_rcc.o
 .ARM.attributes
                0x000001d3       0x37 Drivers/STM32F7xx_HAL_Driver/Src/stm32f7xx_hal_rcc_ex.o
 .ARM.attributes
                0x0000020a       0x37 Drivers/STM32F7xx_HAL_Driver/Src/stm32f7xx_hal_rtc.o
 .ARM.attributes
                0x00000241       0x37 Drivers/STM32F7xx_HAL_Driver/Src/stm32f7xx_hal_spi.o
 .ARM.attributes
                0x00000278       0x37 Drivers/STM32F7xx_HAL_Driver/Src/stm32f7xx_hal_uart.o
 .ARM.attributes
                0x000002af       0x37 Src/ax25.o
 .ARM.attributes
                0x000002e6       0x37 Src/cc112x_spi.o
 .ARM.attributes
                0x0000031d       0x37 Src/cc_tx_init.o
 .ARM.attributes
                0x00000354       0x37 Src/gps.o
 .ARM.attributes
                0x0000038b       0x37 Src/lfsr.o
 .ARM.attributes
                0x000003c2       0x37 Src/main.o
 .ARM.attributes
                0x000003f9       0x37 Src/scrambler.o
 .ARM.attributes
                0x00000430       0x37 Src/sensors.o
 .ARM.attributes
                0x00000467       0x37 Src/stm32f7xx_hal_msp.o
 .ARM.attributes
                0x0000049e       0x37 Src/stm32f7xx_it.o
 .ARM.attributes
                0x000004d5       0x37 Src/syscalls.o
 .ARM.attributes
                0x0000050c       0x37 Src/system_stm32f7xx.o
 .ARM.attributes
                0x00000543       0x37 Src/time_manager.o
 .ARM.attributes
                0x0000057a       0x37 Src/tx_manager.o
 .ARM.attributes
                0x000005b1       0x21 startup/startup_stm32f767xx.o
 .ARM.attributes
                0x000005d2       0x20 c:/ac6/systemworkbench/plugins/fr.ac6.mcu.externaltools.arm-none.win32_1.17.0.201812190825/tools/compiler/bin/../lib/gcc/arm-none-eabi/7.3.1/thumb/v7e-m/fpv5/hard\libgcc.a(_aeabi_uldivmod.o)
 .ARM.attributes
                0x000005f2       0x32 c:/ac6/systemworkbench/plugins/fr.ac6.mcu.externaltools.arm-none.win32_1.17.0.201812190825/tools/compiler/bin/../lib/gcc/arm-none-eabi/7.3.1/thumb/v7e-m/fpv5/hard\libgcc.a(_udivmoddi4.o)
 .ARM.attributes
                0x00000624       0x20 c:/ac6/systemworkbench/plugins/fr.ac6.mcu.externaltools.arm-none.win32_1.17.0.201812190825/tools/compiler/bin/../lib/gcc/arm-none-eabi/7.3.1/thumb/v7e-m/fpv5/hard\libgcc.a(_dvmd_tls.o)
 .ARM.attributes
                0x00000644       0x32 c:/ac6/systemworkbench/plugins/fr.ac6.mcu.externaltools.arm-none.win32_1.17.0.201812190825/tools/compiler/bin/../lib/gcc/arm-none-eabi/7.3.1/../../../../arm-none-eabi/lib/thumb/v7e-m/fpv5/hard\libc_nano.a(lib_a-errno.o)
 .ARM.attributes
                0x00000676       0x32 c:/ac6/systemworkbench/plugins/fr.ac6.mcu.externaltools.arm-none.win32_1.17.0.201812190825/tools/compiler/bin/../lib/gcc/arm-none-eabi/7.3.1/../../../../arm-none-eabi/lib/thumb/v7e-m/fpv5/hard\libc_nano.a(lib_a-impure.o)
 .ARM.attributes
                0x000006a8       0x32 c:/ac6/systemworkbench/plugins/fr.ac6.mcu.externaltools.arm-none.win32_1.17.0.201812190825/tools/compiler/bin/../lib/gcc/arm-none-eabi/7.3.1/../../../../arm-none-eabi/lib/thumb/v7e-m/fpv5/hard\libc_nano.a(lib_a-init.o)
 .ARM.attributes
                0x000006da       0x32 c:/ac6/systemworkbench/plugins/fr.ac6.mcu.externaltools.arm-none.win32_1.17.0.201812190825/tools/compiler/bin/../lib/gcc/arm-none-eabi/7.3.1/../../../../arm-none-eabi/lib/thumb/v7e-m/fpv5/hard\libc_nano.a(lib_a-memcpy-stub.o)
 .ARM.attributes
                0x0000070c       0x32 c:/ac6/systemworkbench/plugins/fr.ac6.mcu.externaltools.arm-none.win32_1.17.0.201812190825/tools/compiler/bin/../lib/gcc/arm-none-eabi/7.3.1/../../../../arm-none-eabi/lib/thumb/v7e-m/fpv5/hard\libc_nano.a(lib_a-memset.o)
 .ARM.attributes
                0x0000073e       0x32 c:/ac6/systemworkbench/plugins/fr.ac6.mcu.externaltools.arm-none.win32_1.17.0.201812190825/tools/compiler/bin/../lib/gcc/arm-none-eabi/7.3.1/../../../../arm-none-eabi/lib/thumb/v7e-m/fpv5/hard\libc_nano.a(lib_a-nano-vfprintf_float.o)
 .ARM.attributes
                0x00000770       0x32 c:/ac6/systemworkbench/plugins/fr.ac6.mcu.externaltools.arm-none.win32_1.17.0.201812190825/tools/compiler/bin/../lib/gcc/arm-none-eabi/7.3.1/../../../../arm-none-eabi/lib/thumb/v7e-m/fpv5/hard\libc_nano.a(lib_a-nano-vfprintf_i.o)
 .ARM.attributes
                0x000007a2       0x32 c:/ac6/systemworkbench/plugins/fr.ac6.mcu.externaltools.arm-none.win32_1.17.0.201812190825/tools/compiler/bin/../lib/gcc/arm-none-eabi/7.3.1/../../../../arm-none-eabi/lib/thumb/v7e-m/fpv5/hard\libc_nano.a(lib_a-snprintf.o)
 .ARM.attributes
                0x000007d4       0x32 c:/ac6/systemworkbench/plugins/fr.ac6.mcu.externaltools.arm-none.win32_1.17.0.201812190825/tools/compiler/bin/../lib/gcc/arm-none-eabi/7.3.1/../../../../arm-none-eabi/lib/thumb/v7e-m/fpv5/hard\libc_nano.a(lib_a-strcat.o)
 .ARM.attributes
                0x00000806       0x19 c:/ac6/systemworkbench/plugins/fr.ac6.mcu.externaltools.arm-none.win32_1.17.0.201812190825/tools/compiler/bin/../lib/gcc/arm-none-eabi/7.3.1/../../../../arm-none-eabi/lib/thumb/v7e-m/fpv5/hard\libc_nano.a(lib_a-strlen.o)
 .ARM.attributes
                0x0000081f       0x32 c:/ac6/systemworkbench/plugins/fr.ac6.mcu.externaltools.arm-none.win32_1.17.0.201812190825/tools/compiler/bin/../lib/gcc/arm-none-eabi/7.3.1/../../../../arm-none-eabi/lib/thumb/v7e-m/fpv5/hard\libc_nano.a(lib_a-strncat.o)
 .ARM.attributes
                0x00000851       0x32 c:/ac6/systemworkbench/plugins/fr.ac6.mcu.externaltools.arm-none.win32_1.17.0.201812190825/tools/compiler/bin/../lib/gcc/arm-none-eabi/7.3.1/../../../../arm-none-eabi/lib/thumb/v7e-m/fpv5/hard\libc_nano.a(lib_a-strncmp.o)
 .ARM.attributes
                0x00000883       0x32 c:/ac6/systemworkbench/plugins/fr.ac6.mcu.externaltools.arm-none.win32_1.17.0.201812190825/tools/compiler/bin/../lib/gcc/arm-none-eabi/7.3.1/../../../../arm-none-eabi/lib/thumb/v7e-m/fpv5/hard\libc_nano.a(lib_a-strncpy.o)
 .ARM.attributes
                0x000008b5       0x32 c:/ac6/systemworkbench/plugins/fr.ac6.mcu.externaltools.arm-none.win32_1.17.0.201812190825/tools/compiler/bin/../lib/gcc/arm-none-eabi/7.3.1/../../../../arm-none-eabi/lib/thumb/v7e-m/fpv5/hard\libc_nano.a(lib_a-strnlen.o)
 .ARM.attributes
                0x000008e7       0x32 c:/ac6/systemworkbench/plugins/fr.ac6.mcu.externaltools.arm-none.win32_1.17.0.201812190825/tools/compiler/bin/../lib/gcc/arm-none-eabi/7.3.1/../../../../arm-none-eabi/lib/thumb/v7e-m/fpv5/hard\libc_nano.a(lib_a-strtod.o)
 .ARM.attributes
                0x00000919       0x32 c:/ac6/systemworkbench/plugins/fr.ac6.mcu.externaltools.arm-none.win32_1.17.0.201812190825/tools/compiler/bin/../lib/gcc/arm-none-eabi/7.3.1/../../../../arm-none-eabi/lib/thumb/v7e-m/fpv5/hard\libc_nano.a(lib_a-strtol.o)
 .ARM.attributes
                0x0000094b       0x32 c:/ac6/systemworkbench/plugins/fr.ac6.mcu.externaltools.arm-none.win32_1.17.0.201812190825/tools/compiler/bin/../lib/gcc/arm-none-eabi/7.3.1/../../../../arm-none-eabi/lib/thumb/v7e-m/fpv5/hard\libc_nano.a(lib_a-dtoa.o)
 .ARM.attributes
                0x0000097d       0x32 c:/ac6/systemworkbench/plugins/fr.ac6.mcu.externaltools.arm-none.win32_1.17.0.201812190825/tools/compiler/bin/../lib/gcc/arm-none-eabi/7.3.1/../../../../arm-none-eabi/lib/thumb/v7e-m/fpv5/hard\libc_nano.a(lib_a-gdtoa-gethex.o)
 .ARM.attributes
                0x000009af       0x32 c:/ac6/systemworkbench/plugins/fr.ac6.mcu.externaltools.arm-none.win32_1.17.0.201812190825/tools/compiler/bin/../lib/gcc/arm-none-eabi/7.3.1/../../../../arm-none-eabi/lib/thumb/v7e-m/fpv5/hard\libc_nano.a(lib_a-gdtoa-hexnan.o)
 .ARM.attributes
                0x000009e1       0x32 c:/ac6/systemworkbench/plugins/fr.ac6.mcu.externaltools.arm-none.win32_1.17.0.201812190825/tools/compiler/bin/../lib/gcc/arm-none-eabi/7.3.1/../../../../arm-none-eabi/lib/thumb/v7e-m/fpv5/hard\libc_nano.a(lib_a-locale.o)
 .ARM.attributes
                0x00000a13       0x32 c:/ac6/systemworkbench/plugins/fr.ac6.mcu.externaltools.arm-none.win32_1.17.0.201812190825/tools/compiler/bin/../lib/gcc/arm-none-eabi/7.3.1/../../../../arm-none-eabi/lib/thumb/v7e-m/fpv5/hard\libc_nano.a(lib_a-localeconv.o)
 .ARM.attributes
                0x00000a45       0x32 c:/ac6/systemworkbench/plugins/fr.ac6.mcu.externaltools.arm-none.win32_1.17.0.201812190825/tools/compiler/bin/../lib/gcc/arm-none-eabi/7.3.1/../../../../arm-none-eabi/lib/thumb/v7e-m/fpv5/hard\libc_nano.a(lib_a-malloc.o)
 .ARM.attributes
                0x00000a77       0x32 c:/ac6/systemworkbench/plugins/fr.ac6.mcu.externaltools.arm-none.win32_1.17.0.201812190825/tools/compiler/bin/../lib/gcc/arm-none-eabi/7.3.1/../../../../arm-none-eabi/lib/thumb/v7e-m/fpv5/hard\libc_nano.a(lib_a-mbtowc_r.o)
 .ARM.attributes
                0x00000aa9       0x1e c:/ac6/systemworkbench/plugins/fr.ac6.mcu.externaltools.arm-none.win32_1.17.0.201812190825/tools/compiler/bin/../lib/gcc/arm-none-eabi/7.3.1/../../../../arm-none-eabi/lib/thumb/v7e-m/fpv5/hard\libc_nano.a(lib_a-memchr.o)
 .ARM.attributes
                0x00000ac7       0x32 c:/ac6/systemworkbench/plugins/fr.ac6.mcu.externaltools.arm-none.win32_1.17.0.201812190825/tools/compiler/bin/../lib/gcc/arm-none-eabi/7.3.1/../../../../arm-none-eabi/lib/thumb/v7e-m/fpv5/hard\libc_nano.a(lib_a-mprec.o)
 .ARM.attributes
                0x00000af9       0x32 c:/ac6/systemworkbench/plugins/fr.ac6.mcu.externaltools.arm-none.win32_1.17.0.201812190825/tools/compiler/bin/../lib/gcc/arm-none-eabi/7.3.1/../../../../arm-none-eabi/lib/thumb/v7e-m/fpv5/hard\libc_nano.a(lib_a-nano-callocr.o)
 .ARM.attributes
                0x00000b2b       0x32 c:/ac6/systemworkbench/plugins/fr.ac6.mcu.externaltools.arm-none.win32_1.17.0.201812190825/tools/compiler/bin/../lib/gcc/arm-none-eabi/7.3.1/../../../../arm-none-eabi/lib/thumb/v7e-m/fpv5/hard\libc_nano.a(lib_a-nano-freer.o)
 .ARM.attributes
                0x00000b5d       0x32 c:/ac6/systemworkbench/plugins/fr.ac6.mcu.externaltools.arm-none.win32_1.17.0.201812190825/tools/compiler/bin/../lib/gcc/arm-none-eabi/7.3.1/../../../../arm-none-eabi/lib/thumb/v7e-m/fpv5/hard\libc_nano.a(lib_a-nano-mallocr.o)
 .ARM.attributes
                0x00000b8f       0x32 c:/ac6/systemworkbench/plugins/fr.ac6.mcu.externaltools.arm-none.win32_1.17.0.201812190825/tools/compiler/bin/../lib/gcc/arm-none-eabi/7.3.1/../../../../arm-none-eabi/lib/thumb/v7e-m/fpv5/hard\libc_nano.a(lib_a-nano-svfprintf.o)
 .ARM.attributes
                0x00000bc1       0x32 c:/ac6/systemworkbench/plugins/fr.ac6.mcu.externaltools.arm-none.win32_1.17.0.201812190825/tools/compiler/bin/../lib/gcc/arm-none-eabi/7.3.1/../../../../arm-none-eabi/lib/thumb/v7e-m/fpv5/hard\libc_nano.a(lib_a-sbrkr.o)
 .ARM.attributes
                0x00000bf3       0x32 c:/ac6/systemworkbench/plugins/fr.ac6.mcu.externaltools.arm-none.win32_1.17.0.201812190825/tools/compiler/bin/../lib/gcc/arm-none-eabi/7.3.1/../../../../arm-none-eabi/lib/thumb/v7e-m/fpv5/hard\libc_nano.a(lib_a-sf_nan.o)
 .ARM.attributes
                0x00000c25       0x32 c:/ac6/systemworkbench/plugins/fr.ac6.mcu.externaltools.arm-none.win32_1.17.0.201812190825/tools/compiler/bin/../lib/gcc/arm-none-eabi/7.3.1/../../../../arm-none-eabi/lib/thumb/v7e-m/fpv5/hard\libc_nano.a(lib_a-wctomb_r.o)
 .ARM.attributes
                0x00000c57       0x32 c:/ac6/systemworkbench/plugins/fr.ac6.mcu.externaltools.arm-none.win32_1.17.0.201812190825/tools/compiler/bin/../lib/gcc/arm-none-eabi/7.3.1/../../../../arm-none-eabi/lib/thumb/v7e-m/fpv5/hard\libc_nano.a(lib_a-ctype_.o)
 .ARM.attributes
                0x00000c89       0x32 c:/ac6/systemworkbench/plugins/fr.ac6.mcu.externaltools.arm-none.win32_1.17.0.201812190825/tools/compiler/bin/../lib/gcc/arm-none-eabi/7.3.1/../../../../arm-none-eabi/lib/thumb/v7e-m/fpv5/hard\libc_nano.a(lib_a-memmove.o)
 .ARM.attributes
                0x00000cbb       0x32 c:/ac6/systemworkbench/plugins/fr.ac6.mcu.externaltools.arm-none.win32_1.17.0.201812190825/tools/compiler/bin/../lib/gcc/arm-none-eabi/7.3.1/../../../../arm-none-eabi/lib/thumb/v7e-m/fpv5/hard\libc_nano.a(lib_a-mlock.o)
 .ARM.attributes
                0x00000ced       0x32 c:/ac6/systemworkbench/plugins/fr.ac6.mcu.externaltools.arm-none.win32_1.17.0.201812190825/tools/compiler/bin/../lib/gcc/arm-none-eabi/7.3.1/../../../../arm-none-eabi/lib/thumb/v7e-m/fpv5/hard\libc_nano.a(lib_a-nano-reallocr.o)
 .ARM.attributes
                0x00000d1f       0x32 c:/ac6/systemworkbench/plugins/fr.ac6.mcu.externaltools.arm-none.win32_1.17.0.201812190825/tools/compiler/bin/../lib/gcc/arm-none-eabi/7.3.1/../../../../arm-none-eabi/lib/thumb/v7e-m/fpv5/hard\libc_nano.a(lib_a-reent.o)
 .ARM.attributes
                0x00000d51       0x32 c:/ac6/systemworkbench/plugins/fr.ac6.mcu.externaltools.arm-none.win32_1.17.0.201812190825/tools/compiler/bin/../lib/gcc/arm-none-eabi/7.3.1/../../../../arm-none-eabi/lib/thumb/v7e-m/fpv5/hard\libc_nano.a(lib_a-nano-msizer.o)
 .ARM.attributes
                0x00000d83       0x20 c:/ac6/systemworkbench/plugins/fr.ac6.mcu.externaltools.arm-none.win32_1.17.0.201812190825/tools/compiler/bin/../lib/gcc/arm-none-eabi/7.3.1/thumb/v7e-m/fpv5/hard/crtn.o
OUTPUT(HABv1.elf elf32-littlearm)

.debug_info     0x00000000    0x203e3
 .debug_info    0x00000000      0xaf2 Drivers/STM32F7xx_HAL_Driver/Src/stm32f7xx_hal.o
 .debug_info    0x00000af2     0x11f0 Drivers/STM32F7xx_HAL_Driver/Src/stm32f7xx_hal_cortex.o
 .debug_info    0x00001ce2      0xaaf Drivers/STM32F7xx_HAL_Driver/Src/stm32f7xx_hal_dma.o
 .debug_info    0x00002791      0x7f6 Drivers/STM32F7xx_HAL_Driver/Src/stm32f7xx_hal_gpio.o
 .debug_info    0x00002f87     0x397d Drivers/STM32F7xx_HAL_Driver/Src/stm32f7xx_hal_i2c.o
 .debug_info    0x00006904      0xa02 Drivers/STM32F7xx_HAL_Driver/Src/stm32f7xx_hal_i2c_ex.o
 .debug_info    0x00007306      0xb9e Drivers/STM32F7xx_HAL_Driver/Src/stm32f7xx_hal_rcc.o
 .debug_info    0x00007ea4      0x8c9 Drivers/STM32F7xx_HAL_Driver/Src/stm32f7xx_hal_rcc_ex.o
 .debug_info    0x0000876d      0xf08 Drivers/STM32F7xx_HAL_Driver/Src/stm32f7xx_hal_rtc.o
 .debug_info    0x00009675     0x1e9d Drivers/STM32F7xx_HAL_Driver/Src/stm32f7xx_hal_spi.o
 .debug_info    0x0000b512     0x1ccc Drivers/STM32F7xx_HAL_Driver/Src/stm32f7xx_hal_uart.o
 .debug_info    0x0000d1de     0x1aa4 Src/ax25.o
 .debug_info    0x0000ec82     0x1fa7 Src/cc112x_spi.o
 .debug_info    0x00010c29      0xeeb Src/cc_tx_init.o
 .debug_info    0x00011b14     0x2814 Src/gps.o
 .debug_info    0x00014328      0x82c Src/lfsr.o
 .debug_info    0x00014b54     0x3628 Src/main.o
 .debug_info    0x0001817c     0x10d2 Src/scrambler.o
 .debug_info    0x0001924e     0x1386 Src/sensors.o
 .debug_info    0x0001a5d4     0x1f8c Src/stm32f7xx_hal_msp.o
 .debug_info    0x0001c560      0x7fc Src/stm32f7xx_it.o
 .debug_info    0x0001cd5c      0xfd3 Src/syscalls.o
 .debug_info    0x0001dd2f      0x742 Src/system_stm32f7xx.o
 .debug_info    0x0001e471      0xb71 Src/time_manager.o
 .debug_info    0x0001efe2     0x13df Src/tx_manager.o
 .debug_info    0x000203c1       0x22 startup/startup_stm32f767xx.o

.debug_abbrev   0x00000000     0x3e89
 .debug_abbrev  0x00000000      0x1ed Drivers/STM32F7xx_HAL_Driver/Src/stm32f7xx_hal.o
 .debug_abbrev  0x000001ed      0x328 Drivers/STM32F7xx_HAL_Driver/Src/stm32f7xx_hal_cortex.o
 .debug_abbrev  0x00000515      0x290 Drivers/STM32F7xx_HAL_Driver/Src/stm32f7xx_hal_dma.o
 .debug_abbrev  0x000007a5      0x1e7 Drivers/STM32F7xx_HAL_Driver/Src/stm32f7xx_hal_gpio.o
 .debug_abbrev  0x0000098c      0x26e Drivers/STM32F7xx_HAL_Driver/Src/stm32f7xx_hal_i2c.o
 .debug_abbrev  0x00000bfa      0x1aa Drivers/STM32F7xx_HAL_Driver/Src/stm32f7xx_hal_i2c_ex.o
 .debug_abbrev  0x00000da4      0x296 Drivers/STM32F7xx_HAL_Driver/Src/stm32f7xx_hal_rcc.o
 .debug_abbrev  0x0000103a      0x1de Drivers/STM32F7xx_HAL_Driver/Src/stm32f7xx_hal_rcc_ex.o
 .debug_abbrev  0x00001218      0x1f9 Drivers/STM32F7xx_HAL_Driver/Src/stm32f7xx_hal_rtc.o
 .debug_abbrev  0x00001411      0x249 Drivers/STM32F7xx_HAL_Driver/Src/stm32f7xx_hal_spi.o
 .debug_abbrev  0x0000165a      0x24d Drivers/STM32F7xx_HAL_Driver/Src/stm32f7xx_hal_uart.o
 .debug_abbrev  0x000018a7      0x3d2 Src/ax25.o
 .debug_abbrev  0x00001c79      0x3c1 Src/cc112x_spi.o
 .debug_abbrev  0x0000203a      0x298 Src/cc_tx_init.o
 .debug_abbrev  0x000022d2      0x44d Src/gps.o
 .debug_abbrev  0x0000271f      0x124 Src/lfsr.o
 .debug_abbrev  0x00002843      0x37b Src/main.o
 .debug_abbrev  0x00002bbe      0x240 Src/scrambler.o
 .debug_abbrev  0x00002dfe      0x31c Src/sensors.o
 .debug_abbrev  0x0000311a      0x258 Src/stm32f7xx_hal_msp.o
 .debug_abbrev  0x00003372      0x1b4 Src/stm32f7xx_it.o
 .debug_abbrev  0x00003526      0x2d4 Src/syscalls.o
 .debug_abbrev  0x000037fa      0x147 Src/system_stm32f7xx.o
 .debug_abbrev  0x00003941      0x231 Src/time_manager.o
 .debug_abbrev  0x00003b72      0x305 Src/tx_manager.o
 .debug_abbrev  0x00003e77       0x12 startup/startup_stm32f767xx.o

.debug_loc      0x00000000     0xda1a
 .debug_loc     0x00000000      0x11b Drivers/STM32F7xx_HAL_Driver/Src/stm32f7xx_hal.o
 .debug_loc     0x0000011b      0x5c0 Drivers/STM32F7xx_HAL_Driver/Src/stm32f7xx_hal_cortex.o
 .debug_loc     0x000006db      0xbc6 Drivers/STM32F7xx_HAL_Driver/Src/stm32f7xx_hal_dma.o
 .debug_loc     0x000012a1      0x481 Drivers/STM32F7xx_HAL_Driver/Src/stm32f7xx_hal_gpio.o
 .debug_loc     0x00001722     0x4580 Drivers/STM32F7xx_HAL_Driver/Src/stm32f7xx_hal_i2c.o
 .debug_loc     0x00005ca2      0x15e Drivers/STM32F7xx_HAL_Driver/Src/stm32f7xx_hal_i2c_ex.o
 .debug_loc     0x00005e00      0x4f8 Drivers/STM32F7xx_HAL_Driver/Src/stm32f7xx_hal_rcc.o
 .debug_loc     0x000062f8      0x5fc Drivers/STM32F7xx_HAL_Driver/Src/stm32f7xx_hal_rcc_ex.o
 .debug_loc     0x000068f4      0xb64 Drivers/STM32F7xx_HAL_Driver/Src/stm32f7xx_hal_rtc.o
 .debug_loc     0x00007458     0x19ee Drivers/STM32F7xx_HAL_Driver/Src/stm32f7xx_hal_spi.o
 .debug_loc     0x00008e46     0x18a2 Drivers/STM32F7xx_HAL_Driver/Src/stm32f7xx_hal_uart.o
 .debug_loc     0x0000a6e8      0xd3f Src/ax25.o
 .debug_loc     0x0000b427      0x53f Src/cc112x_spi.o
 .debug_loc     0x0000b966       0xc4 Src/cc_tx_init.o
 .debug_loc     0x0000ba2a      0x70e Src/gps.o
 .debug_loc     0x0000c138      0x4ba Src/lfsr.o
 .debug_loc     0x0000c5f2      0x76e Src/scrambler.o
 .debug_loc     0x0000cd60       0x49 Src/sensors.o
 .debug_loc     0x0000cda9      0x25b Src/stm32f7xx_hal_msp.o
 .debug_loc     0x0000d004      0x3af Src/syscalls.o
 .debug_loc     0x0000d3b3      0x13e Src/system_stm32f7xx.o
 .debug_loc     0x0000d4f1      0x399 Src/time_manager.o
 .debug_loc     0x0000d88a      0x190 Src/tx_manager.o

.debug_aranges  0x00000000     0x1018
 .debug_aranges
                0x00000000      0x110 Drivers/STM32F7xx_HAL_Driver/Src/stm32f7xx_hal.o
 .debug_aranges
                0x00000110       0xa8 Drivers/STM32F7xx_HAL_Driver/Src/stm32f7xx_hal_cortex.o
 .debug_aranges
                0x000001b8       0x90 Drivers/STM32F7xx_HAL_Driver/Src/stm32f7xx_hal_dma.o
 .debug_aranges
                0x00000248       0x58 Drivers/STM32F7xx_HAL_Driver/Src/stm32f7xx_hal_gpio.o
 .debug_aranges
                0x000002a0      0x288 Drivers/STM32F7xx_HAL_Driver/Src/stm32f7xx_hal_i2c.o
 .debug_aranges
                0x00000528       0x38 Drivers/STM32F7xx_HAL_Driver/Src/stm32f7xx_hal_i2c_ex.o
 .debug_aranges
                0x00000560       0x88 Drivers/STM32F7xx_HAL_Driver/Src/stm32f7xx_hal_rcc.o
 .debug_aranges
                0x000005e8       0x50 Drivers/STM32F7xx_HAL_Driver/Src/stm32f7xx_hal_rcc_ex.o
 .debug_aranges
                0x00000638       0xb8 Drivers/STM32F7xx_HAL_Driver/Src/stm32f7xx_hal_rtc.o
 .debug_aranges
                0x000006f0      0x1d8 Drivers/STM32F7xx_HAL_Driver/Src/stm32f7xx_hal_spi.o
 .debug_aranges
                0x000008c8      0x218 Drivers/STM32F7xx_HAL_Driver/Src/stm32f7xx_hal_uart.o
 .debug_aranges
                0x00000ae0       0x78 Src/ax25.o
 .debug_aranges
                0x00000b58       0x40 Src/cc112x_spi.o
 .debug_aranges
                0x00000b98       0x28 Src/cc_tx_init.o
 .debug_aranges
                0x00000bc0       0x80 Src/gps.o
 .debug_aranges
                0x00000c40       0x40 Src/lfsr.o
 .debug_aranges
                0x00000c80       0x78 Src/main.o
 .debug_aranges
                0x00000cf8       0x68 Src/scrambler.o
 .debug_aranges
                0x00000d60       0x40 Src/sensors.o
 .debug_aranges
                0x00000da0       0x78 Src/stm32f7xx_hal_msp.o
 .debug_aranges
                0x00000e18       0x70 Src/stm32f7xx_it.o
 .debug_aranges
                0x00000e88       0xb0 Src/syscalls.o
 .debug_aranges
                0x00000f38       0x28 Src/system_stm32f7xx.o
 .debug_aranges
                0x00000f60       0x60 Src/time_manager.o
 .debug_aranges
                0x00000fc0       0x30 Src/tx_manager.o
 .debug_aranges
                0x00000ff0       0x28 startup/startup_stm32f767xx.o

.debug_ranges   0x00000000      0xf30
 .debug_ranges  0x00000000      0x100 Drivers/STM32F7xx_HAL_Driver/Src/stm32f7xx_hal.o
 .debug_ranges  0x00000100       0xf8 Drivers/STM32F7xx_HAL_Driver/Src/stm32f7xx_hal_cortex.o
 .debug_ranges  0x000001f8       0x80 Drivers/STM32F7xx_HAL_Driver/Src/stm32f7xx_hal_dma.o
 .debug_ranges  0x00000278       0x48 Drivers/STM32F7xx_HAL_Driver/Src/stm32f7xx_hal_gpio.o
 .debug_ranges  0x000002c0      0x278 Drivers/STM32F7xx_HAL_Driver/Src/stm32f7xx_hal_i2c.o
 .debug_ranges  0x00000538       0x28 Drivers/STM32F7xx_HAL_Driver/Src/stm32f7xx_hal_i2c_ex.o
 .debug_ranges  0x00000560       0x78 Drivers/STM32F7xx_HAL_Driver/Src/stm32f7xx_hal_rcc.o
 .debug_ranges  0x000005d8       0x40 Drivers/STM32F7xx_HAL_Driver/Src/stm32f7xx_hal_rcc_ex.o
 .debug_ranges  0x00000618       0xa8 Drivers/STM32F7xx_HAL_Driver/Src/stm32f7xx_hal_rtc.o
 .debug_ranges  0x000006c0      0x1c8 Drivers/STM32F7xx_HAL_Driver/Src/stm32f7xx_hal_spi.o
 .debug_ranges  0x00000888      0x208 Drivers/STM32F7xx_HAL_Driver/Src/stm32f7xx_hal_uart.o
 .debug_ranges  0x00000a90       0x80 Src/ax25.o
 .debug_ranges  0x00000b10       0x30 Src/cc112x_spi.o
 .debug_ranges  0x00000b40       0x18 Src/cc_tx_init.o
 .debug_ranges  0x00000b58       0xa8 Src/gps.o
 .debug_ranges  0x00000c00       0x30 Src/lfsr.o
 .debug_ranges  0x00000c30       0x68 Src/main.o
 .debug_ranges  0x00000c98       0x58 Src/scrambler.o
 .debug_ranges  0x00000cf0       0x30 Src/sensors.o
 .debug_ranges  0x00000d20       0x68 Src/stm32f7xx_hal_msp.o
 .debug_ranges  0x00000d88       0x60 Src/stm32f7xx_it.o
 .debug_ranges  0x00000de8       0xa0 Src/syscalls.o
 .debug_ranges  0x00000e88       0x18 Src/system_stm32f7xx.o
 .debug_ranges  0x00000ea0       0x50 Src/time_manager.o
 .debug_ranges  0x00000ef0       0x20 Src/tx_manager.o
 .debug_ranges  0x00000f10       0x20 startup/startup_stm32f767xx.o

.debug_macro    0x00000000    0x2c0e7
 .debug_macro   0x00000000      0x235 Drivers/STM32F7xx_HAL_Driver/Src/stm32f7xx_hal.o
 .debug_macro   0x00000235      0xa60 Drivers/STM32F7xx_HAL_Driver/Src/stm32f7xx_hal.o
 .debug_macro   0x00000c95      0x195 Drivers/STM32F7xx_HAL_Driver/Src/stm32f7xx_hal.o
 .debug_macro   0x00000e2a       0x2e Drivers/STM32F7xx_HAL_Driver/Src/stm32f7xx_hal.o
 .debug_macro   0x00000e58       0x3b Drivers/STM32F7xx_HAL_Driver/Src/stm32f7xx_hal.o
 .debug_macro   0x00000e93       0x22 Drivers/STM32F7xx_HAL_Driver/Src/stm32f7xx_hal.o
 .debug_macro   0x00000eb5       0x8e Drivers/STM32F7xx_HAL_Driver/Src/stm32f7xx_hal.o
 .debug_macro   0x00000f43       0x51 Drivers/STM32F7xx_HAL_Driver/Src/stm32f7xx_hal.o
 .debug_macro   0x00000f94       0xef Drivers/STM32F7xx_HAL_Driver/Src/stm32f7xx_hal.o
 .debug_macro   0x00001083       0x6a Drivers/STM32F7xx_HAL_Driver/Src/stm32f7xx_hal.o
 .debug_macro   0x000010ed      0x1df Drivers/STM32F7xx_HAL_Driver/Src/stm32f7xx_hal.o