15:37:11 **** Incremental Build of configuration Debug for project UART_CommsOpenLST ****
make -j8 all 
Building file: ../Core/Src/cc112x_spi.c
Invoking: MCU GCC Compiler
C:\Users\joebe\Desktop\balloon_project_swv1\UARTComms_test\UART_CommsOpenLST\Debug
arm-none-eabi-gcc -mcpu=cortex-m4 -mthumb -mfloat-abi=hard -mfpu=fpv4-sp-d16 -DUSE_HAL_DRIVER -DSTM32F407xx -I"C:/Users/joebe/Desktop/balloon_project_swv1/UARTComms_test/UART_CommsOpenLST/USB_HOST/App" -I"C:/Users/joebe/Desktop/balloon_project_swv1/UARTComms_test/UART_CommsOpenLST/USB_HOST/Target" -I"C:/Users/joebe/Desktop/balloon_project_swv1/UARTComms_test/UART_CommsOpenLST/Core/Inc" -I"C:/Users/joebe/Desktop/balloon_project_swv1/UARTComms_test/UART_CommsOpenLST/Drivers/STM32F4xx_HAL_Driver/Inc" -I"C:/Users/joebe/Desktop/balloon_project_swv1/UARTComms_test/UART_CommsOpenLST/Drivers/STM32F4xx_HAL_Driver/Inc/Legacy" -I"C:/Users/joebe/Desktop/balloon_project_swv1/UARTComms_test/UART_CommsOpenLST/Middlewares/ST/STM32_USB_Host_Library/Core/Inc" -I"C:/Users/joebe/Desktop/balloon_project_swv1/UARTComms_test/UART_CommsOpenLST/Middlewares/ST/STM32_USB_Host_Library/Class/CDC/Inc" -I"C:/Users/joebe/Desktop/balloon_project_swv1/UARTComms_test/UART_CommsOpenLST/Drivers/CMSIS/Device/ST/STM32F4xx/Include" -I"C:/Users/joebe/Desktop/balloon_project_swv1/UARTComms_test/UART_CommsOpenLST/Drivers/CMSIS/Include"  -Og -g3 -Wall -fmessage-length=0 -ffunction-sections -c -fmessage-length=0 -MMD -MP -MF"Core/Src/cc112x_spi.d" -MT"Core/Src/cc112x_spi.o" -o "Core/Src/cc112x_spi.o" "../Core/Src/cc112x_spi.c"
../Core/Src/cc112x_spi.c: In function 'cc_tx_wr_reg':
../Core/Src/cc112x_spi.c:108:11: warning: variable 'len' set but not used [-Wunused-but-set-variable]
   uint8_t len = 0;
           ^~~
../Core/Src/cc112x_spi.c: At top level:
../Core/Src/cc112x_spi.c:144:1: warning: "/*" within comment [-Wcomment]
 /**
  
../Core/Src/cc112x_spi.c: In function 'cc_tx_data_continuous':
../Core/Src/cc112x_spi.c:254:7: warning: implicit declaration of function 'SYSVIEW_PRINT' [-Wimplicit-function-declaration]
       SYSVIEW_PRINT("CC TX: Issue: %u GN: %u INFIFO: %u", issue_len,
       ^~~~~~~~~~~~~
At top level:
../Core/Src/cc112x_spi.c:40:16: warning: 'rx_tmp_buf' defined but not used [-Wunused-variable]
 static uint8_t rx_tmp_buf[2 + CC1120_RX_FIFO_SIZE];
                ^~~~~~~~~~
../Core/Src/cc112x_spi.c:39:16: warning: 'rx_spi_tx_buf' defined but not used [-Wunused-variable]
 static uint8_t rx_spi_tx_buf[2 + CC1120_RX_FIFO_SIZE];
                ^~~~~~~~~~~~~
Finished building: ../Core/Src/cc112x_spi.c
 
Building target: UART_CommsOpenLST.elf
Invoking: MCU GCC Linker
arm-none-eabi-gcc -mcpu=cortex-m4 -mthumb -mfloat-abi=hard -mfpu=fpv4-sp-d16 -specs=nosys.specs -specs=nano.specs -T"../STM32F407VGTx_FLASH.ld" -Wl,-Map=output.map -Wl,--gc-sections -o "UART_CommsOpenLST.elf" @"objects.list"   -lm
Finished building target: UART_CommsOpenLST.elf
 
make --no-print-directory post-build
Generating hex and Printing size information:
arm-none-eabi-objcopy -O ihex "UART_CommsOpenLST.elf" "UART_CommsOpenLST.hex"
arm-none-eabi-size "UART_CommsOpenLST.elf"
   text	   data	    bss	    dec	    hex	filename
  19800	    152	   3664	  23616	   5c40	UART_CommsOpenLST.elf
 
15:40:26 **** Incremental Build of configuration Debug for project UART_CommsOpenLST ****
make -j8 all 
Building file: ../Core/Src/main.c
Invoking: MCU GCC Compiler
C:\Users\joebe\Desktop\balloon_project_swv1\UARTComms_test\UART_CommsOpenLST\Debug
arm-none-eabi-gcc -mcpu=cortex-m4 -mthumb -mfloat-abi=hard -mfpu=fpv4-sp-d16 -DUSE_HAL_DRIVER -DSTM32F407xx -I"C:/Users/joebe/Desktop/balloon_project_swv1/UARTComms_test/UART_CommsOpenLST/USB_HOST/App" -I"C:/Users/joebe/Desktop/balloon_project_swv1/UARTComms_test/UART_CommsOpenLST/USB_HOST/Target" -I"C:/Users/joebe/Desktop/balloon_project_swv1/UARTComms_test/UART_CommsOpenLST/Core/Inc" -I"C:/Users/joebe/Desktop/balloon_project_swv1/UARTComms_test/UART_CommsOpenLST/Drivers/STM32F4xx_HAL_Driver/Inc" -I"C:/Users/joebe/Desktop/balloon_project_swv1/UARTComms_test/UART_CommsOpenLST/Drivers/STM32F4xx_HAL_Driver/Inc/Legacy" -I"C:/Users/joebe/Desktop/balloon_project_swv1/UARTComms_test/UART_CommsOpenLST/Middlewares/ST/STM32_USB_Host_Library/Core/Inc" -I"C:/Users/joebe/Desktop/balloon_project_swv1/UARTComms_test/UART_CommsOpenLST/Middlewares/ST/STM32_USB_Host_Library/Class/CDC/Inc" -I"C:/Users/joebe/Desktop/balloon_project_swv1/UARTComms_test/UART_CommsOpenLST/Drivers/CMSIS/Device/ST/STM32F4xx/Include" -I"C:/Users/joebe/Desktop/balloon_project_swv1/UARTComms_test/UART_CommsOpenLST/Drivers/CMSIS/Include"  -Og -g3 -Wall -fmessage-length=0 -ffunction-sections -c -fmessage-length=0 -MMD -MP -MF"Core/Src/main.d" -MT"Core/Src/main.o" -o "Core/Src/main.o" "../Core/Src/main.c"
Finished building: ../Core/Src/main.c
 
Building target: UART_CommsOpenLST.elf
Invoking: MCU GCC Linker
arm-none-eabi-gcc -mcpu=cortex-m4 -mthumb -mfloat-abi=hard -mfpu=fpv4-sp-d16 -specs=nosys.specs -specs=nano.specs -T"../STM32F407VGTx_FLASH.ld" -Wl,-Map=output.map -Wl,--gc-sections -o "UART_CommsOpenLST.elf" @"objects.list"   -lm
Finished building target: UART_CommsOpenLST.elf
 
make --no-print-directory post-build
Generating hex and Printing size information:
arm-none-eabi-objcopy -O ihex "UART_CommsOpenLST.elf" "UART_CommsOpenLST.hex"
arm-none-eabi-size "UART_CommsOpenLST.elf"
   text	   data	    bss	    dec	    hex	filename
  21124	    152	   3664	  24940	   616c	UART_CommsOpenLST.elf
 
15:41:26 **** Incremental Build of configuration Debug for project UART_CommsOpenLST ****
make -j8 all 
Building file: ../Core/Src/cc_tx_init.c
Invoking: MCU GCC Compiler
C:\Users\joebe\Desktop\balloon_project_swv1\UARTComms_test\UART_CommsOpenLST\Debug
arm-none-eabi-gcc -mcpu=cortex-m4 -mthumb -mfloat-abi=hard -mfpu=fpv4-sp-d16 -DUSE_HAL_DRIVER -DSTM32F407xx -I"C:/Users/joebe/Desktop/balloon_project_swv1/UARTComms_test/UART_CommsOpenLST/USB_HOST/App" -I"C:/Users/joebe/Desktop/balloon_project_swv1/UARTComms_test/UART_CommsOpenLST/USB_HOST/Target" -I"C:/Users/joebe/Desktop/balloon_project_swv1/UARTComms_test/UART_CommsOpenLST/Core/Inc" -I"C:/Users/joebe/Desktop/balloon_project_swv1/UARTComms_test/UART_CommsOpenLST/Drivers/STM32F4xx_HAL_Driver/Inc" -I"C:/Users/joebe/Desktop/balloon_project_swv1/UARTComms_test/UART_CommsOpenLST/Drivers/STM32F4xx_HAL_Driver/Inc/Legacy" -I"C:/Users/joebe/Desktop/balloon_project_swv1/UARTComms_test/UART_CommsOpenLST/Middlewares/ST/STM32_USB_Host_Library/Core/Inc" -I"C:/Users/joebe/Desktop/balloon_project_swv1/UARTComms_test/UART_CommsOpenLST/Middlewares/ST/STM32_USB_Host_Library/Class/CDC/Inc" -I"C:/Users/joebe/Desktop/balloon_project_swv1/UARTComms_test/UART_CommsOpenLST/Drivers/CMSIS/Device/ST/STM32F4xx/Include" -I"C:/Users/joebe/Desktop/balloon_project_swv1/UARTComms_test/UART_CommsOpenLST/Drivers/CMSIS/Include"  -Og -g3 -Wall -fmessage-length=0 -ffunction-sections -c -fmessage-length=0 -MMD -MP -MF"Core/Src/cc_tx_init.d" -MT"Core/Src/cc_tx_init.o" -o "Core/Src/cc_tx_init.o" "../Core/Src/cc_tx_init.c"
Finished building: ../Core/Src/cc_tx_init.c
 
Building target: UART_CommsOpenLST.elf
Invoking: MCU GCC Linker
arm-none-eabi-gcc -mcpu=cortex-m4 -mthumb -mfloat-abi=hard -mfpu=fpv4-sp-d16 -specs=nosys.specs -specs=nano.specs -T"../STM32F407VGTx_FLASH.ld" -Wl,-Map=output.map -Wl,--gc-sections -o "UART_CommsOpenLST.elf" @"objects.list"   -lm
Finished building target: UART_CommsOpenLST.elf
 
make --no-print-directory post-build
Generating hex and Printing size information:
arm-none-eabi-objcopy -O ihex "UART_CommsOpenLST.elf" "UART_CommsOpenLST.hex"
arm-none-eabi-size "UART_CommsOpenLST.elf"
   text	   data	    bss	    dec	    hex	filename
  21124	    152	   3664	  24940	   616c	UART_CommsOpenLST.elf
 
15:45:12 **** Incremental Build of configuration Debug for project UART_CommsOpenLST ****
make -j8 all 
Building file: ../Core/Src/cc_tx_init.c
Building file: ../Core/Src/main.c
Invoking: MCU GCC Compiler
Invoking: MCU GCC Compiler
C:\Users\joebe\Desktop\balloon_project_swv1\UARTComms_test\UART_CommsOpenLST\Debug
arm-none-eabi-gcc -mcpu=cortex-m4 -mthumb -mfloat-abi=hard -mfpu=fpv4-sp-d16 -DUSE_HAL_DRIVER -DSTM32F407xx -I"C:/Users/joebe/Desktop/balloon_project_swv1/UARTComms_test/UART_CommsOpenLST/USB_HOST/App" -I"C:/Users/joebe/Desktop/balloon_project_swv1/UARTComms_test/UART_CommsOpenLST/USB_HOST/Target" -I"C:/Users/joebe/Desktop/balloon_project_swv1/UARTComms_test/UART_CommsOpenLST/Core/Inc" -I"C:/Users/joebe/Desktop/balloon_project_swv1/UARTComms_test/UART_CommsOpenLST/Drivers/STM32F4xx_HAL_Driver/Inc" -I"C:/Users/joebe/Desktop/balloon_project_swv1/UARTComms_test/UART_CommsOpenLST/Drivers/STM32F4xx_HAL_Driver/Inc/Legacy" -I"C:/Users/joebe/Desktop/balloon_project_swv1/UARTComms_test/UART_CommsOpenLST/Middlewares/ST/STM32_USB_Host_Library/Core/Inc" -I"C:/Users/joebe/Desktop/balloon_project_swv1/UARTComms_test/UART_CommsOpenLST/Middlewares/ST/STM32_USB_Host_Library/Class/CDC/Inc" -I"C:/Users/joebe/Desktop/balloon_project_swv1/UARTComms_test/UART_CommsOpenLST/Drivers/CMSIS/Device/ST/STM32F4xx/Include" -I"C:/Users/joebe/Desktop/balloon_project_swv1/UARTComms_test/UART_CommsOpenLST/Drivers/CMSIS/Include"  -Og -g3 -Wall -fmessage-length=0 -ffunction-sections -c -fmessage-length=0 -MMD -MP -MF"Core/Src/cc_tx_init.d" -MT"Core/Src/cc_tx_init.o" -o "Core/Src/cc_tx_init.o" "../Core/Src/cc_tx_init.c"
C:\Users\joebe\Desktop\balloon_project_swv1\UARTComms_test\UART_CommsOpenLST\Debug
arm-none-eabi-gcc -mcpu=cortex-m4 -mthumb -mfloat-abi=hard -mfpu=fpv4-sp-d16 -DUSE_HAL_DRIVER -DSTM32F407xx -I"C:/Users/joebe/Desktop/balloon_project_swv1/UARTComms_test/UART_CommsOpenLST/USB_HOST/App" -I"C:/Users/joebe/Desktop/balloon_project_swv1/UARTComms_test/UART_CommsOpenLST/USB_HOST/Target" -I"C:/Users/joebe/Desktop/balloon_project_swv1/UARTComms_test/UART_CommsOpenLST/Core/Inc" -I"C:/Users/joebe/Desktop/balloon_project_swv1/UARTComms_test/UART_CommsOpenLST/Drivers/STM32F4xx_HAL_Driver/Inc" -I"C:/Users/joebe/Desktop/balloon_project_swv1/UARTComms_test/UART_CommsOpenLST/Drivers/STM32F4xx_HAL_Driver/Inc/Legacy" -I"C:/Users/joebe/Desktop/balloon_project_swv1/UARTComms_test/UART_CommsOpenLST/Middlewares/ST/STM32_USB_Host_Library/Core/Inc" -I"C:/Users/joebe/Desktop/balloon_project_swv1/UARTComms_test/UART_CommsOpenLST/Middlewares/ST/STM32_USB_Host_Library/Class/CDC/Inc" -I"C:/Users/joebe/Desktop/balloon_project_swv1/UARTComms_test/UART_CommsOpenLST/Drivers/CMSIS/Device/ST/STM32F4xx/Include" -I"C:/Users/joebe/Desktop/balloon_project_swv1/UARTComms_test/UART_CommsOpenLST/Drivers/CMSIS/Include"  -Og -g3 -Wall -fmessage-length=0 -ffunction-sections -c -fmessage-length=0 -MMD -MP -MF"Core/Src/main.d" -MT"Core/Src/main.o" -o "Core/Src/main.o" "../Core/Src/main.c"
../Core/Src/main.c: In function 'main':
../Core/Src/main.c:118:11: warning: unused variable 'data' [-Wunused-variable]
   uint8_t data;
           ^~~~
../Core/Src/main.c:124:13: warning: 'data' may be used uninitialized in this function [-Wmaybe-uninitialized]
     uint8_t data = cc_tx_wr_reg (FREQ1, data, &huart2);
             ^~~~
Finished building: ../Core/Src/cc_tx_init.c
 
Finished building: ../Core/Src/main.c
 
Building target: UART_CommsOpenLST.elf
Invoking: MCU GCC Linker
arm-none-eabi-gcc -mcpu=cortex-m4 -mthumb -mfloat-abi=hard -mfpu=fpv4-sp-d16 -specs=nosys.specs -specs=nano.specs -T"../STM32F407VGTx_FLASH.ld" -Wl,-Map=output.map -Wl,--gc-sections -o "UART_CommsOpenLST.elf" @"objects.list"   -lm
Finished building target: UART_CommsOpenLST.elf
 
make --no-print-directory post-build
Generating hex and Printing size information:
arm-none-eabi-objcopy -O ihex "UART_CommsOpenLST.elf" "UART_CommsOpenLST.hex"
arm-none-eabi-size "UART_CommsOpenLST.elf"
   text	   data	    bss	    dec	    hex	filename
  21136	    152	   3664	  24952	   6178	UART_CommsOpenLST.elf
 
15:45:47 **** Incremental Build of configuration Debug for project UART_CommsOpenLST ****
make -j8 all 
make: Nothing to be done for 'all'.
15:46:12 **** Incremental Build of configuration Debug for project UART_CommsOpenLST ****
make -j8 all 
make: Nothing to be done for 'all'.
15:47:34 **** Incremental Build of configuration Debug for project UART_CommsOpenLST ****
make -j8 all 
Building file: ../Core/Src/main.c
Invoking: MCU GCC Compiler
C:\Users\joebe\Desktop\balloon_project_swv1\UARTComms_test\UART_CommsOpenLST\Debug
arm-none-eabi-gcc -mcpu=cortex-m4 -mthumb -mfloat-abi=hard -mfpu=fpv4-sp-d16 -DUSE_HAL_DRIVER -DSTM32F407xx -I"C:/Users/joebe/Desktop/balloon_project_swv1/UARTComms_test/UART_CommsOpenLST/USB_HOST/App" -I"C:/Users/joebe/Desktop/balloon_project_swv1/UARTComms_test/UART_CommsOpenLST/USB_HOST/Target" -I"C:/Users/joebe/Desktop/balloon_project_swv1/UARTComms_test/UART_CommsOpenLST/Core/Inc" -I"C:/Users/joebe/Desktop/balloon_project_swv1/UARTComms_test/UART_CommsOpenLST/Drivers/STM32F4xx_HAL_Driver/Inc" -I"C:/Users/joebe/Desktop/balloon_project_swv1/UARTComms_test/UART_CommsOpenLST/Drivers/STM32F4xx_HAL_Driver/Inc/Legacy" -I"C:/Users/joebe/Desktop/balloon_project_swv1/UARTComms_test/UART_CommsOpenLST/Middlewares/ST/STM32_USB_Host_Library/Core/Inc" -I"C:/Users/joebe/Desktop/balloon_project_swv1/UARTComms_test/UART_CommsOpenLST/Middlewares/ST/STM32_USB_Host_Library/Class/CDC/Inc" -I"C:/Users/joebe/Desktop/balloon_project_swv1/UARTComms_test/UART_CommsOpenLST/Drivers/CMSIS/Device/ST/STM32F4xx/Include" -I"C:/Users/joebe/Desktop/balloon_project_swv1/UARTComms_test/UART_CommsOpenLST/Drivers/CMSIS/Include"  -Og -g3 -Wall -fmessage-length=0 -ffunction-sections -c -fmessage-length=0 -MMD -MP -MF"Core/Src/main.d" -MT"Core/Src/main.o" -o "Core/Src/main.o" "../Core/Src/main.c"
../Core/Src/main.c: In function 'main':
../Core/Src/main.c:125:5: warning: implicit declaration of function 'printf' [-Wimplicit-function-declaration]
     printf("");
     ^~~~~~
../Core/Src/main.c:125:5: warning: incompatible implicit declaration of built-in function 'printf'
../Core/Src/main.c:125:5: note: include '<stdio.h>' or provide a declaration of 'printf'
../Core/Src/main.c:125:12: warning: zero-length gnu_printf format string [-Wformat-zero-length]
     printf("");
            ^~
../Core/Src/main.c:118:11: warning: unused variable 'data' [-Wunused-variable]
   uint8_t data;
           ^~~~
../Core/Src/main.c:124:13: warning: 'data' may be used uninitialized in this function [-Wmaybe-uninitialized]
     uint8_t data = cc_tx_wr_reg (FREQ1, data, &huart2);
             ^~~~
Finished building: ../Core/Src/main.c
 
Building target: UART_CommsOpenLST.elf
Invoking: MCU GCC Linker
arm-none-eabi-gcc -mcpu=cortex-m4 -mthumb -mfloat-abi=hard -mfpu=fpv4-sp-d16 -specs=nosys.specs -specs=nano.specs -T"../STM32F407VGTx_FLASH.ld" -Wl,-Map=output.map -Wl,--gc-sections -o "UART_CommsOpenLST.elf" @"objects.list"   -lm
Finished building target: UART_CommsOpenLST.elf
 
make --no-print-directory post-build
Generating hex and Printing size information:
arm-none-eabi-objcopy -O ihex "UART_CommsOpenLST.elf" "UART_CommsOpenLST.hex"
arm-none-eabi-size "UART_CommsOpenLST.elf"
   text	   data	    bss	    dec	    hex	filename
  21136	    152	   3664	  24952	   6178	UART_CommsOpenLST.elf
 
15:48:40 **** Incremental Build of configuration Debug for project UART_CommsOpenLST ****
make -j8 all 
Building file: ../Core/Src/main.c
Invoking: MCU GCC Compiler
C:\Users\joebe\Desktop\balloon_project_swv1\UARTComms_test\UART_CommsOpenLST\Debug
arm-none-eabi-gcc -mcpu=cortex-m4 -mthumb -mfloat-abi=hard -mfpu=fpv4-sp-d16 -DUSE_HAL_DRIVER -DSTM32F407xx -I"C:/Users/joebe/Desktop/balloon_project_swv1/UARTComms_test/UART_CommsOpenLST/USB_HOST/App" -I"C:/Users/joebe/Desktop/balloon_project_swv1/UARTComms_test/UART_CommsOpenLST/USB_HOST/Target" -I"C:/Users/joebe/Desktop/balloon_project_swv1/UARTComms_test/UART_CommsOpenLST/Core/Inc" -I"C:/Users/joebe/Desktop/balloon_project_swv1/UARTComms_test/UART_CommsOpenLST/Drivers/STM32F4xx_HAL_Driver/Inc" -I"C:/Users/joebe/Desktop/balloon_project_swv1/UARTComms_test/UART_CommsOpenLST/Drivers/STM32F4xx_HAL_Driver/Inc/Legacy" -I"C:/Users/joebe/Desktop/balloon_project_swv1/UARTComms_test/UART_CommsOpenLST/Middlewares/ST/STM32_USB_Host_Library/Core/Inc" -I"C:/Users/joebe/Desktop/balloon_project_swv1/UARTComms_test/UART_CommsOpenLST/Middlewares/ST/STM32_USB_Host_Library/Class/CDC/Inc" -I"C:/Users/joebe/Desktop/balloon_project_swv1/UARTComms_test/UART_CommsOpenLST/Drivers/CMSIS/Device/ST/STM32F4xx/Include" -I"C:/Users/joebe/Desktop/balloon_project_swv1/UARTComms_test/UART_CommsOpenLST/Drivers/CMSIS/Include"  -Og -g3 -Wall -fmessage-length=0 -ffunction-sections -c -fmessage-length=0 -MMD -MP -MF"Core/Src/main.d" -MT"Core/Src/main.o" -o "Core/Src/main.o" "../Core/Src/main.c"
../Core/Src/main.c: In function 'main':
../Core/Src/main.c:124:41: warning: passing argument 2 of 'cc_tx_rd_reg' makes pointer from integer without a cast [-Wint-conversion]
     uint8_t data = cc_tx_rd_reg (FREQ1, data, &huart2);
                                         ^~~~
In file included from ../Core/Src/main.c:23:0:
C:/Users/joebe/Desktop/balloon_project_swv1/UARTComms_test/UART_CommsOpenLST/Core/Inc/cc112x_spi.h:32:1: note: expected 'uint8_t * {aka unsigned char *}' but argument is of type 'uint8_t {aka unsigned char}'
 cc_tx_rd_reg (uint16_t addr, uint8_t *data, UART_HandleTypeDef * huart);
 ^~~~~~~~~~~~
../Core/Src/main.c:125:5: warning: implicit declaration of function 'printf' [-Wimplicit-function-declaration]
     printf("");
     ^~~~~~
../Core/Src/main.c:125:5: warning: incompatible implicit declaration of built-in function 'printf'
../Core/Src/main.c:125:5: note: include '<stdio.h>' or provide a declaration of 'printf'
../Core/Src/main.c:125:12: warning: zero-length gnu_printf format string [-Wformat-zero-length]
     printf("");
            ^~
../Core/Src/main.c:118:11: warning: unused variable 'data' [-Wunused-variable]
   uint8_t data;
           ^~~~
../Core/Src/main.c:124:20: warning: 'data' may be used uninitialized in this function [-Wmaybe-uninitialized]
     uint8_t data = cc_tx_rd_reg (FREQ1, data, &huart2);
                    ^~~~~~~~~~~~~~~~~~~~~~~~~~~~~~~~~~~
Finished building: ../Core/Src/main.c
 
Building target: UART_CommsOpenLST.elf
Invoking: MCU GCC Linker
arm-none-eabi-gcc -mcpu=cortex-m4 -mthumb -mfloat-abi=hard -mfpu=fpv4-sp-d16 -specs=nosys.specs -specs=nano.specs -T"../STM32F407VGTx_FLASH.ld" -Wl,-Map=output.map -Wl,--gc-sections -o "UART_CommsOpenLST.elf" @"objects.list"   -lm
Finished building target: UART_CommsOpenLST.elf
 
make --no-print-directory post-build
Generating hex and Printing size information:
arm-none-eabi-objcopy -O ihex "UART_CommsOpenLST.elf" "UART_CommsOpenLST.hex"
arm-none-eabi-size "UART_CommsOpenLST.elf"
   text	   data	    bss	    dec	    hex	filename
  21256	    152	   3664	  25072	   61f0	UART_CommsOpenLST.elf
 
15:49:24 **** Incremental Build of configuration Debug for project UART_CommsOpenLST ****
make -j8 all 
make: Nothing to be done for 'all'.
15:50:35 **** Incremental Build of configuration Debug for project UART_CommsOpenLST ****
make -j8 all 
Building file: ../Core/Src/main.c
Invoking: MCU GCC Compiler
C:\Users\joebe\Desktop\balloon_project_swv1\UARTComms_test\UART_CommsOpenLST\Debug
arm-none-eabi-gcc -mcpu=cortex-m4 -mthumb -mfloat-abi=hard -mfpu=fpv4-sp-d16 -DUSE_HAL_DRIVER -DSTM32F407xx -I"C:/Users/joebe/Desktop/balloon_project_swv1/UARTComms_test/UART_CommsOpenLST/USB_HOST/App" -I"C:/Users/joebe/Desktop/balloon_project_swv1/UARTComms_test/UART_CommsOpenLST/USB_HOST/Target" -I"C:/Users/joebe/Desktop/balloon_project_swv1/UARTComms_test/UART_CommsOpenLST/Core/Inc" -I"C:/Users/joebe/Desktop/balloon_project_swv1/UARTComms_test/UART_CommsOpenLST/Drivers/STM32F4xx_HAL_Driver/Inc" -I"C:/Users/joebe/Desktop/balloon_project_swv1/UARTComms_test/UART_CommsOpenLST/Drivers/STM32F4xx_HAL_Driver/Inc/Legacy" -I"C:/Users/joebe/Desktop/balloon_project_swv1/UARTComms_test/UART_CommsOpenLST/Middlewares/ST/STM32_USB_Host_Library/Core/Inc" -I"C:/Users/joebe/Desktop/balloon_project_swv1/UARTComms_test/UART_CommsOpenLST/Middlewares/ST/STM32_USB_Host_Library/Class/CDC/Inc" -I"C:/Users/joebe/Desktop/balloon_project_swv1/UARTComms_test/UART_CommsOpenLST/Drivers/CMSIS/Device/ST/STM32F4xx/Include" -I"C:/Users/joebe/Desktop/balloon_project_swv1/UARTComms_test/UART_CommsOpenLST/Drivers/CMSIS/Include"  -Og -g3 -Wall -fmessage-length=0 -ffunction-sections -c -fmessage-length=0 -MMD -MP -MF"Core/Src/main.d" -MT"Core/Src/main.o" -o "Core/Src/main.o" "../Core/Src/main.c"
../Core/Src/main.c: In function 'main':
../Core/Src/main.c:124:26: warning: passing argument 2 of 'cc_tx_rd_reg' makes pointer from integer without a cast [-Wint-conversion]
     cc_tx_rd_reg (FREQ1, data, &huart2);
                          ^~~~
In file included from ../Core/Src/main.c:23:0:
C:/Users/joebe/Desktop/balloon_project_swv1/UARTComms_test/UART_CommsOpenLST/Core/Inc/cc112x_spi.h:32:1: note: expected 'uint8_t * {aka unsigned char *}' but argument is of type 'uint8_t {aka unsigned char}'
 cc_tx_rd_reg (uint16_t addr, uint8_t *data, UART_HandleTypeDef * huart);
 ^~~~~~~~~~~~
../Core/Src/main.c:125:5: warning: implicit declaration of function 'printf' [-Wimplicit-function-declaration]
     printf("");
     ^~~~~~
../Core/Src/main.c:125:5: warning: incompatible implicit declaration of built-in function 'printf'
../Core/Src/main.c:125:5: note: include '<stdio.h>' or provide a declaration of 'printf'
../Core/Src/main.c:125:12: warning: zero-length gnu_printf format string [-Wformat-zero-length]
     printf("");
            ^~
../Core/Src/main.c:124:5: warning: 'data' is used uninitialized in this function [-Wuninitialized]
     cc_tx_rd_reg (FREQ1, data, &huart2);
     ^~~~~~~~~~~~~~~~~~~~~~~~~~~~~~~~~~~
Finished building: ../Core/Src/main.c
 
Building target: UART_CommsOpenLST.elf
Invoking: MCU GCC Linker
arm-none-eabi-gcc -mcpu=cortex-m4 -mthumb -mfloat-abi=hard -mfpu=fpv4-sp-d16 -specs=nosys.specs -specs=nano.specs -T"../STM32F407VGTx_FLASH.ld" -Wl,-Map=output.map -Wl,--gc-sections -o "UART_CommsOpenLST.elf" @"objects.list"   -lm
Finished building target: UART_CommsOpenLST.elf
 
make --no-print-directory post-build
Generating hex and Printing size information:
arm-none-eabi-objcopy -O ihex "UART_CommsOpenLST.elf" "UART_CommsOpenLST.hex"
arm-none-eabi-size "UART_CommsOpenLST.elf"
   text	   data	    bss	    dec	    hex	filename
  21256	    152	   3664	  25072	   61f0	UART_CommsOpenLST.elf
 
15:51:13 **** Incremental Build of configuration Debug for project UART_CommsOpenLST ****
make -j8 all 
Building file: ../Core/Src/main.c
Invoking: MCU GCC Compiler
C:\Users\joebe\Desktop\balloon_project_swv1\UARTComms_test\UART_CommsOpenLST\Debug
arm-none-eabi-gcc -mcpu=cortex-m4 -mthumb -mfloat-abi=hard -mfpu=fpv4-sp-d16 -DUSE_HAL_DRIVER -DSTM32F407xx -I"C:/Users/joebe/Desktop/balloon_project_swv1/UARTComms_test/UART_CommsOpenLST/USB_HOST/App" -I"C:/Users/joebe/Desktop/balloon_project_swv1/UARTComms_test/UART_CommsOpenLST/USB_HOST/Target" -I"C:/Users/joebe/Desktop/balloon_project_swv1/UARTComms_test/UART_CommsOpenLST/Core/Inc" -I"C:/Users/joebe/Desktop/balloon_project_swv1/UARTComms_test/UART_CommsOpenLST/Drivers/STM32F4xx_HAL_Driver/Inc" -I"C:/Users/joebe/Desktop/balloon_project_swv1/UARTComms_test/UART_CommsOpenLST/Drivers/STM32F4xx_HAL_Driver/Inc/Legacy" -I"C:/Users/joebe/Desktop/balloon_project_swv1/UARTComms_test/UART_CommsOpenLST/Middlewares/ST/STM32_USB_Host_Library/Core/Inc" -I"C:/Users/joebe/Desktop/balloon_project_swv1/UARTComms_test/UART_CommsOpenLST/Middlewares/ST/STM32_USB_Host_Library/Class/CDC/Inc" -I"C:/Users/joebe/Desktop/balloon_project_swv1/UARTComms_test/UART_CommsOpenLST/Drivers/CMSIS/Device/ST/STM32F4xx/Include" -I"C:/Users/joebe/Desktop/balloon_project_swv1/UARTComms_test/UART_CommsOpenLST/Drivers/CMSIS/Include"  -Og -g3 -Wall -fmessage-length=0 -ffunction-sections -c -fmessage-length=0 -MMD -MP -MF"Core/Src/main.d" -MT"Core/Src/main.o" -o "Core/Src/main.o" "../Core/Src/main.c"
../Core/Src/main.c: In function 'main':
../Core/Src/main.c:124:26: warning: passing argument 2 of 'cc_tx_rd_reg' makes pointer from integer without a cast [-Wint-conversion]
     cc_tx_rd_reg (FREQ1, data, &huart2);
                          ^~~~
In file included from ../Core/Src/main.c:23:0:
C:/Users/joebe/Desktop/balloon_project_swv1/UARTComms_test/UART_CommsOpenLST/Core/Inc/cc112x_spi.h:32:1: note: expected 'uint8_t * {aka unsigned char *}' but argument is of type 'uint8_t {aka unsigned char}'
 cc_tx_rd_reg (uint16_t addr, uint8_t *data, UART_HandleTypeDef * huart);
 ^~~~~~~~~~~~
../Core/Src/main.c:125:5: warning: implicit declaration of function 'printf' [-Wimplicit-function-declaration]
     printf("h");
     ^~~~~~
../Core/Src/main.c:125:5: warning: incompatible implicit declaration of built-in function 'printf'
../Core/Src/main.c:125:5: note: include '<stdio.h>' or provide a declaration of 'printf'
../Core/Src/main.c:124:5: warning: 'data' is used uninitialized in this function [-Wuninitialized]
     cc_tx_rd_reg (FREQ1, data, &huart2);
     ^~~~~~~~~~~~~~~~~~~~~~~~~~~~~~~~~~~
Finished building: ../Core/Src/main.c
 
Building target: UART_CommsOpenLST.elf
Invoking: MCU GCC Linker
arm-none-eabi-gcc -mcpu=cortex-m4 -mthumb -mfloat-abi=hard -mfpu=fpv4-sp-d16 -specs=nosys.specs -specs=nano.specs -T"../STM32F407VGTx_FLASH.ld" -Wl,-Map=output.map -Wl,--gc-sections -o "UART_CommsOpenLST.elf" @"objects.list"   -lm
Finished building target: UART_CommsOpenLST.elf
 
make --no-print-directory post-build
Generating hex and Printing size information:
arm-none-eabi-objcopy -O ihex "UART_CommsOpenLST.elf" "UART_CommsOpenLST.hex"
arm-none-eabi-size "UART_CommsOpenLST.elf"
   text	   data	    bss	    dec	    hex	filename
  23272	    152	   3664	  27088	   69d0	UART_CommsOpenLST.elf
 
15:52:11 **** Incremental Build of configuration Debug for project UART_CommsOpenLST ****
make -j8 all 
Building file: ../Core/Src/main.c
Invoking: MCU GCC Compiler
C:\Users\joebe\Desktop\balloon_project_swv1\UARTComms_test\UART_CommsOpenLST\Debug
arm-none-eabi-gcc -mcpu=cortex-m4 -mthumb -mfloat-abi=hard -mfpu=fpv4-sp-d16 -DUSE_HAL_DRIVER -DSTM32F407xx -I"C:/Users/joebe/Desktop/balloon_project_swv1/UARTComms_test/UART_CommsOpenLST/USB_HOST/App" -I"C:/Users/joebe/Desktop/balloon_project_swv1/UARTComms_test/UART_CommsOpenLST/USB_HOST/Target" -I"C:/Users/joebe/Desktop/balloon_project_swv1/UARTComms_test/UART_CommsOpenLST/Core/Inc" -I"C:/Users/joebe/Desktop/balloon_project_swv1/UARTComms_test/UART_CommsOpenLST/Drivers/STM32F4xx_HAL_Driver/Inc" -I"C:/Users/joebe/Desktop/balloon_project_swv1/UARTComms_test/UART_CommsOpenLST/Drivers/STM32F4xx_HAL_Driver/Inc/Legacy" -I"C:/Users/joebe/Desktop/balloon_project_swv1/UARTComms_test/UART_CommsOpenLST/Middlewares/ST/STM32_USB_Host_Library/Core/Inc" -I"C:/Users/joebe/Desktop/balloon_project_swv1/UARTComms_test/UART_CommsOpenLST/Middlewares/ST/STM32_USB_Host_Library/Class/CDC/Inc" -I"C:/Users/joebe/Desktop/balloon_project_swv1/UARTComms_test/UART_CommsOpenLST/Drivers/CMSIS/Device/ST/STM32F4xx/Include" -I"C:/Users/joebe/Desktop/balloon_project_swv1/UARTComms_test/UART_CommsOpenLST/Drivers/CMSIS/Include"  -Og -g3 -Wall -fmessage-length=0 -ffunction-sections -c -fmessage-length=0 -MMD -MP -MF"Core/Src/main.d" -MT"Core/Src/main.o" -o "Core/Src/main.o" "../Core/Src/main.c"
../Core/Src/main.c: In function 'main':
../Core/Src/main.c:124:26: warning: passing argument 2 of 'cc_tx_rd_reg' makes pointer from integer without a cast [-Wint-conversion]
     cc_tx_rd_reg (FREQ1, data, &huart2);
                          ^~~~
In file included from ../Core/Src/main.c:23:0:
C:/Users/joebe/Desktop/balloon_project_swv1/UARTComms_test/UART_CommsOpenLST/Core/Inc/cc112x_spi.h:32:1: note: expected 'uint8_t * {aka unsigned char *}' but argument is of type 'uint8_t {aka unsigned char}'
 cc_tx_rd_reg (uint16_t addr, uint8_t *data, UART_HandleTypeDef * huart);
 ^~~~~~~~~~~~
../Core/Src/main.c:125:5: warning: implicit declaration of function 'printf' [-Wimplicit-function-declaration]
     printf("%d",data);
     ^~~~~~
../Core/Src/main.c:125:5: warning: incompatible implicit declaration of built-in function 'printf'
../Core/Src/main.c:125:5: note: include '<stdio.h>' or provide a declaration of 'printf'
../Core/Src/main.c:124:5: warning: 'data' is used uninitialized in this function [-Wuninitialized]
     cc_tx_rd_reg (FREQ1, data, &huart2);
     ^~~~~~~~~~~~~~~~~~~~~~~~~~~~~~~~~~~
Finished building: ../Core/Src/main.c
 
Building target: UART_CommsOpenLST.elf
Invoking: MCU GCC Linker
arm-none-eabi-gcc -mcpu=cortex-m4 -mthumb -mfloat-abi=hard -mfpu=fpv4-sp-d16 -specs=nosys.specs -specs=nano.specs -T"../STM32F407VGTx_FLASH.ld" -Wl,-Map=output.map -Wl,--gc-sections -o "UART_CommsOpenLST.elf" @"objects.list"   -lm
Finished building target: UART_CommsOpenLST.elf
 
make --no-print-directory post-build
Generating hex and Printing size information:
arm-none-eabi-objcopy -O ihex "UART_CommsOpenLST.elf" "UART_CommsOpenLST.hex"
arm-none-eabi-size "UART_CommsOpenLST.elf"
   text	   data	    bss	    dec	    hex	filename
  24820	    152	   3664	  28636	   6fdc	UART_CommsOpenLST.elf
 
15:57:26 **** Incremental Build of configuration Debug for project UART_CommsOpenLST ****
make -j8 all 
Building file: ../Core/Src/cc112x_spi.c
Building file: ../Core/Src/main.c
Invoking: MCU GCC Compiler
Invoking: MCU GCC Compiler
C:\Users\joebe\Desktop\balloon_project_swv1\UARTComms_test\UART_CommsOpenLST\Debug
arm-none-eabi-gcc -mcpu=cortex-m4 -mthumb -mfloat-abi=hard -mfpu=fpv4-sp-d16 -DUSE_HAL_DRIVER -DSTM32F407xx -I"C:/Users/joebe/Desktop/balloon_project_swv1/UARTComms_test/UART_CommsOpenLST/USB_HOST/App" -I"C:/Users/joebe/Desktop/balloon_project_swv1/UARTComms_test/UART_CommsOpenLST/USB_HOST/Target" -I"C:/Users/joebe/Desktop/balloon_project_swv1/UARTComms_test/UART_CommsOpenLST/Core/Inc" -I"C:/Users/joebe/Desktop/balloon_project_swv1/UARTComms_test/UART_CommsOpenLST/Drivers/STM32F4xx_HAL_Driver/Inc" -I"C:/Users/joebe/Desktop/balloon_project_swv1/UARTComms_test/UART_CommsOpenLST/Drivers/STM32F4xx_HAL_Driver/Inc/Legacy" -I"C:/Users/joebe/Desktop/balloon_project_swv1/UARTComms_test/UART_CommsOpenLST/Middlewares/ST/STM32_USB_Host_Library/Core/Inc" -I"C:/Users/joebe/Desktop/balloon_project_swv1/UARTComms_test/UART_CommsOpenLST/Middlewares/ST/STM32_USB_Host_Library/Class/CDC/Inc" -I"C:/Users/joebe/Desktop/balloon_project_swv1/UARTComms_test/UART_CommsOpenLST/Drivers/CMSIS/Device/ST/STM32F4xx/Include" -I"C:/Users/joebe/Desktop/balloon_project_swv1/UARTComms_test/UART_CommsOpenLST/Drivers/CMSIS/Include"  -Og -g3 -Wall -fmessage-length=0 -ffunction-sections -c -fmessage-length=0 -MMD -MP -MF"Core/Src/cc112x_spi.d" -MT"Core/Src/cc112x_spi.o" -o "Core/Src/cc112x_spi.o" "../Core/Src/cc112x_spi.c"
C:\Users\joebe\Desktop\balloon_project_swv1\UARTComms_test\UART_CommsOpenLST\Debug
arm-none-eabi-gcc -mcpu=cortex-m4 -mthumb -mfloat-abi=hard -mfpu=fpv4-sp-d16 -DUSE_HAL_DRIVER -DSTM32F407xx -I"C:/Users/joebe/Desktop/balloon_project_swv1/UARTComms_test/UART_CommsOpenLST/USB_HOST/App" -I"C:/Users/joebe/Desktop/balloon_project_swv1/UARTComms_test/UART_CommsOpenLST/USB_HOST/Target" -I"C:/Users/joebe/Desktop/balloon_project_swv1/UARTComms_test/UART_CommsOpenLST/Core/Inc" -I"C:/Users/joebe/Desktop/balloon_project_swv1/UARTComms_test/UART_CommsOpenLST/Drivers/STM32F4xx_HAL_Driver/Inc" -I"C:/Users/joebe/Desktop/balloon_project_swv1/UARTComms_test/UART_CommsOpenLST/Drivers/STM32F4xx_HAL_Driver/Inc/Legacy" -I"C:/Users/joebe/Desktop/balloon_project_swv1/UARTComms_test/UART_CommsOpenLST/Middlewares/ST/STM32_USB_Host_Library/Core/Inc" -I"C:/Users/joebe/Desktop/balloon_project_swv1/UARTComms_test/UART_CommsOpenLST/Middlewares/ST/STM32_USB_Host_Library/Class/CDC/Inc" -I"C:/Users/joebe/Desktop/balloon_project_swv1/UARTComms_test/UART_CommsOpenLST/Drivers/CMSIS/Device/ST/STM32F4xx/Include" -I"C:/Users/joebe/Desktop/balloon_project_swv1/UARTComms_test/UART_CommsOpenLST/Drivers/CMSIS/Include"  -Og -g3 -Wall -fmessage-length=0 -ffunction-sections -c -fmessage-length=0 -MMD -MP -MF"Core/Src/main.d" -MT"Core/Src/main.o" -o "Core/Src/main.o" "../Core/Src/main.c"
../Core/Src/main.c: In function 'main':
../Core/Src/main.c:124:26: warning: passing argument 2 of 'cc_tx_rd_reg' makes pointer from integer without a cast [-Wint-conversion]
     cc_tx_rd_reg (FREQ1, data, &huart2);
                          ^~~~
In file included from ../Core/Src/main.c:23:0:
C:/Users/joebe/Desktop/balloon_project_swv1/UARTComms_test/UART_CommsOpenLST/Core/Inc/cc112x_spi.h:32:1: note: expected 'uint8_t * {aka unsigned char *}' but argument is of type 'uint8_t {aka unsigned char}'
 cc_tx_rd_reg (uint16_t addr, uint8_t *data, UART_HandleTypeDef * huart);
 ^~~~~~~~~~~~
../Core/Src/main.c:125:5: warning: implicit declaration of function 'printf' [-Wimplicit-function-declaration]
     printf("%d",data);
     ^~~~~~
../Core/Src/main.c:125:5: warning: incompatible implicit declaration of built-in function 'printf'
../Core/Src/main.c:125:5: note: include '<stdio.h>' or provide a declaration of 'printf'
../Core/Src/main.c:124:5: warning: 'data' is used uninitialized in this function [-Wuninitialized]
     cc_tx_rd_reg (FREQ1, data, &huart2);
     ^~~~~~~~~~~~~~~~~~~~~~~~~~~~~~~~~~~
../Core/Src/cc112x_spi.c: In function 'cc_tx_wr_reg':
../Core/Src/cc112x_spi.c:110:11: warning: variable 'len' set but not used [-Wunused-but-set-variable]
   uint8_t len = 0;
           ^~~
../Core/Src/cc112x_spi.c: At top level:
../Core/Src/cc112x_spi.c:144:1: warning: "/*" within comment [-Wcomment]
 /**
  
../Core/Src/cc112x_spi.c: In function 'cc_tx_data_continuous':
../Core/Src/cc112x_spi.c:254:7: warning: implicit declaration of function 'SYSVIEW_PRINT' [-Wimplicit-function-declaration]
       SYSVIEW_PRINT("CC TX: Issue: %u GN: %u INFIFO: %u", issue_len,
       ^~~~~~~~~~~~~
At top level:
../Core/Src/cc112x_spi.c:40:16: warning: 'rx_tmp_buf' defined but not used [-Wunused-variable]
 static uint8_t rx_tmp_buf[2 + CC1120_RX_FIFO_SIZE];
                ^~~~~~~~~~
../Core/Src/cc112x_spi.c:39:16: warning: 'rx_spi_tx_buf' defined but not used [-Wunused-variable]
 static uint8_t rx_spi_tx_buf[2 + CC1120_RX_FIFO_SIZE];
                ^~~~~~~~~~~~~
Finished building: ../Core/Src/main.c
 
Finished building: ../Core/Src/cc112x_spi.c
 
Building target: UART_CommsOpenLST.elf
Invoking: MCU GCC Linker
arm-none-eabi-gcc -mcpu=cortex-m4 -mthumb -mfloat-abi=hard -mfpu=fpv4-sp-d16 -specs=nosys.specs -specs=nano.specs -T"../STM32F407VGTx_FLASH.ld" -Wl,-Map=output.map -Wl,--gc-sections -o "UART_CommsOpenLST.elf" @"objects.list"   -lm
Finished building target: UART_CommsOpenLST.elf
 
make --no-print-directory post-build
Generating hex and Printing size information:
arm-none-eabi-objcopy -O ihex "UART_CommsOpenLST.elf" "UART_CommsOpenLST.hex"
arm-none-eabi-size "UART_CommsOpenLST.elf"
   text	   data	    bss	    dec	    hex	filename
  25040	    152	   3664	  28856	   70b8	UART_CommsOpenLST.elf
 
16:09:24 **** Incremental Build of configuration Debug for project UART_CommsOpenLST ****
make -j8 all 
Building file: ../Core/Src/cc112x_spi.c
Invoking: MCU GCC Compiler
C:\Users\joebe\Desktop\balloon_project_swv1\UARTComms_test\UART_CommsOpenLST\Debug
arm-none-eabi-gcc -mcpu=cortex-m4 -mthumb -mfloat-abi=hard -mfpu=fpv4-sp-d16 -DUSE_HAL_DRIVER -DSTM32F407xx -I"C:/Users/joebe/Desktop/balloon_project_swv1/UARTComms_test/UART_CommsOpenLST/USB_HOST/App" -I"C:/Users/joebe/Desktop/balloon_project_swv1/UARTComms_test/UART_CommsOpenLST/USB_HOST/Target" -I"C:/Users/joebe/Desktop/balloon_project_swv1/UARTComms_test/UART_CommsOpenLST/Core/Inc" -I"C:/Users/joebe/Desktop/balloon_project_swv1/UARTComms_test/UART_CommsOpenLST/Drivers/STM32F4xx_HAL_Driver/Inc" -I"C:/Users/joebe/Desktop/balloon_project_swv1/UARTComms_test/UART_CommsOpenLST/Drivers/STM32F4xx_HAL_Driver/Inc/Legacy" -I"C:/Users/joebe/Desktop/balloon_project_swv1/UARTComms_test/UART_CommsOpenLST/Middlewares/ST/STM32_USB_Host_Library/Core/Inc" -I"C:/Users/joebe/Desktop/balloon_project_swv1/UARTComms_test/UART_CommsOpenLST/Middlewares/ST/STM32_USB_Host_Library/Class/CDC/Inc" -I"C:/Users/joebe/Desktop/balloon_project_swv1/UARTComms_test/UART_CommsOpenLST/Drivers/CMSIS/Device/ST/STM32F4xx/Include" -I"C:/Users/joebe/Desktop/balloon_project_swv1/UARTComms_test/UART_CommsOpenLST/Drivers/CMSIS/Include"  -Og -g3 -Wall -fmessage-length=0 -ffunction-sections -c -fmessage-length=0 -MMD -MP -MF"Core/Src/cc112x_spi.d" -MT"Core/Src/cc112x_spi.o" -o "Core/Src/cc112x_spi.o" "../Core/Src/cc112x_spi.c"
../Core/Src/cc112x_spi.c: In function 'cc_tx_wr_reg':
../Core/Src/cc112x_spi.c:111:11: warning: variable 'len' set but not used [-Wunused-but-set-variable]
   uint8_t len = 0;
           ^~~
../Core/Src/cc112x_spi.c: At top level:
../Core/Src/cc112x_spi.c:145:1: warning: "/*" within comment [-Wcomment]
 /**
  
../Core/Src/cc112x_spi.c: In function 'cc_tx_data_continuous':
../Core/Src/cc112x_spi.c:255:7: warning: implicit declaration of function 'SYSVIEW_PRINT' [-Wimplicit-function-declaration]
       SYSVIEW_PRINT("CC TX: Issue: %u GN: %u INFIFO: %u", issue_len,
       ^~~~~~~~~~~~~
At top level:
../Core/Src/cc112x_spi.c:40:16: warning: 'rx_tmp_buf' defined but not used [-Wunused-variable]
 static uint8_t rx_tmp_buf[2 + CC1120_RX_FIFO_SIZE];
                ^~~~~~~~~~
../Core/Src/cc112x_spi.c:39:16: warning: 'rx_spi_tx_buf' defined but not used [-Wunused-variable]
 static uint8_t rx_spi_tx_buf[2 + CC1120_RX_FIFO_SIZE];
                ^~~~~~~~~~~~~
Finished building: ../Core/Src/cc112x_spi.c
 
Building target: UART_CommsOpenLST.elf
Invoking: MCU GCC Linker
arm-none-eabi-gcc -mcpu=cortex-m4 -mthumb -mfloat-abi=hard -mfpu=fpv4-sp-d16 -specs=nosys.specs -specs=nano.specs -T"../STM32F407VGTx_FLASH.ld" -Wl,-Map=output.map -Wl,--gc-sections -o "UART_CommsOpenLST.elf" @"objects.list"   -lm
Finished building target: UART_CommsOpenLST.elf
 
make --no-print-directory post-build
Generating hex and Printing size information:
arm-none-eabi-objcopy -O ihex "UART_CommsOpenLST.elf" "UART_CommsOpenLST.hex"
arm-none-eabi-size "UART_CommsOpenLST.elf"
   text	   data	    bss	    dec	    hex	filename
  25068	    152	   3664	  28884	   70d4	UART_CommsOpenLST.elf
 
