16:09:24 **** Incremental Build of configuration Debug for project UART_CommsOpenLST ****
make -j8 all 
Building file: ../Core/Src/cc112x_spi.c
Invoking: MCU GCC Compiler
C:\Users\joebe\Desktop\balloon_project_swv1\UARTComms_test\UART_CommsOpenLST\Debug
arm-none-eabi-gcc -mcpu=cortex-m4 -mthumb -mfloat-abi=hard -mfpu=fpv4-sp-d16 -DUSE_HAL_DRIVER -DSTM32F407xx -I"C:/Users/joebe/Desktop/balloon_project_swv1/UARTComms_test/UART_CommsOpenLST/USB_HOST/App" -I"C:/Users/joebe/Desktop/balloon_project_swv1/UARTComms_test/UART_CommsOpenLST/USB_HOST/Target" -I"C:/Users/joebe/Desktop/balloon_project_swv1/UARTComms_test/UART_CommsOpenLST/Core/Inc" -I"C:/Users/joebe/Desktop/balloon_project_swv1/UARTComms_test/UART_CommsOpenLST/Drivers/STM32F4xx_HAL_Driver/Inc" -I"C:/Users/joebe/Desktop/balloon_project_swv1/UARTComms_test/UART_CommsOpenLST/Drivers/STM32F4xx_HAL_Driver/Inc/Legacy" -I"C:/Users/joebe/Desktop/balloon_project_swv1/UARTComms_test/UART_CommsOpenLST/Middlewares/ST/STM32_USB_Host_Library/Core/Inc" -I"C:/Users/joebe/Desktop/balloon_project_swv1/UARTComms_test/UART_CommsOpenLST/Middlewares/ST/STM32_USB_Host_Library/Class/CDC/Inc" -I"C:/Users/joebe/Desktop/balloon_project_swv1/UARTComms_test/UART_CommsOpenLST/Drivers/CMSIS/Device/ST/STM32F4xx/Include" -I"C:/Users/joebe/Desktop/balloon_project_swv1/UARTComms_test/UART_CommsOpenLST/Drivers/CMSIS/Include"  -Og -g3 -Wall -fmessage-length=0 -ffunction-sections -c -fmessage-length=0 -MMD -MP -MF"Core/Src/cc112x_spi.d" -MT"Core/Src/cc112x_spi.o" -o "Core/Src/cc112x_spi.o" "../Core/Src/cc112x_spi.c"
../Core/Src/cc112x_spi.c: In function 'cc_tx_wr_reg':
../Core/Src/cc112x_spi.c:111:11: warning: variable 'len' set but not used [-Wunused-but-set-variable]
   uint8_t len = 0;
           ^~~
../Core/Src/cc112x_spi.c: At top level:
../Core/Src/cc112x_spi.c:145:1: warning: "/*" within comment [-Wcomment]
 /**
  
../Core/Src/cc112x_spi.c: In function 'cc_tx_data_continuous':
../Core/Src/cc112x_spi.c:255:7: warning: implicit declaration of function 'SYSVIEW_PRINT' [-Wimplicit-function-declaration]
       SYSVIEW_PRINT("CC TX: Issue: %u GN: %u INFIFO: %u", issue_len,
       ^~~~~~~~~~~~~
At top level:
../Core/Src/cc112x_spi.c:40:16: warning: 'rx_tmp_buf' defined but not used [-Wunused-variable]
 static uint8_t rx_tmp_buf[2 + CC1120_RX_FIFO_SIZE];
                ^~~~~~~~~~
../Core/Src/cc112x_spi.c:39:16: warning: 'rx_spi_tx_buf' defined but not used [-Wunused-variable]
 static uint8_t rx_spi_tx_buf[2 + CC1120_RX_FIFO_SIZE];
                ^~~~~~~~~~~~~
Finished building: ../Core/Src/cc112x_spi.c
 
Building target: UART_CommsOpenLST.elf
Invoking: MCU GCC Linker
arm-none-eabi-gcc -mcpu=cortex-m4 -mthumb -mfloat-abi=hard -mfpu=fpv4-sp-d16 -specs=nosys.specs -specs=nano.specs -T"../STM32F407VGTx_FLASH.ld" -Wl,-Map=output.map -Wl,--gc-sections -o "UART_CommsOpenLST.elf" @"objects.list"   -lm
Finished building target: UART_CommsOpenLST.elf
 
make --no-print-directory post-build
Generating hex and Printing size information:
arm-none-eabi-objcopy -O ihex "UART_CommsOpenLST.elf" "UART_CommsOpenLST.hex"
arm-none-eabi-size "UART_CommsOpenLST.elf"
   text	   data	    bss	    dec	    hex	filename
  25068	    152	   3664	  28884	   70d4	UART_CommsOpenLST.elf
 

16:09:27 Build Finished (took 3s.361ms)

