18:28:02 **** Build of configuration Debug for project I2C_Raspb ****
make -j8 all 
Building file: ../startup/startup_stm32f407xx.s
Building file: ../USB_HOST/Target/usbh_conf.c
Building file: ../USB_HOST/Target/usbh_platform.c
Building file: ../USB_HOST/App/usb_host.c
Invoking: MCU GCC Assembler
Invoking: MCU GCC Compiler
Invoking: MCU GCC Compiler
Building file: ../Middlewares/ST/STM32_USB_Host_Library/Core/Src/usbh_core.c
Invoking: MCU GCC Compiler
C:\Users\joebe\Desktop\balloon_project_swv1\I2C_test\I2C_Raspb\Debug
arm-none-eabi-as -mcpu=cortex-m4 -mthumb -mfloat-abi=hard -mfpu=fpv4-sp-d16 -g -o "startup/startup_stm32f407xx.o" "../startup/startup_stm32f407xx.s"
C:\Users\joebe\Desktop\balloon_project_swv1\I2C_test\I2C_Raspb\Debug
C:\Users\joebe\Desktop\balloon_project_swv1\I2C_test\I2C_Raspb\Debug
Invoking: MCU GCC Compiler
C:\Users\joebe\Desktop\balloon_project_swv1\I2C_test\I2C_Raspb\Debug
arm-none-eabi-gcc -mcpu=cortex-m4 -mthumb -mfloat-abi=hard -mfpu=fpv4-sp-d16 -DUSE_HAL_DRIVER -DSTM32F407xx -I"C:/Users/joebe/Desktop/balloon_project_swv1/I2C_test/I2C_Raspb/USB_HOST/App" -I"C:/Users/joebe/Desktop/balloon_project_swv1/I2C_test/I2C_Raspb/USB_HOST/Target" -I"C:/Users/joebe/Desktop/balloon_project_swv1/I2C_test/I2C_Raspb/Core/Inc" -I"C:/Users/joebe/Desktop/balloon_project_swv1/I2C_test/I2C_Raspb/Drivers/STM32F4xx_HAL_Driver/Inc" -I"C:/Users/joebe/Desktop/balloon_project_swv1/I2C_test/I2C_Raspb/Drivers/STM32F4xx_HAL_Driver/Inc/Legacy" -I"C:/Users/joebe/Desktop/balloon_project_swv1/I2C_test/I2C_Raspb/Middlewares/ST/STM32_USB_Host_Library/Core/Inc" -I"C:/Users/joebe/Desktop/balloon_project_swv1/I2C_test/I2C_Raspb/Middlewares/ST/STM32_USB_Host_Library/Class/CDC/Inc" -I"C:/Users/joebe/Desktop/balloon_project_swv1/I2C_test/I2C_Raspb/Drivers/CMSIS/Device/ST/STM32F4xx/Include" -I"C:/Users/joebe/Desktop/balloon_project_swv1/I2C_test/I2C_Raspb/Drivers/CMSIS/Include"  -Og -g3 -Wall -fmessage-length=0 -ffunction-sections -c -fmessage-length=0 -MMD -MP -MF"USB_HOST/Target/usbh_conf.d" -MT"USB_HOST/Target/usbh_conf.o" -o "USB_HOST/Target/usbh_conf.o" "../USB_HOST/Target/usbh_conf.c"
arm-none-eabi-gcc -mcpu=cortex-m4 -mthumb -mfloat-abi=hard -mfpu=fpv4-sp-d16 -DUSE_HAL_DRIVER -DSTM32F407xx -I"C:/Users/joebe/Desktop/balloon_project_swv1/I2C_test/I2C_Raspb/USB_HOST/App" -I"C:/Users/joebe/Desktop/balloon_project_swv1/I2C_test/I2C_Raspb/USB_HOST/Target" -I"C:/Users/joebe/Desktop/balloon_project_swv1/I2C_test/I2C_Raspb/Core/Inc" -I"C:/Users/joebe/Desktop/balloon_project_swv1/I2C_test/I2C_Raspb/Drivers/STM32F4xx_HAL_Driver/Inc" -I"C:/Users/joebe/Desktop/balloon_project_swv1/I2C_test/I2C_Raspb/Drivers/STM32F4xx_HAL_Driver/Inc/Legacy" -I"C:/Users/joebe/Desktop/balloon_project_swv1/I2C_test/I2C_Raspb/Middlewares/ST/STM32_USB_Host_Library/Core/Inc" -I"C:/Users/joebe/Desktop/balloon_project_swv1/I2C_test/I2C_Raspb/Middlewares/ST/STM32_USB_Host_Library/Class/CDC/Inc" -I"C:/Users/joebe/Desktop/balloon_project_swv1/I2C_test/I2C_Raspb/Drivers/CMSIS/Device/ST/STM32F4xx/Include" -I"C:/Users/joebe/Desktop/balloon_project_swv1/I2C_test/I2C_Raspb/Drivers/CMSIS/Include"  -Og -g3 -Wall -fmessage-length=0 -ffunction-sections -c -fmessage-length=0 -MMD -MP -MF"USB_HOST/Target/usbh_platform.d" -MT"USB_HOST/Target/usbh_platform.o" -o "USB_HOST/Target/usbh_platform.o" "../USB_HOST/Target/usbh_platform.c"
arm-none-eabi-gcc -mcpu=cortex-m4 -mthumb -mfloat-abi=hard -mfpu=fpv4-sp-d16 -DUSE_HAL_DRIVER -DSTM32F407xx -I"C:/Users/joebe/Desktop/balloon_project_swv1/I2C_test/I2C_Raspb/USB_HOST/App" -I"C:/Users/joebe/Desktop/balloon_project_swv1/I2C_test/I2C_Raspb/USB_HOST/Target" -I"C:/Users/joebe/Desktop/balloon_project_swv1/I2C_test/I2C_Raspb/Core/Inc" -I"C:/Users/joebe/Desktop/balloon_project_swv1/I2C_test/I2C_Raspb/Drivers/STM32F4xx_HAL_Driver/Inc" -I"C:/Users/joebe/Desktop/balloon_project_swv1/I2C_test/I2C_Raspb/Drivers/STM32F4xx_HAL_Driver/Inc/Legacy" -I"C:/Users/joebe/Desktop/balloon_project_swv1/I2C_test/I2C_Raspb/Middlewares/ST/STM32_USB_Host_Library/Core/Inc" -I"C:/Users/joebe/Desktop/balloon_project_swv1/I2C_test/I2C_Raspb/Middlewares/ST/STM32_USB_Host_Library/Class/CDC/Inc" -I"C:/Users/joebe/Desktop/balloon_project_swv1/I2C_test/I2C_Raspb/Drivers/CMSIS/Device/ST/STM32F4xx/Include" -I"C:/Users/joebe/Desktop/balloon_project_swv1/I2C_test/I2C_Raspb/Drivers/CMSIS/Include"  -Og -g3 -Wall -fmessage-length=0 -ffunction-sections -c -fmessage-length=0 -MMD -MP -MF"USB_HOST/App/usb_host.d" -MT"USB_HOST/App/usb_host.o" -o "USB_HOST/App/usb_host.o" "../USB_HOST/App/usb_host.c"
C:\Users\joebe\Desktop\balloon_project_swv1\I2C_test\I2C_Raspb\Debug
arm-none-eabi-gcc -mcpu=cortex-m4 -mthumb -mfloat-abi=hard -mfpu=fpv4-sp-d16 -DUSE_HAL_DRIVER -DSTM32F407xx -I"C:/Users/joebe/Desktop/balloon_project_swv1/I2C_test/I2C_Raspb/USB_HOST/App" -I"C:/Users/joebe/Desktop/balloon_project_swv1/I2C_test/I2C_Raspb/USB_HOST/Target" -I"C:/Users/joebe/Desktop/balloon_project_swv1/I2C_test/I2C_Raspb/Core/Inc" -I"C:/Users/joebe/Desktop/balloon_project_swv1/I2C_test/I2C_Raspb/Drivers/STM32F4xx_HAL_Driver/Inc" -I"C:/Users/joebe/Desktop/balloon_project_swv1/I2C_test/I2C_Raspb/Drivers/STM32F4xx_HAL_Driver/Inc/Legacy" -I"C:/Users/joebe/Desktop/balloon_project_swv1/I2C_test/I2C_Raspb/Middlewares/ST/STM32_USB_Host_Library/Core/Inc" -I"C:/Users/joebe/Desktop/balloon_project_swv1/I2C_test/I2C_Raspb/Middlewares/ST/STM32_USB_Host_Library/Class/CDC/Inc" -I"C:/Users/joebe/Desktop/balloon_project_swv1/I2C_test/I2C_Raspb/Drivers/CMSIS/Device/ST/STM32F4xx/Include" -I"C:/Users/joebe/Desktop/balloon_project_swv1/I2C_test/I2C_Raspb/Drivers/CMSIS/Include"  -Og -g3 -Wall -fmessage-length=0 -ffunction-sections -c -fmessage-length=0 -MMD -MP -MF"Middlewares/ST/STM32_USB_Host_Library/Core/Src/usbh_core.d" -MT"Middlewares/ST/STM32_USB_Host_Library/Core/Src/usbh_core.o" -o "Middlewares/ST/STM32_USB_Host_Library/Core/Src/usbh_core.o" "../Middlewares/ST/STM32_USB_Host_Library/Core/Src/usbh_core.c"
Building file: ../Middlewares/ST/STM32_USB_Host_Library/Core/Src/usbh_ctlreq.c
Building file: ../Middlewares/ST/STM32_USB_Host_Library/Core/Src/usbh_ioreq.c
Building file: ../Middlewares/ST/STM32_USB_Host_Library/Core/Src/usbh_pipes.c
Invoking: MCU GCC Compiler
Invoking: MCU GCC Compiler
Invoking: MCU GCC Compiler
C:\Users\joebe\Desktop\balloon_project_swv1\I2C_test\I2C_Raspb\Debug
arm-none-eabi-gcc -mcpu=cortex-m4 -mthumb -mfloat-abi=hard -mfpu=fpv4-sp-d16 -DUSE_HAL_DRIVER -DSTM32F407xx -I"C:/Users/joebe/Desktop/balloon_project_swv1/I2C_test/I2C_Raspb/USB_HOST/App" -I"C:/Users/joebe/Desktop/balloon_project_swv1/I2C_test/I2C_Raspb/USB_HOST/Target" -I"C:/Users/joebe/Desktop/balloon_project_swv1/I2C_test/I2C_Raspb/Core/Inc" -I"C:/Users/joebe/Desktop/balloon_project_swv1/I2C_test/I2C_Raspb/Drivers/STM32F4xx_HAL_Driver/Inc" -I"C:/Users/joebe/Desktop/balloon_project_swv1/I2C_test/I2C_Raspb/Drivers/STM32F4xx_HAL_Driver/Inc/Legacy" -I"C:/Users/joebe/Desktop/balloon_project_swv1/I2C_test/I2C_Raspb/Middlewares/ST/STM32_USB_Host_Library/Core/Inc" -I"C:/Users/joebe/Desktop/balloon_project_swv1/I2C_test/I2C_Raspb/Middlewares/ST/STM32_USB_Host_Library/Class/CDC/Inc" -I"C:/Users/joebe/Desktop/balloon_project_swv1/I2C_test/I2C_Raspb/Drivers/CMSIS/Device/ST/STM32F4xx/Include" -I"C:/Users/joebe/Desktop/balloon_project_swv1/I2C_test/I2C_Raspb/Drivers/CMSIS/Include"  -Og -g3 -Wall -fmessage-length=0 -ffunction-sections -c -fmessage-length=0 -MMD -MP -MF"Middlewares/ST/STM32_USB_Host_Library/Core/Src/usbh_ctlreq.d" -MT"Middlewares/ST/STM32_USB_Host_Library/Core/Src/usbh_ctlreq.o" -o "Middlewares/ST/STM32_USB_Host_Library/Core/Src/usbh_ctlreq.o" "../Middlewares/ST/STM32_USB_Host_Library/Core/Src/usbh_ctlreq.c"
C:\Users\joebe\Desktop\balloon_project_swv1\I2C_test\I2C_Raspb\Debug
C:\Users\joebe\Desktop\balloon_project_swv1\I2C_test\I2C_Raspb\Debug
arm-none-eabi-gcc -mcpu=cortex-m4 -mthumb -mfloat-abi=hard -mfpu=fpv4-sp-d16 -DUSE_HAL_DRIVER -DSTM32F407xx -I"C:/Users/joebe/Desktop/balloon_project_swv1/I2C_test/I2C_Raspb/USB_HOST/App" -I"C:/Users/joebe/Desktop/balloon_project_swv1/I2C_test/I2C_Raspb/USB_HOST/Target" -I"C:/Users/joebe/Desktop/balloon_project_swv1/I2C_test/I2C_Raspb/Core/Inc" -I"C:/Users/joebe/Desktop/balloon_project_swv1/I2C_test/I2C_Raspb/Drivers/STM32F4xx_HAL_Driver/Inc" -I"C:/Users/joebe/Desktop/balloon_project_swv1/I2C_test/I2C_Raspb/Drivers/STM32F4xx_HAL_Driver/Inc/Legacy" -I"C:/Users/joebe/Desktop/balloon_project_swv1/I2C_test/I2C_Raspb/Middlewares/ST/STM32_USB_Host_Library/Core/Inc" -I"C:/Users/joebe/Desktop/balloon_project_swv1/I2C_test/I2C_Raspb/Middlewares/ST/STM32_USB_Host_Library/Class/CDC/Inc" -I"C:/Users/joebe/Desktop/balloon_project_swv1/I2C_test/I2C_Raspb/Drivers/CMSIS/Device/ST/STM32F4xx/Include" -I"C:/Users/joebe/Desktop/balloon_project_swv1/I2C_test/I2C_Raspb/Drivers/CMSIS/Include"  -Og -g3 -Wall -fmessage-length=0 -ffunction-sections -c -fmessage-length=0 -MMD -MP -MF"Middlewares/ST/STM32_USB_Host_Library/Core/Src/usbh_ioreq.d" -MT"Middlewares/ST/STM32_USB_Host_Library/Core/Src/usbh_ioreq.o" -o "Middlewares/ST/STM32_USB_Host_Library/Core/Src/usbh_ioreq.o" "../Middlewares/ST/STM32_USB_Host_Library/Core/Src/usbh_ioreq.c"
arm-none-eabi-gcc -mcpu=cortex-m4 -mthumb -mfloat-abi=hard -mfpu=fpv4-sp-d16 -DUSE_HAL_DRIVER -DSTM32F407xx -I"C:/Users/joebe/Desktop/balloon_project_swv1/I2C_test/I2C_Raspb/USB_HOST/App" -I"C:/Users/joebe/Desktop/balloon_project_swv1/I2C_test/I2C_Raspb/USB_HOST/Target" -I"C:/Users/joebe/Desktop/balloon_project_swv1/I2C_test/I2C_Raspb/Core/Inc" -I"C:/Users/joebe/Desktop/balloon_project_swv1/I2C_test/I2C_Raspb/Drivers/STM32F4xx_HAL_Driver/Inc" -I"C:/Users/joebe/Desktop/balloon_project_swv1/I2C_test/I2C_Raspb/Drivers/STM32F4xx_HAL_Driver/Inc/Legacy" -I"C:/Users/joebe/Desktop/balloon_project_swv1/I2C_test/I2C_Raspb/Middlewares/ST/STM32_USB_Host_Library/Core/Inc" -I"C:/Users/joebe/Desktop/balloon_project_swv1/I2C_test/I2C_Raspb/Middlewares/ST/STM32_USB_Host_Library/Class/CDC/Inc" -I"C:/Users/joebe/Desktop/balloon_project_swv1/I2C_test/I2C_Raspb/Drivers/CMSIS/Device/ST/STM32F4xx/Include" -I"C:/Users/joebe/Desktop/balloon_project_swv1/I2C_test/I2C_Raspb/Drivers/CMSIS/Include"  -Og -g3 -Wall -fmessage-length=0 -ffunction-sections -c -fmessage-length=0 -MMD -MP -MF"Middlewares/ST/STM32_USB_Host_Library/Core/Src/usbh_pipes.d" -MT"Middlewares/ST/STM32_USB_Host_Library/Core/Src/usbh_pipes.o" -o "Middlewares/ST/STM32_USB_Host_Library/Core/Src/usbh_pipes.o" "../Middlewares/ST/STM32_USB_Host_Library/Core/Src/usbh_pipes.c"
Finished building: ../startup/startup_stm32f407xx.s
 
Building file: ../Middlewares/ST/STM32_USB_Host_Library/Class/CDC/Src/usbh_cdc.c
Invoking: MCU GCC Compiler
C:\Users\joebe\Desktop\balloon_project_swv1\I2C_test\I2C_Raspb\Debug
arm-none-eabi-gcc -mcpu=cortex-m4 -mthumb -mfloat-abi=hard -mfpu=fpv4-sp-d16 -DUSE_HAL_DRIVER -DSTM32F407xx -I"C:/Users/joebe/Desktop/balloon_project_swv1/I2C_test/I2C_Raspb/USB_HOST/App" -I"C:/Users/joebe/Desktop/balloon_project_swv1/I2C_test/I2C_Raspb/USB_HOST/Target" -I"C:/Users/joebe/Desktop/balloon_project_swv1/I2C_test/I2C_Raspb/Core/Inc" -I"C:/Users/joebe/Desktop/balloon_project_swv1/I2C_test/I2C_Raspb/Drivers/STM32F4xx_HAL_Driver/Inc" -I"C:/Users/joebe/Desktop/balloon_project_swv1/I2C_test/I2C_Raspb/Drivers/STM32F4xx_HAL_Driver/Inc/Legacy" -I"C:/Users/joebe/Desktop/balloon_project_swv1/I2C_test/I2C_Raspb/Middlewares/ST/STM32_USB_Host_Library/Core/Inc" -I"C:/Users/joebe/Desktop/balloon_project_swv1/I2C_test/I2C_Raspb/Middlewares/ST/STM32_USB_Host_Library/Class/CDC/Inc" -I"C:/Users/joebe/Desktop/balloon_project_swv1/I2C_test/I2C_Raspb/Drivers/CMSIS/Device/ST/STM32F4xx/Include" -I"C:/Users/joebe/Desktop/balloon_project_swv1/I2C_test/I2C_Raspb/Drivers/CMSIS/Include"  -Og -g3 -Wall -fmessage-length=0 -ffunction-sections -c -fmessage-length=0 -MMD -MP -MF"Middlewares/ST/STM32_USB_Host_Library/Class/CDC/Src/usbh_cdc.d" -MT"Middlewares/ST/STM32_USB_Host_Library/Class/CDC/Src/usbh_cdc.o" -o "Middlewares/ST/STM32_USB_Host_Library/Class/CDC/Src/usbh_cdc.o" "../Middlewares/ST/STM32_USB_Host_Library/Class/CDC/Src/usbh_cdc.c"
Finished building: ../USB_HOST/Target/usbh_platform.c
Finished building: ../Middlewares/ST/STM32_USB_Host_Library/Core/Src/usbh_ioreq.c
Finished building: ../USB_HOST/Target/usbh_conf.c
Finished building: ../USB_HOST/App/usb_host.c
Finished building: ../Middlewares/ST/STM32_USB_Host_Library/Core/Src/usbh_core.c
Finished building: ../Middlewares/ST/STM32_USB_Host_Library/Core/Src/usbh_ctlreq.c
Finished building: ../Middlewares/ST/STM32_USB_Host_Library/Core/Src/usbh_pipes.c
Finished building: ../Middlewares/ST/STM32_USB_Host_Library/Class/CDC/Src/usbh_cdc.c
 
 
 
 
 
 
 
 
Building file: ../Drivers/STM32F4xx_HAL_Driver/Src/stm32f4xx_hal.c
Building file: ../Drivers/STM32F4xx_HAL_Driver/Src/stm32f4xx_hal_cortex.c
Building file: ../Drivers/STM32F4xx_HAL_Driver/Src/stm32f4xx_hal_dma.c
Building file: ../Drivers/STM32F4xx_HAL_Driver/Src/stm32f4xx_hal_dma_ex.c
Building file: ../Drivers/STM32F4xx_HAL_Driver/Src/stm32f4xx_hal_exti.c
Invoking: MCU GCC Compiler
Invoking: MCU GCC Compiler
Invoking: MCU GCC Compiler
Invoking: MCU GCC Compiler
Invoking: MCU GCC Compiler
C:\Users\joebe\Desktop\balloon_project_swv1\I2C_test\I2C_Raspb\Debug
C:\Users\joebe\Desktop\balloon_project_swv1\I2C_test\I2C_Raspb\Debug
arm-none-eabi-gcc -mcpu=cortex-m4 -mthumb -mfloat-abi=hard -mfpu=fpv4-sp-d16 -DUSE_HAL_DRIVER -DSTM32F407xx -I"C:/Users/joebe/Desktop/balloon_project_swv1/I2C_test/I2C_Raspb/USB_HOST/App" -I"C:/Users/joebe/Desktop/balloon_project_swv1/I2C_test/I2C_Raspb/USB_HOST/Target" -I"C:/Users/joebe/Desktop/balloon_project_swv1/I2C_test/I2C_Raspb/Core/Inc" -I"C:/Users/joebe/Desktop/balloon_project_swv1/I2C_test/I2C_Raspb/Drivers/STM32F4xx_HAL_Driver/Inc" -I"C:/Users/joebe/Desktop/balloon_project_swv1/I2C_test/I2C_Raspb/Drivers/STM32F4xx_HAL_Driver/Inc/Legacy" -I"C:/Users/joebe/Desktop/balloon_project_swv1/I2C_test/I2C_Raspb/Middlewares/ST/STM32_USB_Host_Library/Core/Inc" -I"C:/Users/joebe/Desktop/balloon_project_swv1/I2C_test/I2C_Raspb/Middlewares/ST/STM32_USB_Host_Library/Class/CDC/Inc" -I"C:/Users/joebe/Desktop/balloon_project_swv1/I2C_test/I2C_Raspb/Drivers/CMSIS/Device/ST/STM32F4xx/Include" -I"C:/Users/joebe/Desktop/balloon_project_swv1/I2C_test/I2C_Raspb/Drivers/CMSIS/Include"  -Og -g3 -Wall -fmessage-length=0 -ffunction-sections -c -fmessage-length=0 -MMD -MP -MF"Drivers/STM32F4xx_HAL_Driver/Src/stm32f4xx_hal.d" -MT"Drivers/STM32F4xx_HAL_Driver/Src/stm32f4xx_hal.o" -o "Drivers/STM32F4xx_HAL_Driver/Src/stm32f4xx_hal.o" "../Drivers/STM32F4xx_HAL_Driver/Src/stm32f4xx_hal.c"
C:\Users\joebe\Desktop\balloon_project_swv1\I2C_test\I2C_Raspb\Debug
arm-none-eabi-gcc -mcpu=cortex-m4 -mthumb -mfloat-abi=hard -mfpu=fpv4-sp-d16 -DUSE_HAL_DRIVER -DSTM32F407xx -I"C:/Users/joebe/Desktop/balloon_project_swv1/I2C_test/I2C_Raspb/USB_HOST/App" -I"C:/Users/joebe/Desktop/balloon_project_swv1/I2C_test/I2C_Raspb/USB_HOST/Target" -I"C:/Users/joebe/Desktop/balloon_project_swv1/I2C_test/I2C_Raspb/Core/Inc" -I"C:/Users/joebe/Desktop/balloon_project_swv1/I2C_test/I2C_Raspb/Drivers/STM32F4xx_HAL_Driver/Inc" -I"C:/Users/joebe/Desktop/balloon_project_swv1/I2C_test/I2C_Raspb/Drivers/STM32F4xx_HAL_Driver/Inc/Legacy" -I"C:/Users/joebe/Desktop/balloon_project_swv1/I2C_test/I2C_Raspb/Middlewares/ST/STM32_USB_Host_Library/Core/Inc" -I"C:/Users/joebe/Desktop/balloon_project_swv1/I2C_test/I2C_Raspb/Middlewares/ST/STM32_USB_Host_Library/Class/CDC/Inc" -I"C:/Users/joebe/Desktop/balloon_project_swv1/I2C_test/I2C_Raspb/Drivers/CMSIS/Device/ST/STM32F4xx/Include" -I"C:/Users/joebe/Desktop/balloon_project_swv1/I2C_test/I2C_Raspb/Drivers/CMSIS/Include"  -Og -g3 -Wall -fmessage-length=0 -ffunction-sections -c -fmessage-length=0 -MMD -MP -MF"Drivers/STM32F4xx_HAL_Driver/Src/stm32f4xx_hal_cortex.d" -MT"Drivers/STM32F4xx_HAL_Driver/Src/stm32f4xx_hal_cortex.o" -o "Drivers/STM32F4xx_HAL_Driver/Src/stm32f4xx_hal_cortex.o" "../Drivers/STM32F4xx_HAL_Driver/Src/stm32f4xx_hal_cortex.c"
C:\Users\joebe\Desktop\balloon_project_swv1\I2C_test\I2C_Raspb\Debug
arm-none-eabi-gcc -mcpu=cortex-m4 -mthumb -mfloat-abi=hard -mfpu=fpv4-sp-d16 -DUSE_HAL_DRIVER -DSTM32F407xx -I"C:/Users/joebe/Desktop/balloon_project_swv1/I2C_test/I2C_Raspb/USB_HOST/App" -I"C:/Users/joebe/Desktop/balloon_project_swv1/I2C_test/I2C_Raspb/USB_HOST/Target" -I"C:/Users/joebe/Desktop/balloon_project_swv1/I2C_test/I2C_Raspb/Core/Inc" -I"C:/Users/joebe/Desktop/balloon_project_swv1/I2C_test/I2C_Raspb/Drivers/STM32F4xx_HAL_Driver/Inc" -I"C:/Users/joebe/Desktop/balloon_project_swv1/I2C_test/I2C_Raspb/Drivers/STM32F4xx_HAL_Driver/Inc/Legacy" -I"C:/Users/joebe/Desktop/balloon_project_swv1/I2C_test/I2C_Raspb/Middlewares/ST/STM32_USB_Host_Library/Core/Inc" -I"C:/Users/joebe/Desktop/balloon_project_swv1/I2C_test/I2C_Raspb/Middlewares/ST/STM32_USB_Host_Library/Class/CDC/Inc" -I"C:/Users/joebe/Desktop/balloon_project_swv1/I2C_test/I2C_Raspb/Drivers/CMSIS/Device/ST/STM32F4xx/Include" -I"C:/Users/joebe/Desktop/balloon_project_swv1/I2C_test/I2C_Raspb/Drivers/CMSIS/Include"  -Og -g3 -Wall -fmessage-length=0 -ffunction-sections -c -fmessage-length=0 -MMD -MP -MF"Drivers/STM32F4xx_HAL_Driver/Src/stm32f4xx_hal_dma.d" -MT"Drivers/STM32F4xx_HAL_Driver/Src/stm32f4xx_hal_dma.o" -o "Drivers/STM32F4xx_HAL_Driver/Src/stm32f4xx_hal_dma.o" "../Drivers/STM32F4xx_HAL_Driver/Src/stm32f4xx_hal_dma.c"
C:\Users\joebe\Desktop\balloon_project_swv1\I2C_test\I2C_Raspb\Debug
arm-none-eabi-gcc -mcpu=cortex-m4 -mthumb -mfloat-abi=hard -mfpu=fpv4-sp-d16 -DUSE_HAL_DRIVER -DSTM32F407xx -I"C:/Users/joebe/Desktop/balloon_project_swv1/I2C_test/I2C_Raspb/USB_HOST/App" -I"C:/Users/joebe/Desktop/balloon_project_swv1/I2C_test/I2C_Raspb/USB_HOST/Target" -I"C:/Users/joebe/Desktop/balloon_project_swv1/I2C_test/I2C_Raspb/Core/Inc" -I"C:/Users/joebe/Desktop/balloon_project_swv1/I2C_test/I2C_Raspb/Drivers/STM32F4xx_HAL_Driver/Inc" -I"C:/Users/joebe/Desktop/balloon_project_swv1/I2C_test/I2C_Raspb/Drivers/STM32F4xx_HAL_Driver/Inc/Legacy" -I"C:/Users/joebe/Desktop/balloon_project_swv1/I2C_test/I2C_Raspb/Middlewares/ST/STM32_USB_Host_Library/Core/Inc" -I"C:/Users/joebe/Desktop/balloon_project_swv1/I2C_test/I2C_Raspb/Middlewares/ST/STM32_USB_Host_Library/Class/CDC/Inc" -I"C:/Users/joebe/Desktop/balloon_project_swv1/I2C_test/I2C_Raspb/Drivers/CMSIS/Device/ST/STM32F4xx/Include" -I"C:/Users/joebe/Desktop/balloon_project_swv1/I2C_test/I2C_Raspb/Drivers/CMSIS/Include"  -Og -g3 -Wall -fmessage-length=0 -ffunction-sections -c -fmessage-length=0 -MMD -MP -MF"Drivers/STM32F4xx_HAL_Driver/Src/stm32f4xx_hal_dma_ex.d" -MT"Drivers/STM32F4xx_HAL_Driver/Src/stm32f4xx_hal_dma_ex.o" -o "Drivers/STM32F4xx_HAL_Driver/Src/stm32f4xx_hal_dma_ex.o" "../Drivers/STM32F4xx_HAL_Driver/Src/stm32f4xx_hal_dma_ex.c"
arm-none-eabi-gcc -mcpu=cortex-m4 -mthumb -mfloat-abi=hard -mfpu=fpv4-sp-d16 -DUSE_HAL_DRIVER -DSTM32F407xx -I"C:/Users/joebe/Desktop/balloon_project_swv1/I2C_test/I2C_Raspb/USB_HOST/App" -I"C:/Users/joebe/Desktop/balloon_project_swv1/I2C_test/I2C_Raspb/USB_HOST/Target" -I"C:/Users/joebe/Desktop/balloon_project_swv1/I2C_test/I2C_Raspb/Core/Inc" -I"C:/Users/joebe/Desktop/balloon_project_swv1/I2C_test/I2C_Raspb/Drivers/STM32F4xx_HAL_Driver/Inc" -I"C:/Users/joebe/Desktop/balloon_project_swv1/I2C_test/I2C_Raspb/Drivers/STM32F4xx_HAL_Driver/Inc/Legacy" -I"C:/Users/joebe/Desktop/balloon_project_swv1/I2C_test/I2C_Raspb/Middlewares/ST/STM32_USB_Host_Library/Core/Inc" -I"C:/Users/joebe/Desktop/balloon_project_swv1/I2C_test/I2C_Raspb/Middlewares/ST/STM32_USB_Host_Library/Class/CDC/Inc" -I"C:/Users/joebe/Desktop/balloon_project_swv1/I2C_test/I2C_Raspb/Drivers/CMSIS/Device/ST/STM32F4xx/Include" -I"C:/Users/joebe/Desktop/balloon_project_swv1/I2C_test/I2C_Raspb/Drivers/CMSIS/Include"  -Og -g3 -Wall -fmessage-length=0 -ffunction-sections -c -fmessage-length=0 -MMD -MP -MF"Drivers/STM32F4xx_HAL_Driver/Src/stm32f4xx_hal_exti.d" -MT"Drivers/STM32F4xx_HAL_Driver/Src/stm32f4xx_hal_exti.o" -o "Drivers/STM32F4xx_HAL_Driver/Src/stm32f4xx_hal_exti.o" "../Drivers/STM32F4xx_HAL_Driver/Src/stm32f4xx_hal_exti.c"
Building file: ../Drivers/STM32F4xx_HAL_Driver/Src/stm32f4xx_hal_flash.c
Building file: ../Drivers/STM32F4xx_HAL_Driver/Src/stm32f4xx_hal_flash_ex.c
Building file: ../Drivers/STM32F4xx_HAL_Driver/Src/stm32f4xx_hal_flash_ramfunc.c
Invoking: MCU GCC Compiler
Invoking: MCU GCC Compiler
Invoking: MCU GCC Compiler
C:\Users\joebe\Desktop\balloon_project_swv1\I2C_test\I2C_Raspb\Debug
arm-none-eabi-gcc -mcpu=cortex-m4 -mthumb -mfloat-abi=hard -mfpu=fpv4-sp-d16 -DUSE_HAL_DRIVER -DSTM32F407xx -I"C:/Users/joebe/Desktop/balloon_project_swv1/I2C_test/I2C_Raspb/USB_HOST/App" -I"C:/Users/joebe/Desktop/balloon_project_swv1/I2C_test/I2C_Raspb/USB_HOST/Target" -I"C:/Users/joebe/Desktop/balloon_project_swv1/I2C_test/I2C_Raspb/Core/Inc" -I"C:/Users/joebe/Desktop/balloon_project_swv1/I2C_test/I2C_Raspb/Drivers/STM32F4xx_HAL_Driver/Inc" -I"C:/Users/joebe/Desktop/balloon_project_swv1/I2C_test/I2C_Raspb/Drivers/STM32F4xx_HAL_Driver/Inc/Legacy" -I"C:/Users/joebe/Desktop/balloon_project_swv1/I2C_test/I2C_Raspb/Middlewares/ST/STM32_USB_Host_Library/Core/Inc" -I"C:/Users/joebe/Desktop/balloon_project_swv1/I2C_test/I2C_Raspb/Middlewares/ST/STM32_USB_Host_Library/Class/CDC/Inc" -I"C:/Users/joebe/Desktop/balloon_project_swv1/I2C_test/I2C_Raspb/Drivers/CMSIS/Device/ST/STM32F4xx/Include" -I"C:/Users/joebe/Desktop/balloon_project_swv1/I2C_test/I2C_Raspb/Drivers/CMSIS/Include"  -Og -g3 -Wall -fmessage-length=0 -ffunction-sections -c -fmessage-length=0 -MMD -MP -MF"Drivers/STM32F4xx_HAL_Driver/Src/stm32f4xx_hal_flash.d" -MT"Drivers/STM32F4xx_HAL_Driver/Src/stm32f4xx_hal_flash.o" -o "Drivers/STM32F4xx_HAL_Driver/Src/stm32f4xx_hal_flash.o" "../Drivers/STM32F4xx_HAL_Driver/Src/stm32f4xx_hal_flash.c"
C:\Users\joebe\Desktop\balloon_project_swv1\I2C_test\I2C_Raspb\Debug
C:\Users\joebe\Desktop\balloon_project_swv1\I2C_test\I2C_Raspb\Debug
arm-none-eabi-gcc -mcpu=cortex-m4 -mthumb -mfloat-abi=hard -mfpu=fpv4-sp-d16 -DUSE_HAL_DRIVER -DSTM32F407xx -I"C:/Users/joebe/Desktop/balloon_project_swv1/I2C_test/I2C_Raspb/USB_HOST/App" -I"C:/Users/joebe/Desktop/balloon_project_swv1/I2C_test/I2C_Raspb/USB_HOST/Target" -I"C:/Users/joebe/Desktop/balloon_project_swv1/I2C_test/I2C_Raspb/Core/Inc" -I"C:/Users/joebe/Desktop/balloon_project_swv1/I2C_test/I2C_Raspb/Drivers/STM32F4xx_HAL_Driver/Inc" -I"C:/Users/joebe/Desktop/balloon_project_swv1/I2C_test/I2C_Raspb/Drivers/STM32F4xx_HAL_Driver/Inc/Legacy" -I"C:/Users/joebe/Desktop/balloon_project_swv1/I2C_test/I2C_Raspb/Middlewares/ST/STM32_USB_Host_Library/Core/Inc" -I"C:/Users/joebe/Desktop/balloon_project_swv1/I2C_test/I2C_Raspb/Middlewares/ST/STM32_USB_Host_Library/Class/CDC/Inc" -I"C:/Users/joebe/Desktop/balloon_project_swv1/I2C_test/I2C_Raspb/Drivers/CMSIS/Device/ST/STM32F4xx/Include" -I"C:/Users/joebe/Desktop/balloon_project_swv1/I2C_test/I2C_Raspb/Drivers/CMSIS/Include"  -Og -g3 -Wall -fmessage-length=0 -ffunction-sections -c -fmessage-length=0 -MMD -MP -MF"Drivers/STM32F4xx_HAL_Driver/Src/stm32f4xx_hal_flash_ex.d" -MT"Drivers/STM32F4xx_HAL_Driver/Src/stm32f4xx_hal_flash_ex.o" -o "Drivers/STM32F4xx_HAL_Driver/Src/stm32f4xx_hal_flash_ex.o" "../Drivers/STM32F4xx_HAL_Driver/Src/stm32f4xx_hal_flash_ex.c"
arm-none-eabi-gcc -mcpu=cortex-m4 -mthumb -mfloat-abi=hard -mfpu=fpv4-sp-d16 -DUSE_HAL_DRIVER -DSTM32F407xx -I"C:/Users/joebe/Desktop/balloon_project_swv1/I2C_test/I2C_Raspb/USB_HOST/App" -I"C:/Users/joebe/Desktop/balloon_project_swv1/I2C_test/I2C_Raspb/USB_HOST/Target" -I"C:/Users/joebe/Desktop/balloon_project_swv1/I2C_test/I2C_Raspb/Core/Inc" -I"C:/Users/joebe/Desktop/balloon_project_swv1/I2C_test/I2C_Raspb/Drivers/STM32F4xx_HAL_Driver/Inc" -I"C:/Users/joebe/Desktop/balloon_project_swv1/I2C_test/I2C_Raspb/Drivers/STM32F4xx_HAL_Driver/Inc/Legacy" -I"C:/Users/joebe/Desktop/balloon_project_swv1/I2C_test/I2C_Raspb/Middlewares/ST/STM32_USB_Host_Library/Core/Inc" -I"C:/Users/joebe/Desktop/balloon_project_swv1/I2C_test/I2C_Raspb/Middlewares/ST/STM32_USB_Host_Library/Class/CDC/Inc" -I"C:/Users/joebe/Desktop/balloon_project_swv1/I2C_test/I2C_Raspb/Drivers/CMSIS/Device/ST/STM32F4xx/Include" -I"C:/Users/joebe/Desktop/balloon_project_swv1/I2C_test/I2C_Raspb/Drivers/CMSIS/Include"  -Og -g3 -Wall -fmessage-length=0 -ffunction-sections -c -fmessage-length=0 -MMD -MP -MF"Drivers/STM32F4xx_HAL_Driver/Src/stm32f4xx_hal_flash_ramfunc.d" -MT"Drivers/STM32F4xx_HAL_Driver/Src/stm32f4xx_hal_flash_ramfunc.o" -o "Drivers/STM32F4xx_HAL_Driver/Src/stm32f4xx_hal_flash_ramfunc.o" "../Drivers/STM32F4xx_HAL_Driver/Src/stm32f4xx_hal_flash_ramfunc.c"
Finished building: ../Drivers/STM32F4xx_HAL_Driver/Src/stm32f4xx_hal.c
Finished building: ../Drivers/STM32F4xx_HAL_Driver/Src/stm32f4xx_hal_exti.c
 
 
Finished building: ../Drivers/STM32F4xx_HAL_Driver/Src/stm32f4xx_hal_cortex.c
Building file: ../Drivers/STM32F4xx_HAL_Driver/Src/stm32f4xx_hal_gpio.c
Building file: ../Drivers/STM32F4xx_HAL_Driver/Src/stm32f4xx_hal_hcd.c
 
Invoking: MCU GCC Compiler
Invoking: MCU GCC Compiler
Finished building: ../Drivers/STM32F4xx_HAL_Driver/Src/stm32f4xx_hal_dma.c
Finished building: ../Drivers/STM32F4xx_HAL_Driver/Src/stm32f4xx_hal_dma_ex.c
Building file: ../Drivers/STM32F4xx_HAL_Driver/Src/stm32f4xx_hal_i2c.c
C:\Users\joebe\Desktop\balloon_project_swv1\I2C_test\I2C_Raspb\Debug
C:\Users\joebe\Desktop\balloon_project_swv1\I2C_test\I2C_Raspb\Debug
Finished building: ../Drivers/STM32F4xx_HAL_Driver/Src/stm32f4xx_hal_flash_ramfunc.c
arm-none-eabi-gcc -mcpu=cortex-m4 -mthumb -mfloat-abi=hard -mfpu=fpv4-sp-d16 -DUSE_HAL_DRIVER -DSTM32F407xx -I"C:/Users/joebe/Desktop/balloon_project_swv1/I2C_test/I2C_Raspb/USB_HOST/App" -I"C:/Users/joebe/Desktop/balloon_project_swv1/I2C_test/I2C_Raspb/USB_HOST/Target" -I"C:/Users/joebe/Desktop/balloon_project_swv1/I2C_test/I2C_Raspb/Core/Inc" -I"C:/Users/joebe/Desktop/balloon_project_swv1/I2C_test/I2C_Raspb/Drivers/STM32F4xx_HAL_Driver/Inc" -I"C:/Users/joebe/Desktop/balloon_project_swv1/I2C_test/I2C_Raspb/Drivers/STM32F4xx_HAL_Driver/Inc/Legacy" -I"C:/Users/joebe/Desktop/balloon_project_swv1/I2C_test/I2C_Raspb/Middlewares/ST/STM32_USB_Host_Library/Core/Inc" -I"C:/Users/joebe/Desktop/balloon_project_swv1/I2C_test/I2C_Raspb/Middlewares/ST/STM32_USB_Host_Library/Class/CDC/Inc" -I"C:/Users/joebe/Desktop/balloon_project_swv1/I2C_test/I2C_Raspb/Drivers/CMSIS/Device/ST/STM32F4xx/Include" -I"C:/Users/joebe/Desktop/balloon_project_swv1/I2C_test/I2C_Raspb/Drivers/CMSIS/Include"  -Og -g3 -Wall -fmessage-length=0 -ffunction-sections -c -fmessage-length=0 -MMD -MP -MF"Drivers/STM32F4xx_HAL_Driver/Src/stm32f4xx_hal_gpio.d" -MT"Drivers/STM32F4xx_HAL_Driver/Src/stm32f4xx_hal_gpio.o" -o "Drivers/STM32F4xx_HAL_Driver/Src/stm32f4xx_hal_gpio.o" "../Drivers/STM32F4xx_HAL_Driver/Src/stm32f4xx_hal_gpio.c"
 
arm-none-eabi-gcc -mcpu=cortex-m4 -mthumb -mfloat-abi=hard -mfpu=fpv4-sp-d16 -DUSE_HAL_DRIVER -DSTM32F407xx -I"C:/Users/joebe/Desktop/balloon_project_swv1/I2C_test/I2C_Raspb/USB_HOST/App" -I"C:/Users/joebe/Desktop/balloon_project_swv1/I2C_test/I2C_Raspb/USB_HOST/Target" -I"C:/Users/joebe/Desktop/balloon_project_swv1/I2C_test/I2C_Raspb/Core/Inc" -I"C:/Users/joebe/Desktop/balloon_project_swv1/I2C_test/I2C_Raspb/Drivers/STM32F4xx_HAL_Driver/Inc" -I"C:/Users/joebe/Desktop/balloon_project_swv1/I2C_test/I2C_Raspb/Drivers/STM32F4xx_HAL_Driver/Inc/Legacy" -I"C:/Users/joebe/Desktop/balloon_project_swv1/I2C_test/I2C_Raspb/Middlewares/ST/STM32_USB_Host_Library/Core/Inc" -I"C:/Users/joebe/Desktop/balloon_project_swv1/I2C_test/I2C_Raspb/Middlewares/ST/STM32_USB_Host_Library/Class/CDC/Inc" -I"C:/Users/joebe/Desktop/balloon_project_swv1/I2C_test/I2C_Raspb/Drivers/CMSIS/Device/ST/STM32F4xx/Include" -I"C:/Users/joebe/Desktop/balloon_project_swv1/I2C_test/I2C_Raspb/Drivers/CMSIS/Include"  -Og -g3 -Wall -fmessage-length=0 -ffunction-sections -c -fmessage-length=0 -MMD -MP -MF"Drivers/STM32F4xx_HAL_Driver/Src/stm32f4xx_hal_hcd.d" -MT"Drivers/STM32F4xx_HAL_Driver/Src/stm32f4xx_hal_hcd.o" -o "Drivers/STM32F4xx_HAL_Driver/Src/stm32f4xx_hal_hcd.o" "../Drivers/STM32F4xx_HAL_Driver/Src/stm32f4xx_hal_hcd.c"
 
Invoking: MCU GCC Compiler
Finished building: ../Drivers/STM32F4xx_HAL_Driver/Src/stm32f4xx_hal_flash_ex.c
 
C:\Users\joebe\Desktop\balloon_project_swv1\I2C_test\I2C_Raspb\Debug
Building file: ../Drivers/STM32F4xx_HAL_Driver/Src/stm32f4xx_hal_i2c_ex.c
arm-none-eabi-gcc -mcpu=cortex-m4 -mthumb -mfloat-abi=hard -mfpu=fpv4-sp-d16 -DUSE_HAL_DRIVER -DSTM32F407xx -I"C:/Users/joebe/Desktop/balloon_project_swv1/I2C_test/I2C_Raspb/USB_HOST/App" -I"C:/Users/joebe/Desktop/balloon_project_swv1/I2C_test/I2C_Raspb/USB_HOST/Target" -I"C:/Users/joebe/Desktop/balloon_project_swv1/I2C_test/I2C_Raspb/Core/Inc" -I"C:/Users/joebe/Desktop/balloon_project_swv1/I2C_test/I2C_Raspb/Drivers/STM32F4xx_HAL_Driver/Inc" -I"C:/Users/joebe/Desktop/balloon_project_swv1/I2C_test/I2C_Raspb/Drivers/STM32F4xx_HAL_Driver/Inc/Legacy" -I"C:/Users/joebe/Desktop/balloon_project_swv1/I2C_test/I2C_Raspb/Middlewares/ST/STM32_USB_Host_Library/Core/Inc" -I"C:/Users/joebe/Desktop/balloon_project_swv1/I2C_test/I2C_Raspb/Middlewares/ST/STM32_USB_Host_Library/Class/CDC/Inc" -I"C:/Users/joebe/Desktop/balloon_project_swv1/I2C_test/I2C_Raspb/Drivers/CMSIS/Device/ST/STM32F4xx/Include" -I"C:/Users/joebe/Desktop/balloon_project_swv1/I2C_test/I2C_Raspb/Drivers/CMSIS/Include"  -Og -g3 -Wall -fmessage-length=0 -ffunction-sections -c -fmessage-length=0 -MMD -MP -MF"Drivers/STM32F4xx_HAL_Driver/Src/stm32f4xx_hal_i2c.d" -MT"Drivers/STM32F4xx_HAL_Driver/Src/stm32f4xx_hal_i2c.o" -o "Drivers/STM32F4xx_HAL_Driver/Src/stm32f4xx_hal_i2c.o" "../Drivers/STM32F4xx_HAL_Driver/Src/stm32f4xx_hal_i2c.c"
Building file: ../Drivers/STM32F4xx_HAL_Driver/Src/stm32f4xx_hal_i2s.c
Finished building: ../Drivers/STM32F4xx_HAL_Driver/Src/stm32f4xx_hal_flash.c
 
Invoking: MCU GCC Compiler
Building file: ../Drivers/STM32F4xx_HAL_Driver/Src/stm32f4xx_hal_i2s_ex.c
Invoking: MCU GCC Compiler
 
C:\Users\joebe\Desktop\balloon_project_swv1\I2C_test\I2C_Raspb\Debug
arm-none-eabi-gcc -mcpu=cortex-m4 -mthumb -mfloat-abi=hard -mfpu=fpv4-sp-d16 -DUSE_HAL_DRIVER -DSTM32F407xx -I"C:/Users/joebe/Desktop/balloon_project_swv1/I2C_test/I2C_Raspb/USB_HOST/App" -I"C:/Users/joebe/Desktop/balloon_project_swv1/I2C_test/I2C_Raspb/USB_HOST/Target" -I"C:/Users/joebe/Desktop/balloon_project_swv1/I2C_test/I2C_Raspb/Core/Inc" -I"C:/Users/joebe/Desktop/balloon_project_swv1/I2C_test/I2C_Raspb/Drivers/STM32F4xx_HAL_Driver/Inc" -I"C:/Users/joebe/Desktop/balloon_project_swv1/I2C_test/I2C_Raspb/Drivers/STM32F4xx_HAL_Driver/Inc/Legacy" -I"C:/Users/joebe/Desktop/balloon_project_swv1/I2C_test/I2C_Raspb/Middlewares/ST/STM32_USB_Host_Library/Core/Inc" -I"C:/Users/joebe/Desktop/balloon_project_swv1/I2C_test/I2C_Raspb/Middlewares/ST/STM32_USB_Host_Library/Class/CDC/Inc" -I"C:/Users/joebe/Desktop/balloon_project_swv1/I2C_test/I2C_Raspb/Drivers/CMSIS/Device/ST/STM32F4xx/Include" -I"C:/Users/joebe/Desktop/balloon_project_swv1/I2C_test/I2C_Raspb/Drivers/CMSIS/Include"  -Og -g3 -Wall -fmessage-length=0 -ffunction-sections -c -fmessage-length=0 -MMD -MP -MF"Drivers/STM32F4xx_HAL_Driver/Src/stm32f4xx_hal_i2c_ex.d" -MT"Drivers/STM32F4xx_HAL_Driver/Src/stm32f4xx_hal_i2c_ex.o" -o "Drivers/STM32F4xx_HAL_Driver/Src/stm32f4xx_hal_i2c_ex.o" "../Drivers/STM32F4xx_HAL_Driver/Src/stm32f4xx_hal_i2c_ex.c"
Building file: ../Drivers/STM32F4xx_HAL_Driver/Src/stm32f4xx_hal_pwr.c
Invoking: MCU GCC Compiler
C:\Users\joebe\Desktop\balloon_project_swv1\I2C_test\I2C_Raspb\Debug
arm-none-eabi-gcc -mcpu=cortex-m4 -mthumb -mfloat-abi=hard -mfpu=fpv4-sp-d16 -DUSE_HAL_DRIVER -DSTM32F407xx -I"C:/Users/joebe/Desktop/balloon_project_swv1/I2C_test/I2C_Raspb/USB_HOST/App" -I"C:/Users/joebe/Desktop/balloon_project_swv1/I2C_test/I2C_Raspb/USB_HOST/Target" -I"C:/Users/joebe/Desktop/balloon_project_swv1/I2C_test/I2C_Raspb/Core/Inc" -I"C:/Users/joebe/Desktop/balloon_project_swv1/I2C_test/I2C_Raspb/Drivers/STM32F4xx_HAL_Driver/Inc" -I"C:/Users/joebe/Desktop/balloon_project_swv1/I2C_test/I2C_Raspb/Drivers/STM32F4xx_HAL_Driver/Inc/Legacy" -I"C:/Users/joebe/Desktop/balloon_project_swv1/I2C_test/I2C_Raspb/Middlewares/ST/STM32_USB_Host_Library/Core/Inc" -I"C:/Users/joebe/Desktop/balloon_project_swv1/I2C_test/I2C_Raspb/Middlewares/ST/STM32_USB_Host_Library/Class/CDC/Inc" -I"C:/Users/joebe/Desktop/balloon_project_swv1/I2C_test/I2C_Raspb/Drivers/CMSIS/Device/ST/STM32F4xx/Include" -I"C:/Users/joebe/Desktop/balloon_project_swv1/I2C_test/I2C_Raspb/Drivers/CMSIS/Include"  -Og -g3 -Wall -fmessage-length=0 -ffunction-sections -c -fmessage-length=0 -MMD -MP -MF"Drivers/STM32F4xx_HAL_Driver/Src/stm32f4xx_hal_i2s.d" -MT"Drivers/STM32F4xx_HAL_Driver/Src/stm32f4xx_hal_i2s.o" -o "Drivers/STM32F4xx_HAL_Driver/Src/stm32f4xx_hal_i2s.o" "../Drivers/STM32F4xx_HAL_Driver/Src/stm32f4xx_hal_i2s.c"
Building file: ../Drivers/STM32F4xx_HAL_Driver/Src/stm32f4xx_hal_pwr_ex.c
Invoking: MCU GCC Compiler
C:\Users\joebe\Desktop\balloon_project_swv1\I2C_test\I2C_Raspb\Debug
arm-none-eabi-gcc -mcpu=cortex-m4 -mthumb -mfloat-abi=hard -mfpu=fpv4-sp-d16 -DUSE_HAL_DRIVER -DSTM32F407xx -I"C:/Users/joebe/Desktop/balloon_project_swv1/I2C_test/I2C_Raspb/USB_HOST/App" -I"C:/Users/joebe/Desktop/balloon_project_swv1/I2C_test/I2C_Raspb/USB_HOST/Target" -I"C:/Users/joebe/Desktop/balloon_project_swv1/I2C_test/I2C_Raspb/Core/Inc" -I"C:/Users/joebe/Desktop/balloon_project_swv1/I2C_test/I2C_Raspb/Drivers/STM32F4xx_HAL_Driver/Inc" -I"C:/Users/joebe/Desktop/balloon_project_swv1/I2C_test/I2C_Raspb/Drivers/STM32F4xx_HAL_Driver/Inc/Legacy" -I"C:/Users/joebe/Desktop/balloon_project_swv1/I2C_test/I2C_Raspb/Middlewares/ST/STM32_USB_Host_Library/Core/Inc" -I"C:/Users/joebe/Desktop/balloon_project_swv1/I2C_test/I2C_Raspb/Middlewares/ST/STM32_USB_Host_Library/Class/CDC/Inc" -I"C:/Users/joebe/Desktop/balloon_project_swv1/I2C_test/I2C_Raspb/Drivers/CMSIS/Device/ST/STM32F4xx/Include" -I"C:/Users/joebe/Desktop/balloon_project_swv1/I2C_test/I2C_Raspb/Drivers/CMSIS/Include"  -Og -g3 -Wall -fmessage-length=0 -ffunction-sections -c -fmessage-length=0 -MMD -MP -MF"Drivers/STM32F4xx_HAL_Driver/Src/stm32f4xx_hal_i2s_ex.d" -MT"Drivers/STM32F4xx_HAL_Driver/Src/stm32f4xx_hal_i2s_ex.o" -o "Drivers/STM32F4xx_HAL_Driver/Src/stm32f4xx_hal_i2s_ex.o" "../Drivers/STM32F4xx_HAL_Driver/Src/stm32f4xx_hal_i2s_ex.c"
C:\Users\joebe\Desktop\balloon_project_swv1\I2C_test\I2C_Raspb\Debug
Invoking: MCU GCC Compiler
arm-none-eabi-gcc -mcpu=cortex-m4 -mthumb -mfloat-abi=hard -mfpu=fpv4-sp-d16 -DUSE_HAL_DRIVER -DSTM32F407xx -I"C:/Users/joebe/Desktop/balloon_project_swv1/I2C_test/I2C_Raspb/USB_HOST/App" -I"C:/Users/joebe/Desktop/balloon_project_swv1/I2C_test/I2C_Raspb/USB_HOST/Target" -I"C:/Users/joebe/Desktop/balloon_project_swv1/I2C_test/I2C_Raspb/Core/Inc" -I"C:/Users/joebe/Desktop/balloon_project_swv1/I2C_test/I2C_Raspb/Drivers/STM32F4xx_HAL_Driver/Inc" -I"C:/Users/joebe/Desktop/balloon_project_swv1/I2C_test/I2C_Raspb/Drivers/STM32F4xx_HAL_Driver/Inc/Legacy" -I"C:/Users/joebe/Desktop/balloon_project_swv1/I2C_test/I2C_Raspb/Middlewares/ST/STM32_USB_Host_Library/Core/Inc" -I"C:/Users/joebe/Desktop/balloon_project_swv1/I2C_test/I2C_Raspb/Middlewares/ST/STM32_USB_Host_Library/Class/CDC/Inc" -I"C:/Users/joebe/Desktop/balloon_project_swv1/I2C_test/I2C_Raspb/Drivers/CMSIS/Device/ST/STM32F4xx/Include" -I"C:/Users/joebe/Desktop/balloon_project_swv1/I2C_test/I2C_Raspb/Drivers/CMSIS/Include"  -Og -g3 -Wall -fmessage-length=0 -ffunction-sections -c -fmessage-length=0 -MMD -MP -MF"Drivers/STM32F4xx_HAL_Driver/Src/stm32f4xx_hal_pwr.d" -MT"Drivers/STM32F4xx_HAL_Driver/Src/stm32f4xx_hal_pwr.o" -o "Drivers/STM32F4xx_HAL_Driver/Src/stm32f4xx_hal_pwr.o" "../Drivers/STM32F4xx_HAL_Driver/Src/stm32f4xx_hal_pwr.c"
C:\Users\joebe\Desktop\balloon_project_swv1\I2C_test\I2C_Raspb\Debug
arm-none-eabi-gcc -mcpu=cortex-m4 -mthumb -mfloat-abi=hard -mfpu=fpv4-sp-d16 -DUSE_HAL_DRIVER -DSTM32F407xx -I"C:/Users/joebe/Desktop/balloon_project_swv1/I2C_test/I2C_Raspb/USB_HOST/App" -I"C:/Users/joebe/Desktop/balloon_project_swv1/I2C_test/I2C_Raspb/USB_HOST/Target" -I"C:/Users/joebe/Desktop/balloon_project_swv1/I2C_test/I2C_Raspb/Core/Inc" -I"C:/Users/joebe/Desktop/balloon_project_swv1/I2C_test/I2C_Raspb/Drivers/STM32F4xx_HAL_Driver/Inc" -I"C:/Users/joebe/Desktop/balloon_project_swv1/I2C_test/I2C_Raspb/Drivers/STM32F4xx_HAL_Driver/Inc/Legacy" -I"C:/Users/joebe/Desktop/balloon_project_swv1/I2C_test/I2C_Raspb/Middlewares/ST/STM32_USB_Host_Library/Core/Inc" -I"C:/Users/joebe/Desktop/balloon_project_swv1/I2C_test/I2C_Raspb/Middlewares/ST/STM32_USB_Host_Library/Class/CDC/Inc" -I"C:/Users/joebe/Desktop/balloon_project_swv1/I2C_test/I2C_Raspb/Drivers/CMSIS/Device/ST/STM32F4xx/Include" -I"C:/Users/joebe/Desktop/balloon_project_swv1/I2C_test/I2C_Raspb/Drivers/CMSIS/Include"  -Og -g3 -Wall -fmessage-length=0 -ffunction-sections -c -fmessage-length=0 -MMD -MP -MF"Drivers/STM32F4xx_HAL_Driver/Src/stm32f4xx_hal_pwr_ex.d" -MT"Drivers/STM32F4xx_HAL_Driver/Src/stm32f4xx_hal_pwr_ex.o" -o "Drivers/STM32F4xx_HAL_Driver/Src/stm32f4xx_hal_pwr_ex.o" "../Drivers/STM32F4xx_HAL_Driver/Src/stm32f4xx_hal_pwr_ex.c"
Finished building: ../Drivers/STM32F4xx_HAL_Driver/Src/stm32f4xx_hal_gpio.c
 
Finished building: ../Drivers/STM32F4xx_HAL_Driver/Src/stm32f4xx_hal_i2c_ex.c
Building file: ../Drivers/STM32F4xx_HAL_Driver/Src/stm32f4xx_hal_rcc.c
 
Invoking: MCU GCC Compiler
Finished building: ../Drivers/STM32F4xx_HAL_Driver/Src/stm32f4xx_hal_pwr.c
Building file: ../Drivers/STM32F4xx_HAL_Driver/Src/stm32f4xx_hal_rcc_ex.c
C:\Users\joebe\Desktop\balloon_project_swv1\I2C_test\I2C_Raspb\Debug
 
Invoking: MCU GCC Compiler
arm-none-eabi-gcc -mcpu=cortex-m4 -mthumb -mfloat-abi=hard -mfpu=fpv4-sp-d16 -DUSE_HAL_DRIVER -DSTM32F407xx -I"C:/Users/joebe/Desktop/balloon_project_swv1/I2C_test/I2C_Raspb/USB_HOST/App" -I"C:/Users/joebe/Desktop/balloon_project_swv1/I2C_test/I2C_Raspb/USB_HOST/Target" -I"C:/Users/joebe/Desktop/balloon_project_swv1/I2C_test/I2C_Raspb/Core/Inc" -I"C:/Users/joebe/Desktop/balloon_project_swv1/I2C_test/I2C_Raspb/Drivers/STM32F4xx_HAL_Driver/Inc" -I"C:/Users/joebe/Desktop/balloon_project_swv1/I2C_test/I2C_Raspb/Drivers/STM32F4xx_HAL_Driver/Inc/Legacy" -I"C:/Users/joebe/Desktop/balloon_project_swv1/I2C_test/I2C_Raspb/Middlewares/ST/STM32_USB_Host_Library/Core/Inc" -I"C:/Users/joebe/Desktop/balloon_project_swv1/I2C_test/I2C_Raspb/Middlewares/ST/STM32_USB_Host_Library/Class/CDC/Inc" -I"C:/Users/joebe/Desktop/balloon_project_swv1/I2C_test/I2C_Raspb/Drivers/CMSIS/Device/ST/STM32F4xx/Include" -I"C:/Users/joebe/Desktop/balloon_project_swv1/I2C_test/I2C_Raspb/Drivers/CMSIS/Include"  -Og -g3 -Wall -fmessage-length=0 -ffunction-sections -c -fmessage-length=0 -MMD -MP -MF"Drivers/STM32F4xx_HAL_Driver/Src/stm32f4xx_hal_rcc.d" -MT"Drivers/STM32F4xx_HAL_Driver/Src/stm32f4xx_hal_rcc.o" -o "Drivers/STM32F4xx_HAL_Driver/Src/stm32f4xx_hal_rcc.o" "../Drivers/STM32F4xx_HAL_Driver/Src/stm32f4xx_hal_rcc.c"
Finished building: ../Drivers/STM32F4xx_HAL_Driver/Src/stm32f4xx_hal_hcd.c
Building file: ../Drivers/STM32F4xx_HAL_Driver/Src/stm32f4xx_hal_spi.c
C:\Users\joebe\Desktop\balloon_project_swv1\I2C_test\I2C_Raspb\Debug
arm-none-eabi-gcc -mcpu=cortex-m4 -mthumb -mfloat-abi=hard -mfpu=fpv4-sp-d16 -DUSE_HAL_DRIVER -DSTM32F407xx -I"C:/Users/joebe/Desktop/balloon_project_swv1/I2C_test/I2C_Raspb/USB_HOST/App" -I"C:/Users/joebe/Desktop/balloon_project_swv1/I2C_test/I2C_Raspb/USB_HOST/Target" -I"C:/Users/joebe/Desktop/balloon_project_swv1/I2C_test/I2C_Raspb/Core/Inc" -I"C:/Users/joebe/Desktop/balloon_project_swv1/I2C_test/I2C_Raspb/Drivers/STM32F4xx_HAL_Driver/Inc" -I"C:/Users/joebe/Desktop/balloon_project_swv1/I2C_test/I2C_Raspb/Drivers/STM32F4xx_HAL_Driver/Inc/Legacy" -I"C:/Users/joebe/Desktop/balloon_project_swv1/I2C_test/I2C_Raspb/Middlewares/ST/STM32_USB_Host_Library/Core/Inc" -I"C:/Users/joebe/Desktop/balloon_project_swv1/I2C_test/I2C_Raspb/Middlewares/ST/STM32_USB_Host_Library/Class/CDC/Inc" -I"C:/Users/joebe/Desktop/balloon_project_swv1/I2C_test/I2C_Raspb/Drivers/CMSIS/Device/ST/STM32F4xx/Include" -I"C:/Users/joebe/Desktop/balloon_project_swv1/I2C_test/I2C_Raspb/Drivers/CMSIS/Include"  -Og -g3 -Wall -fmessage-length=0 -ffunction-sections -c -fmessage-length=0 -MMD -MP -MF"Drivers/STM32F4xx_HAL_Driver/Src/stm32f4xx_hal_rcc_ex.d" -MT"Drivers/STM32F4xx_HAL_Driver/Src/stm32f4xx_hal_rcc_ex.o" -o "Drivers/STM32F4xx_HAL_Driver/Src/stm32f4xx_hal_rcc_ex.o" "../Drivers/STM32F4xx_HAL_Driver/Src/stm32f4xx_hal_rcc_ex.c"
 
Invoking: MCU GCC Compiler
Finished building: ../Drivers/STM32F4xx_HAL_Driver/Src/stm32f4xx_hal_pwr_ex.c
C:\Users\joebe\Desktop\balloon_project_swv1\I2C_test\I2C_Raspb\Debug
Building file: ../Drivers/STM32F4xx_HAL_Driver/Src/stm32f4xx_hal_tim.c
Finished building: ../Drivers/STM32F4xx_HAL_Driver/Src/stm32f4xx_hal_i2s_ex.c
arm-none-eabi-gcc -mcpu=cortex-m4 -mthumb -mfloat-abi=hard -mfpu=fpv4-sp-d16 -DUSE_HAL_DRIVER -DSTM32F407xx -I"C:/Users/joebe/Desktop/balloon_project_swv1/I2C_test/I2C_Raspb/USB_HOST/App" -I"C:/Users/joebe/Desktop/balloon_project_swv1/I2C_test/I2C_Raspb/USB_HOST/Target" -I"C:/Users/joebe/Desktop/balloon_project_swv1/I2C_test/I2C_Raspb/Core/Inc" -I"C:/Users/joebe/Desktop/balloon_project_swv1/I2C_test/I2C_Raspb/Drivers/STM32F4xx_HAL_Driver/Inc" -I"C:/Users/joebe/Desktop/balloon_project_swv1/I2C_test/I2C_Raspb/Drivers/STM32F4xx_HAL_Driver/Inc/Legacy" -I"C:/Users/joebe/Desktop/balloon_project_swv1/I2C_test/I2C_Raspb/Middlewares/ST/STM32_USB_Host_Library/Core/Inc" -I"C:/Users/joebe/Desktop/balloon_project_swv1/I2C_test/I2C_Raspb/Middlewares/ST/STM32_USB_Host_Library/Class/CDC/Inc" -I"C:/Users/joebe/Desktop/balloon_project_swv1/I2C_test/I2C_Raspb/Drivers/CMSIS/Device/ST/STM32F4xx/Include" -I"C:/Users/joebe/Desktop/balloon_project_swv1/I2C_test/I2C_Raspb/Drivers/CMSIS/Include"  -Og -g3 -Wall -fmessage-length=0 -ffunction-sections -c -fmessage-length=0 -MMD -MP -MF"Drivers/STM32F4xx_HAL_Driver/Src/stm32f4xx_hal_spi.d" -MT"Drivers/STM32F4xx_HAL_Driver/Src/stm32f4xx_hal_spi.o" -o "Drivers/STM32F4xx_HAL_Driver/Src/stm32f4xx_hal_spi.o" "../Drivers/STM32F4xx_HAL_Driver/Src/stm32f4xx_hal_spi.c"
 
Invoking: MCU GCC Compiler
 
Building file: ../Drivers/STM32F4xx_HAL_Driver/Src/stm32f4xx_hal_tim_ex.c
C:\Users\joebe\Desktop\balloon_project_swv1\I2C_test\I2C_Raspb\Debug
Finished building: ../Drivers/STM32F4xx_HAL_Driver/Src/stm32f4xx_hal_i2s.c
arm-none-eabi-gcc -mcpu=cortex-m4 -mthumb -mfloat-abi=hard -mfpu=fpv4-sp-d16 -DUSE_HAL_DRIVER -DSTM32F407xx -I"C:/Users/joebe/Desktop/balloon_project_swv1/I2C_test/I2C_Raspb/USB_HOST/App" -I"C:/Users/joebe/Desktop/balloon_project_swv1/I2C_test/I2C_Raspb/USB_HOST/Target" -I"C:/Users/joebe/Desktop/balloon_project_swv1/I2C_test/I2C_Raspb/Core/Inc" -I"C:/Users/joebe/Desktop/balloon_project_swv1/I2C_test/I2C_Raspb/Drivers/STM32F4xx_HAL_Driver/Inc" -I"C:/Users/joebe/Desktop/balloon_project_swv1/I2C_test/I2C_Raspb/Drivers/STM32F4xx_HAL_Driver/Inc/Legacy" -I"C:/Users/joebe/Desktop/balloon_project_swv1/I2C_test/I2C_Raspb/Middlewares/ST/STM32_USB_Host_Library/Core/Inc" -I"C:/Users/joebe/Desktop/balloon_project_swv1/I2C_test/I2C_Raspb/Middlewares/ST/STM32_USB_Host_Library/Class/CDC/Inc" -I"C:/Users/joebe/Desktop/balloon_project_swv1/I2C_test/I2C_Raspb/Drivers/CMSIS/Device/ST/STM32F4xx/Include" -I"C:/Users/joebe/Desktop/balloon_project_swv1/I2C_test/I2C_Raspb/Drivers/CMSIS/Include"  -Og -g3 -Wall -fmessage-length=0 -ffunction-sections -c -fmessage-length=0 -MMD -MP -MF"Drivers/STM32F4xx_HAL_Driver/Src/stm32f4xx_hal_tim.d" -MT"Drivers/STM32F4xx_HAL_Driver/Src/stm32f4xx_hal_tim.o" -o "Drivers/STM32F4xx_HAL_Driver/Src/stm32f4xx_hal_tim.o" "../Drivers/STM32F4xx_HAL_Driver/Src/stm32f4xx_hal_tim.c"
Invoking: MCU GCC Compiler
Building file: ../Drivers/STM32F4xx_HAL_Driver/Src/stm32f4xx_ll_usb.c
 
C:\Users\joebe\Desktop\balloon_project_swv1\I2C_test\I2C_Raspb\Debug
arm-none-eabi-gcc -mcpu=cortex-m4 -mthumb -mfloat-abi=hard -mfpu=fpv4-sp-d16 -DUSE_HAL_DRIVER -DSTM32F407xx -I"C:/Users/joebe/Desktop/balloon_project_swv1/I2C_test/I2C_Raspb/USB_HOST/App" -I"C:/Users/joebe/Desktop/balloon_project_swv1/I2C_test/I2C_Raspb/USB_HOST/Target" -I"C:/Users/joebe/Desktop/balloon_project_swv1/I2C_test/I2C_Raspb/Core/Inc" -I"C:/Users/joebe/Desktop/balloon_project_swv1/I2C_test/I2C_Raspb/Drivers/STM32F4xx_HAL_Driver/Inc" -I"C:/Users/joebe/Desktop/balloon_project_swv1/I2C_test/I2C_Raspb/Drivers/STM32F4xx_HAL_Driver/Inc/Legacy" -I"C:/Users/joebe/Desktop/balloon_project_swv1/I2C_test/I2C_Raspb/Middlewares/ST/STM32_USB_Host_Library/Core/Inc" -I"C:/Users/joebe/Desktop/balloon_project_swv1/I2C_test/I2C_Raspb/Middlewares/ST/STM32_USB_Host_Library/Class/CDC/Inc" -I"C:/Users/joebe/Desktop/balloon_project_swv1/I2C_test/I2C_Raspb/Drivers/CMSIS/Device/ST/STM32F4xx/Include" -I"C:/Users/joebe/Desktop/balloon_project_swv1/I2C_test/I2C_Raspb/Drivers/CMSIS/Include"  -Og -g3 -Wall -fmessage-length=0 -ffunction-sections -c -fmessage-length=0 -MMD -MP -MF"Drivers/STM32F4xx_HAL_Driver/Src/stm32f4xx_hal_tim_ex.d" -MT"Drivers/STM32F4xx_HAL_Driver/Src/stm32f4xx_hal_tim_ex.o" -o "Drivers/STM32F4xx_HAL_Driver/Src/stm32f4xx_hal_tim_ex.o" "../Drivers/STM32F4xx_HAL_Driver/Src/stm32f4xx_hal_tim_ex.c"
Invoking: MCU GCC Compiler
Building file: ../Core/Src/main.c
C:\Users\joebe\Desktop\balloon_project_swv1\I2C_test\I2C_Raspb\Debug
Invoking: MCU GCC Compiler
arm-none-eabi-gcc -mcpu=cortex-m4 -mthumb -mfloat-abi=hard -mfpu=fpv4-sp-d16 -DUSE_HAL_DRIVER -DSTM32F407xx -I"C:/Users/joebe/Desktop/balloon_project_swv1/I2C_test/I2C_Raspb/USB_HOST/App" -I"C:/Users/joebe/Desktop/balloon_project_swv1/I2C_test/I2C_Raspb/USB_HOST/Target" -I"C:/Users/joebe/Desktop/balloon_project_swv1/I2C_test/I2C_Raspb/Core/Inc" -I"C:/Users/joebe/Desktop/balloon_project_swv1/I2C_test/I2C_Raspb/Drivers/STM32F4xx_HAL_Driver/Inc" -I"C:/Users/joebe/Desktop/balloon_project_swv1/I2C_test/I2C_Raspb/Drivers/STM32F4xx_HAL_Driver/Inc/Legacy" -I"C:/Users/joebe/Desktop/balloon_project_swv1/I2C_test/I2C_Raspb/Middlewares/ST/STM32_USB_Host_Library/Core/Inc" -I"C:/Users/joebe/Desktop/balloon_project_swv1/I2C_test/I2C_Raspb/Middlewares/ST/STM32_USB_Host_Library/Class/CDC/Inc" -I"C:/Users/joebe/Desktop/balloon_project_swv1/I2C_test/I2C_Raspb/Drivers/CMSIS/Device/ST/STM32F4xx/Include" -I"C:/Users/joebe/Desktop/balloon_project_swv1/I2C_test/I2C_Raspb/Drivers/CMSIS/Include"  -Og -g3 -Wall -fmessage-length=0 -ffunction-sections -c -fmessage-length=0 -MMD -MP -MF"Drivers/STM32F4xx_HAL_Driver/Src/stm32f4xx_ll_usb.d" -MT"Drivers/STM32F4xx_HAL_Driver/Src/stm32f4xx_ll_usb.o" -o "Drivers/STM32F4xx_HAL_Driver/Src/stm32f4xx_ll_usb.o" "../Drivers/STM32F4xx_HAL_Driver/Src/stm32f4xx_ll_usb.c"
C:\Users\joebe\Desktop\balloon_project_swv1\I2C_test\I2C_Raspb\Debug
arm-none-eabi-gcc -mcpu=cortex-m4 -mthumb -mfloat-abi=hard -mfpu=fpv4-sp-d16 -DUSE_HAL_DRIVER -DSTM32F407xx -I"C:/Users/joebe/Desktop/balloon_project_swv1/I2C_test/I2C_Raspb/USB_HOST/App" -I"C:/Users/joebe/Desktop/balloon_project_swv1/I2C_test/I2C_Raspb/USB_HOST/Target" -I"C:/Users/joebe/Desktop/balloon_project_swv1/I2C_test/I2C_Raspb/Core/Inc" -I"C:/Users/joebe/Desktop/balloon_project_swv1/I2C_test/I2C_Raspb/Drivers/STM32F4xx_HAL_Driver/Inc" -I"C:/Users/joebe/Desktop/balloon_project_swv1/I2C_test/I2C_Raspb/Drivers/STM32F4xx_HAL_Driver/Inc/Legacy" -I"C:/Users/joebe/Desktop/balloon_project_swv1/I2C_test/I2C_Raspb/Middlewares/ST/STM32_USB_Host_Library/Core/Inc" -I"C:/Users/joebe/Desktop/balloon_project_swv1/I2C_test/I2C_Raspb/Middlewares/ST/STM32_USB_Host_Library/Class/CDC/Inc" -I"C:/Users/joebe/Desktop/balloon_project_swv1/I2C_test/I2C_Raspb/Drivers/CMSIS/Device/ST/STM32F4xx/Include" -I"C:/Users/joebe/Desktop/balloon_project_swv1/I2C_test/I2C_Raspb/Drivers/CMSIS/Include"  -Og -g3 -Wall -fmessage-length=0 -ffunction-sections -c -fmessage-length=0 -MMD -MP -MF"Core/Src/main.d" -MT"Core/Src/main.o" -o "Core/Src/main.o" "../Core/Src/main.c"
Finished building: ../Drivers/STM32F4xx_HAL_Driver/Src/stm32f4xx_hal_i2c.c
 
Building file: ../Core/Src/stm32f4xx_hal_msp.c
Invoking: MCU GCC Compiler
C:\Users\joebe\Desktop\balloon_project_swv1\I2C_test\I2C_Raspb\Debug
arm-none-eabi-gcc -mcpu=cortex-m4 -mthumb -mfloat-abi=hard -mfpu=fpv4-sp-d16 -DUSE_HAL_DRIVER -DSTM32F407xx -I"C:/Users/joebe/Desktop/balloon_project_swv1/I2C_test/I2C_Raspb/USB_HOST/App" -I"C:/Users/joebe/Desktop/balloon_project_swv1/I2C_test/I2C_Raspb/USB_HOST/Target" -I"C:/Users/joebe/Desktop/balloon_project_swv1/I2C_test/I2C_Raspb/Core/Inc" -I"C:/Users/joebe/Desktop/balloon_project_swv1/I2C_test/I2C_Raspb/Drivers/STM32F4xx_HAL_Driver/Inc" -I"C:/Users/joebe/Desktop/balloon_project_swv1/I2C_test/I2C_Raspb/Drivers/STM32F4xx_HAL_Driver/Inc/Legacy" -I"C:/Users/joebe/Desktop/balloon_project_swv1/I2C_test/I2C_Raspb/Middlewares/ST/STM32_USB_Host_Library/Core/Inc" -I"C:/Users/joebe/Desktop/balloon_project_swv1/I2C_test/I2C_Raspb/Middlewares/ST/STM32_USB_Host_Library/Class/CDC/Inc" -I"C:/Users/joebe/Desktop/balloon_project_swv1/I2C_test/I2C_Raspb/Drivers/CMSIS/Device/ST/STM32F4xx/Include" -I"C:/Users/joebe/Desktop/balloon_project_swv1/I2C_test/I2C_Raspb/Drivers/CMSIS/Include"  -Og -g3 -Wall -fmessage-length=0 -ffunction-sections -c -fmessage-length=0 -MMD -MP -MF"Core/Src/stm32f4xx_hal_msp.d" -MT"Core/Src/stm32f4xx_hal_msp.o" -o "Core/Src/stm32f4xx_hal_msp.o" "../Core/Src/stm32f4xx_hal_msp.c"
Finished building: ../Drivers/STM32F4xx_HAL_Driver/Src/stm32f4xx_hal_rcc_ex.c
Finished building: ../Drivers/STM32F4xx_HAL_Driver/Src/stm32f4xx_hal_rcc.c
Finished building: ../Drivers/STM32F4xx_HAL_Driver/Src/stm32f4xx_hal_tim.c
 
 
 
Finished building: ../Drivers/STM32F4xx_HAL_Driver/Src/stm32f4xx_hal_tim_ex.c
Building file: ../Core/Src/stm32f4xx_it.c
Building file: ../Core/Src/syscalls.c
Building file: ../Core/Src/system_stm32f4xx.c
 
Invoking: MCU GCC Compiler
Invoking: MCU GCC Compiler
Invoking: MCU GCC Compiler
C:\Users\joebe\Desktop\balloon_project_swv1\I2C_test\I2C_Raspb\Debug
C:\Users\joebe\Desktop\balloon_project_swv1\I2C_test\I2C_Raspb\Debug
arm-none-eabi-gcc -mcpu=cortex-m4 -mthumb -mfloat-abi=hard -mfpu=fpv4-sp-d16 -DUSE_HAL_DRIVER -DSTM32F407xx -I"C:/Users/joebe/Desktop/balloon_project_swv1/I2C_test/I2C_Raspb/USB_HOST/App" -I"C:/Users/joebe/Desktop/balloon_project_swv1/I2C_test/I2C_Raspb/USB_HOST/Target" -I"C:/Users/joebe/Desktop/balloon_project_swv1/I2C_test/I2C_Raspb/Core/Inc" -I"C:/Users/joebe/Desktop/balloon_project_swv1/I2C_test/I2C_Raspb/Drivers/STM32F4xx_HAL_Driver/Inc" -I"C:/Users/joebe/Desktop/balloon_project_swv1/I2C_test/I2C_Raspb/Drivers/STM32F4xx_HAL_Driver/Inc/Legacy" -I"C:/Users/joebe/Desktop/balloon_project_swv1/I2C_test/I2C_Raspb/Middlewares/ST/STM32_USB_Host_Library/Core/Inc" -I"C:/Users/joebe/Desktop/balloon_project_swv1/I2C_test/I2C_Raspb/Middlewares/ST/STM32_USB_Host_Library/Class/CDC/Inc" -I"C:/Users/joebe/Desktop/balloon_project_swv1/I2C_test/I2C_Raspb/Drivers/CMSIS/Device/ST/STM32F4xx/Include" -I"C:/Users/joebe/Desktop/balloon_project_swv1/I2C_test/I2C_Raspb/Drivers/CMSIS/Include"  -Og -g3 -Wall -fmessage-length=0 -ffunction-sections -c -fmessage-length=0 -MMD -MP -MF"Core/Src/stm32f4xx_it.d" -MT"Core/Src/stm32f4xx_it.o" -o "Core/Src/stm32f4xx_it.o" "../Core/Src/stm32f4xx_it.c"
arm-none-eabi-gcc -mcpu=cortex-m4 -mthumb -mfloat-abi=hard -mfpu=fpv4-sp-d16 -DUSE_HAL_DRIVER -DSTM32F407xx -I"C:/Users/joebe/Desktop/balloon_project_swv1/I2C_test/I2C_Raspb/USB_HOST/App" -I"C:/Users/joebe/Desktop/balloon_project_swv1/I2C_test/I2C_Raspb/USB_HOST/Target" -I"C:/Users/joebe/Desktop/balloon_project_swv1/I2C_test/I2C_Raspb/Core/Inc" -I"C:/Users/joebe/Desktop/balloon_project_swv1/I2C_test/I2C_Raspb/Drivers/STM32F4xx_HAL_Driver/Inc" -I"C:/Users/joebe/Desktop/balloon_project_swv1/I2C_test/I2C_Raspb/Drivers/STM32F4xx_HAL_Driver/Inc/Legacy" -I"C:/Users/joebe/Desktop/balloon_project_swv1/I2C_test/I2C_Raspb/Middlewares/ST/STM32_USB_Host_Library/Core/Inc" -I"C:/Users/joebe/Desktop/balloon_project_swv1/I2C_test/I2C_Raspb/Middlewares/ST/STM32_USB_Host_Library/Class/CDC/Inc" -I"C:/Users/joebe/Desktop/balloon_project_swv1/I2C_test/I2C_Raspb/Drivers/CMSIS/Device/ST/STM32F4xx/Include" -I"C:/Users/joebe/Desktop/balloon_project_swv1/I2C_test/I2C_Raspb/Drivers/CMSIS/Include"  -Og -g3 -Wall -fmessage-length=0 -ffunction-sections -c -fmessage-length=0 -MMD -MP -MF"Core/Src/syscalls.d" -MT"Core/Src/syscalls.o" -o "Core/Src/syscalls.o" "../Core/Src/syscalls.c"
C:\Users\joebe\Desktop\balloon_project_swv1\I2C_test\I2C_Raspb\Debug
arm-none-eabi-gcc -mcpu=cortex-m4 -mthumb -mfloat-abi=hard -mfpu=fpv4-sp-d16 -DUSE_HAL_DRIVER -DSTM32F407xx -I"C:/Users/joebe/Desktop/balloon_project_swv1/I2C_test/I2C_Raspb/USB_HOST/App" -I"C:/Users/joebe/Desktop/balloon_project_swv1/I2C_test/I2C_Raspb/USB_HOST/Target" -I"C:/Users/joebe/Desktop/balloon_project_swv1/I2C_test/I2C_Raspb/Core/Inc" -I"C:/Users/joebe/Desktop/balloon_project_swv1/I2C_test/I2C_Raspb/Drivers/STM32F4xx_HAL_Driver/Inc" -I"C:/Users/joebe/Desktop/balloon_project_swv1/I2C_test/I2C_Raspb/Drivers/STM32F4xx_HAL_Driver/Inc/Legacy" -I"C:/Users/joebe/Desktop/balloon_project_swv1/I2C_test/I2C_Raspb/Middlewares/ST/STM32_USB_Host_Library/Core/Inc" -I"C:/Users/joebe/Desktop/balloon_project_swv1/I2C_test/I2C_Raspb/Middlewares/ST/STM32_USB_Host_Library/Class/CDC/Inc" -I"C:/Users/joebe/Desktop/balloon_project_swv1/I2C_test/I2C_Raspb/Drivers/CMSIS/Device/ST/STM32F4xx/Include" -I"C:/Users/joebe/Desktop/balloon_project_swv1/I2C_test/I2C_Raspb/Drivers/CMSIS/Include"  -Og -g3 -Wall -fmessage-length=0 -ffunction-sections -c -fmessage-length=0 -MMD -MP -MF"Core/Src/system_stm32f4xx.d" -MT"Core/Src/system_stm32f4xx.o" -o "Core/Src/system_stm32f4xx.o" "../Core/Src/system_stm32f4xx.c"
Finished building: ../Core/Src/main.c
Finished building: ../Drivers/STM32F4xx_HAL_Driver/Src/stm32f4xx_hal_spi.c
 
 
Finished building: ../Drivers/STM32F4xx_HAL_Driver/Src/stm32f4xx_ll_usb.c
 
Finished building: ../Core/Src/syscalls.c
 
Finished building: ../Core/Src/stm32f4xx_hal_msp.c
 
Finished building: ../Core/Src/stm32f4xx_it.c
 
Finished building: ../Core/Src/system_stm32f4xx.c
 
Building target: I2C_Raspb.elf
Invoking: MCU GCC Linker
arm-none-eabi-gcc -mcpu=cortex-m4 -mthumb -mfloat-abi=hard -mfpu=fpv4-sp-d16 -specs=nosys.specs -specs=nano.specs -T"../STM32F407VGTx_FLASH.ld" -Wl,-Map=output.map -Wl,--gc-sections -o "I2C_Raspb.elf" @"objects.list"   -lm
Finished building target: I2C_Raspb.elf
 
make --no-print-directory post-build
Generating hex and Printing size information:
arm-none-eabi-objcopy -O ihex "I2C_Raspb.elf" "I2C_Raspb.hex"
arm-none-eabi-size "I2C_Raspb.elf"
   text	   data	    bss	    dec	    hex	filename
  18288	    152	   3536	  21976	   55d8	I2C_Raspb.elf
 
18:28:18 **** Incremental Build of configuration Debug for project I2C_Raspb ****
make -j8 all 
make: Nothing to be done for 'all'.
18:29:12 **** Incremental Build of configuration Debug for project I2C_Raspb ****
make -j8 all 
make: Nothing to be done for 'all'.
18:32:23 **** Incremental Build of configuration Debug for project I2C_Raspb ****
make -j8 all 
make: Nothing to be done for 'all'.
18:33:06 **** Incremental Build of configuration Debug for project I2C_Raspb ****
make -j8 all 
make: Nothing to be done for 'all'.
18:34:23 **** Incremental Build of configuration Debug for project I2C_Raspb ****
make -j8 all 
make: Nothing to be done for 'all'.
19:25:38 **** Incremental Build of configuration Debug for project I2C_Raspb ****
make -j8 all 
Building file: ../Core/Src/main.c
Invoking: MCU GCC Compiler
C:\Users\joebe\Desktop\balloon_project_swv1\I2C_test\I2C_Raspb\Debug
arm-none-eabi-gcc -mcpu=cortex-m4 -mthumb -mfloat-abi=hard -mfpu=fpv4-sp-d16 -DUSE_HAL_DRIVER -DSTM32F407xx -I"C:/Users/joebe/Desktop/balloon_project_swv1/I2C_test/I2C_Raspb/USB_HOST/App" -I"C:/Users/joebe/Desktop/balloon_project_swv1/I2C_test/I2C_Raspb/USB_HOST/Target" -I"C:/Users/joebe/Desktop/balloon_project_swv1/I2C_test/I2C_Raspb/Core/Inc" -I"C:/Users/joebe/Desktop/balloon_project_swv1/I2C_test/I2C_Raspb/Drivers/STM32F4xx_HAL_Driver/Inc" -I"C:/Users/joebe/Desktop/balloon_project_swv1/I2C_test/I2C_Raspb/Drivers/STM32F4xx_HAL_Driver/Inc/Legacy" -I"C:/Users/joebe/Desktop/balloon_project_swv1/I2C_test/I2C_Raspb/Middlewares/ST/STM32_USB_Host_Library/Core/Inc" -I"C:/Users/joebe/Desktop/balloon_project_swv1/I2C_test/I2C_Raspb/Middlewares/ST/STM32_USB_Host_Library/Class/CDC/Inc" -I"C:/Users/joebe/Desktop/balloon_project_swv1/I2C_test/I2C_Raspb/Drivers/CMSIS/Device/ST/STM32F4xx/Include" -I"C:/Users/joebe/Desktop/balloon_project_swv1/I2C_test/I2C_Raspb/Drivers/CMSIS/Include"  -Og -g3 -Wall -fmessage-length=0 -ffunction-sections -c -fmessage-length=0 -MMD -MP -MF"Core/Src/main.d" -MT"Core/Src/main.o" -o "Core/Src/main.o" "../Core/Src/main.c"
Finished building: ../Core/Src/main.c
 
Building target: I2C_Raspb.elf
Invoking: MCU GCC Linker
arm-none-eabi-gcc -mcpu=cortex-m4 -mthumb -mfloat-abi=hard -mfpu=fpv4-sp-d16 -specs=nosys.specs -specs=nano.specs -T"../STM32F407VGTx_FLASH.ld" -Wl,-Map=output.map -Wl,--gc-sections -o "I2C_Raspb.elf" @"objects.list"   -lm
Finished building target: I2C_Raspb.elf
 
make --no-print-directory post-build
Generating hex and Printing size information:
arm-none-eabi-objcopy -O ihex "I2C_Raspb.elf" "I2C_Raspb.hex"
arm-none-eabi-size "I2C_Raspb.elf"
   text	   data	    bss	    dec	    hex	filename
  18288	    152	   3536	  21976	   55d8	I2C_Raspb.elf
 
19:25:47 **** Incremental Build of configuration Debug for project I2C_Raspb ****
make -j8 all 
make: Nothing to be done for 'all'.
19:26:14 **** Incremental Build of configuration Debug for project I2C_Raspb ****
make -j8 all 
make: Nothing to be done for 'all'.
19:28:16 **** Incremental Build of configuration Debug for project I2C_Raspb ****
make -j8 all 
Building file: ../USB_HOST/Target/usbh_conf.c
Building file: ../USB_HOST/Target/usbh_platform.c
Building file: ../USB_HOST/App/usb_host.c
Building file: ../Middlewares/ST/STM32_USB_Host_Library/Core/Src/usbh_core.c
Invoking: MCU GCC Compiler
Invoking: MCU GCC Compiler
Invoking: MCU GCC Compiler
Building file: ../Middlewares/ST/STM32_USB_Host_Library/Core/Src/usbh_ctlreq.c
Invoking: MCU GCC Compiler
C:\Users\joebe\Desktop\balloon_project_swv1\I2C_test\I2C_Raspb\Debug
C:\Users\joebe\Desktop\balloon_project_swv1\I2C_test\I2C_Raspb\Debug
arm-none-eabi-gcc -mcpu=cortex-m4 -mthumb -mfloat-abi=hard -mfpu=fpv4-sp-d16 -DUSE_HAL_DRIVER -DSTM32F407xx -I"C:/Users/joebe/Desktop/balloon_project_swv1/I2C_test/I2C_Raspb/USB_HOST/App" -I"C:/Users/joebe/Desktop/balloon_project_swv1/I2C_test/I2C_Raspb/USB_HOST/Target" -I"C:/Users/joebe/Desktop/balloon_project_swv1/I2C_test/I2C_Raspb/Core/Inc" -I"C:/Users/joebe/Desktop/balloon_project_swv1/I2C_test/I2C_Raspb/Drivers/STM32F4xx_HAL_Driver/Inc" -I"C:/Users/joebe/Desktop/balloon_project_swv1/I2C_test/I2C_Raspb/Drivers/STM32F4xx_HAL_Driver/Inc/Legacy" -I"C:/Users/joebe/Desktop/balloon_project_swv1/I2C_test/I2C_Raspb/Middlewares/ST/STM32_USB_Host_Library/Core/Inc" -I"C:/Users/joebe/Desktop/balloon_project_swv1/I2C_test/I2C_Raspb/Middlewares/ST/STM32_USB_Host_Library/Class/CDC/Inc" -I"C:/Users/joebe/Desktop/balloon_project_swv1/I2C_test/I2C_Raspb/Drivers/CMSIS/Device/ST/STM32F4xx/Include" -I"C:/Users/joebe/Desktop/balloon_project_swv1/I2C_test/I2C_Raspb/Drivers/CMSIS/Include"  -Og -g3 -Wall -fmessage-length=0 -ffunction-sections -c -fmessage-length=0 -MMD -MP -MF"USB_HOST/Target/usbh_conf.d" -MT"USB_HOST/Target/usbh_conf.o" -o "USB_HOST/Target/usbh_conf.o" "../USB_HOST/Target/usbh_conf.c"
C:\Users\joebe\Desktop\balloon_project_swv1\I2C_test\I2C_Raspb\Debug
arm-none-eabi-gcc -mcpu=cortex-m4 -mthumb -mfloat-abi=hard -mfpu=fpv4-sp-d16 -DUSE_HAL_DRIVER -DSTM32F407xx -I"C:/Users/joebe/Desktop/balloon_project_swv1/I2C_test/I2C_Raspb/USB_HOST/App" -I"C:/Users/joebe/Desktop/balloon_project_swv1/I2C_test/I2C_Raspb/USB_HOST/Target" -I"C:/Users/joebe/Desktop/balloon_project_swv1/I2C_test/I2C_Raspb/Core/Inc" -I"C:/Users/joebe/Desktop/balloon_project_swv1/I2C_test/I2C_Raspb/Drivers/STM32F4xx_HAL_Driver/Inc" -I"C:/Users/joebe/Desktop/balloon_project_swv1/I2C_test/I2C_Raspb/Drivers/STM32F4xx_HAL_Driver/Inc/Legacy" -I"C:/Users/joebe/Desktop/balloon_project_swv1/I2C_test/I2C_Raspb/Middlewares/ST/STM32_USB_Host_Library/Core/Inc" -I"C:/Users/joebe/Desktop/balloon_project_swv1/I2C_test/I2C_Raspb/Middlewares/ST/STM32_USB_Host_Library/Class/CDC/Inc" -I"C:/Users/joebe/Desktop/balloon_project_swv1/I2C_test/I2C_Raspb/Drivers/CMSIS/Device/ST/STM32F4xx/Include" -I"C:/Users/joebe/Desktop/balloon_project_swv1/I2C_test/I2C_Raspb/Drivers/CMSIS/Include"  -Og -g3 -Wall -fmessage-length=0 -ffunction-sections -c -fmessage-length=0 -MMD -MP -MF"USB_HOST/Target/usbh_platform.d" -MT"USB_HOST/Target/usbh_platform.o" -o "USB_HOST/Target/usbh_platform.o" "../USB_HOST/Target/usbh_platform.c"
Invoking: MCU GCC Compiler
arm-none-eabi-gcc -mcpu=cortex-m4 -mthumb -mfloat-abi=hard -mfpu=fpv4-sp-d16 -DUSE_HAL_DRIVER -DSTM32F407xx -I"C:/Users/joebe/Desktop/balloon_project_swv1/I2C_test/I2C_Raspb/USB_HOST/App" -I"C:/Users/joebe/Desktop/balloon_project_swv1/I2C_test/I2C_Raspb/USB_HOST/Target" -I"C:/Users/joebe/Desktop/balloon_project_swv1/I2C_test/I2C_Raspb/Core/Inc" -I"C:/Users/joebe/Desktop/balloon_project_swv1/I2C_test/I2C_Raspb/Drivers/STM32F4xx_HAL_Driver/Inc" -I"C:/Users/joebe/Desktop/balloon_project_swv1/I2C_test/I2C_Raspb/Drivers/STM32F4xx_HAL_Driver/Inc/Legacy" -I"C:/Users/joebe/Desktop/balloon_project_swv1/I2C_test/I2C_Raspb/Middlewares/ST/STM32_USB_Host_Library/Core/Inc" -I"C:/Users/joebe/Desktop/balloon_project_swv1/I2C_test/I2C_Raspb/Middlewares/ST/STM32_USB_Host_Library/Class/CDC/Inc" -I"C:/Users/joebe/Desktop/balloon_project_swv1/I2C_test/I2C_Raspb/Drivers/CMSIS/Device/ST/STM32F4xx/Include" -I"C:/Users/joebe/Desktop/balloon_project_swv1/I2C_test/I2C_Raspb/Drivers/CMSIS/Include"  -Og -g3 -Wall -fmessage-length=0 -ffunction-sections -c -fmessage-length=0 -MMD -MP -MF"USB_HOST/App/usb_host.d" -MT"USB_HOST/App/usb_host.o" -o "USB_HOST/App/usb_host.o" "../USB_HOST/App/usb_host.c"
C:\Users\joebe\Desktop\balloon_project_swv1\I2C_test\I2C_Raspb\Debug
arm-none-eabi-gcc -mcpu=cortex-m4 -mthumb -mfloat-abi=hard -mfpu=fpv4-sp-d16 -DUSE_HAL_DRIVER -DSTM32F407xx -I"C:/Users/joebe/Desktop/balloon_project_swv1/I2C_test/I2C_Raspb/USB_HOST/App" -I"C:/Users/joebe/Desktop/balloon_project_swv1/I2C_test/I2C_Raspb/USB_HOST/Target" -I"C:/Users/joebe/Desktop/balloon_project_swv1/I2C_test/I2C_Raspb/Core/Inc" -I"C:/Users/joebe/Desktop/balloon_project_swv1/I2C_test/I2C_Raspb/Drivers/STM32F4xx_HAL_Driver/Inc" -I"C:/Users/joebe/Desktop/balloon_project_swv1/I2C_test/I2C_Raspb/Drivers/STM32F4xx_HAL_Driver/Inc/Legacy" -I"C:/Users/joebe/Desktop/balloon_project_swv1/I2C_test/I2C_Raspb/Middlewares/ST/STM32_USB_Host_Library/Core/Inc" -I"C:/Users/joebe/Desktop/balloon_project_swv1/I2C_test/I2C_Raspb/Middlewares/ST/STM32_USB_Host_Library/Class/CDC/Inc" -I"C:/Users/joebe/Desktop/balloon_project_swv1/I2C_test/I2C_Raspb/Drivers/CMSIS/Device/ST/STM32F4xx/Include" -I"C:/Users/joebe/Desktop/balloon_project_swv1/I2C_test/I2C_Raspb/Drivers/CMSIS/Include"  -Og -g3 -Wall -fmessage-length=0 -ffunction-sections -c -fmessage-length=0 -MMD -MP -MF"Middlewares/ST/STM32_USB_Host_Library/Core/Src/usbh_core.d" -MT"Middlewares/ST/STM32_USB_Host_Library/Core/Src/usbh_core.o" -o "Middlewares/ST/STM32_USB_Host_Library/Core/Src/usbh_core.o" "../Middlewares/ST/STM32_USB_Host_Library/Core/Src/usbh_core.c"
C:\Users\joebe\Desktop\balloon_project_swv1\I2C_test\I2C_Raspb\Debug
arm-none-eabi-gcc -mcpu=cortex-m4 -mthumb -mfloat-abi=hard -mfpu=fpv4-sp-d16 -DUSE_HAL_DRIVER -DSTM32F407xx -I"C:/Users/joebe/Desktop/balloon_project_swv1/I2C_test/I2C_Raspb/USB_HOST/App" -I"C:/Users/joebe/Desktop/balloon_project_swv1/I2C_test/I2C_Raspb/USB_HOST/Target" -I"C:/Users/joebe/Desktop/balloon_project_swv1/I2C_test/I2C_Raspb/Core/Inc" -I"C:/Users/joebe/Desktop/balloon_project_swv1/I2C_test/I2C_Raspb/Drivers/STM32F4xx_HAL_Driver/Inc" -I"C:/Users/joebe/Desktop/balloon_project_swv1/I2C_test/I2C_Raspb/Drivers/STM32F4xx_HAL_Driver/Inc/Legacy" -I"C:/Users/joebe/Desktop/balloon_project_swv1/I2C_test/I2C_Raspb/Middlewares/ST/STM32_USB_Host_Library/Core/Inc" -I"C:/Users/joebe/Desktop/balloon_project_swv1/I2C_test/I2C_Raspb/Middlewares/ST/STM32_USB_Host_Library/Class/CDC/Inc" -I"C:/Users/joebe/Desktop/balloon_project_swv1/I2C_test/I2C_Raspb/Drivers/CMSIS/Device/ST/STM32F4xx/Include" -I"C:/Users/joebe/Desktop/balloon_project_swv1/I2C_test/I2C_Raspb/Drivers/CMSIS/Include"  -Og -g3 -Wall -fmessage-length=0 -ffunction-sections -c -fmessage-length=0 -MMD -MP -MF"Middlewares/ST/STM32_USB_Host_Library/Core/Src/usbh_ctlreq.d" -MT"Middlewares/ST/STM32_USB_Host_Library/Core/Src/usbh_ctlreq.o" -o "Middlewares/ST/STM32_USB_Host_Library/Core/Src/usbh_ctlreq.o" "../Middlewares/ST/STM32_USB_Host_Library/Core/Src/usbh_ctlreq.c"
Building file: ../Middlewares/ST/STM32_USB_Host_Library/Core/Src/usbh_ioreq.c
Building file: ../Middlewares/ST/STM32_USB_Host_Library/Core/Src/usbh_pipes.c
Building file: ../Middlewares/ST/STM32_USB_Host_Library/Class/CDC/Src/usbh_cdc.c
Invoking: MCU GCC Compiler
Invoking: MCU GCC Compiler
Invoking: MCU GCC Compiler
C:\Users\joebe\Desktop\balloon_project_swv1\I2C_test\I2C_Raspb\Debug
arm-none-eabi-gcc -mcpu=cortex-m4 -mthumb -mfloat-abi=hard -mfpu=fpv4-sp-d16 -DUSE_HAL_DRIVER -DSTM32F407xx -I"C:/Users/joebe/Desktop/balloon_project_swv1/I2C_test/I2C_Raspb/USB_HOST/App" -I"C:/Users/joebe/Desktop/balloon_project_swv1/I2C_test/I2C_Raspb/USB_HOST/Target" -I"C:/Users/joebe/Desktop/balloon_project_swv1/I2C_test/I2C_Raspb/Core/Inc" -I"C:/Users/joebe/Desktop/balloon_project_swv1/I2C_test/I2C_Raspb/Drivers/STM32F4xx_HAL_Driver/Inc" -I"C:/Users/joebe/Desktop/balloon_project_swv1/I2C_test/I2C_Raspb/Drivers/STM32F4xx_HAL_Driver/Inc/Legacy" -I"C:/Users/joebe/Desktop/balloon_project_swv1/I2C_test/I2C_Raspb/Middlewares/ST/STM32_USB_Host_Library/Core/Inc" -I"C:/Users/joebe/Desktop/balloon_project_swv1/I2C_test/I2C_Raspb/Middlewares/ST/STM32_USB_Host_Library/Class/CDC/Inc" -I"C:/Users/joebe/Desktop/balloon_project_swv1/I2C_test/I2C_Raspb/Drivers/CMSIS/Device/ST/STM32F4xx/Include" -I"C:/Users/joebe/Desktop/balloon_project_swv1/I2C_test/I2C_Raspb/Drivers/CMSIS/Include"  -Og -g3 -Wall -fmessage-length=0 -ffunction-sections -c -fmessage-length=0 -MMD -MP -MF"Middlewares/ST/STM32_USB_Host_Library/Core/Src/usbh_ioreq.d" -MT"Middlewares/ST/STM32_USB_Host_Library/Core/Src/usbh_ioreq.o" -o "Middlewares/ST/STM32_USB_Host_Library/Core/Src/usbh_ioreq.o" "../Middlewares/ST/STM32_USB_Host_Library/Core/Src/usbh_ioreq.c"
C:\Users\joebe\Desktop\balloon_project_swv1\I2C_test\I2C_Raspb\Debug
C:\Users\joebe\Desktop\balloon_project_swv1\I2C_test\I2C_Raspb\Debug
arm-none-eabi-gcc -mcpu=cortex-m4 -mthumb -mfloat-abi=hard -mfpu=fpv4-sp-d16 -DUSE_HAL_DRIVER -DSTM32F407xx -I"C:/Users/joebe/Desktop/balloon_project_swv1/I2C_test/I2C_Raspb/USB_HOST/App" -I"C:/Users/joebe/Desktop/balloon_project_swv1/I2C_test/I2C_Raspb/USB_HOST/Target" -I"C:/Users/joebe/Desktop/balloon_project_swv1/I2C_test/I2C_Raspb/Core/Inc" -I"C:/Users/joebe/Desktop/balloon_project_swv1/I2C_test/I2C_Raspb/Drivers/STM32F4xx_HAL_Driver/Inc" -I"C:/Users/joebe/Desktop/balloon_project_swv1/I2C_test/I2C_Raspb/Drivers/STM32F4xx_HAL_Driver/Inc/Legacy" -I"C:/Users/joebe/Desktop/balloon_project_swv1/I2C_test/I2C_Raspb/Middlewares/ST/STM32_USB_Host_Library/Core/Inc" -I"C:/Users/joebe/Desktop/balloon_project_swv1/I2C_test/I2C_Raspb/Middlewares/ST/STM32_USB_Host_Library/Class/CDC/Inc" -I"C:/Users/joebe/Desktop/balloon_project_swv1/I2C_test/I2C_Raspb/Drivers/CMSIS/Device/ST/STM32F4xx/Include" -I"C:/Users/joebe/Desktop/balloon_project_swv1/I2C_test/I2C_Raspb/Drivers/CMSIS/Include"  -Og -g3 -Wall -fmessage-length=0 -ffunction-sections -c -fmessage-length=0 -MMD -MP -MF"Middlewares/ST/STM32_USB_Host_Library/Core/Src/usbh_pipes.d" -MT"Middlewares/ST/STM32_USB_Host_Library/Core/Src/usbh_pipes.o" -o "Middlewares/ST/STM32_USB_Host_Library/Core/Src/usbh_pipes.o" "../Middlewares/ST/STM32_USB_Host_Library/Core/Src/usbh_pipes.c"
arm-none-eabi-gcc -mcpu=cortex-m4 -mthumb -mfloat-abi=hard -mfpu=fpv4-sp-d16 -DUSE_HAL_DRIVER -DSTM32F407xx -I"C:/Users/joebe/Desktop/balloon_project_swv1/I2C_test/I2C_Raspb/USB_HOST/App" -I"C:/Users/joebe/Desktop/balloon_project_swv1/I2C_test/I2C_Raspb/USB_HOST/Target" -I"C:/Users/joebe/Desktop/balloon_project_swv1/I2C_test/I2C_Raspb/Core/Inc" -I"C:/Users/joebe/Desktop/balloon_project_swv1/I2C_test/I2C_Raspb/Drivers/STM32F4xx_HAL_Driver/Inc" -I"C:/Users/joebe/Desktop/balloon_project_swv1/I2C_test/I2C_Raspb/Drivers/STM32F4xx_HAL_Driver/Inc/Legacy" -I"C:/Users/joebe/Desktop/balloon_project_swv1/I2C_test/I2C_Raspb/Middlewares/ST/STM32_USB_Host_Library/Core/Inc" -I"C:/Users/joebe/Desktop/balloon_project_swv1/I2C_test/I2C_Raspb/Middlewares/ST/STM32_USB_Host_Library/Class/CDC/Inc" -I"C:/Users/joebe/Desktop/balloon_project_swv1/I2C_test/I2C_Raspb/Drivers/CMSIS/Device/ST/STM32F4xx/Include" -I"C:/Users/joebe/Desktop/balloon_project_swv1/I2C_test/I2C_Raspb/Drivers/CMSIS/Include"  -Og -g3 -Wall -fmessage-length=0 -ffunction-sections -c -fmessage-length=0 -MMD -MP -MF"Middlewares/ST/STM32_USB_Host_Library/Class/CDC/Src/usbh_cdc.d" -MT"Middlewares/ST/STM32_USB_Host_Library/Class/CDC/Src/usbh_cdc.o" -o "Middlewares/ST/STM32_USB_Host_Library/Class/CDC/Src/usbh_cdc.o" "../Middlewares/ST/STM32_USB_Host_Library/Class/CDC/Src/usbh_cdc.c"
Finished building: ../USB_HOST/Target/usbh_platform.c
Finished building: ../USB_HOST/App/usb_host.c
 
 
Building file: ../Drivers/STM32F4xx_HAL_Driver/Src/stm32f4xx_hal.c
Finished building: ../Middlewares/ST/STM32_USB_Host_Library/Core/Src/usbh_pipes.c
Finished building: ../Middlewares/ST/STM32_USB_Host_Library/Core/Src/usbh_ioreq.c
Building file: ../Drivers/STM32F4xx_HAL_Driver/Src/stm32f4xx_hal_cortex.c
Invoking: MCU GCC Compiler
 
 
Invoking: MCU GCC Compiler
C:\Users\joebe\Desktop\balloon_project_swv1\I2C_test\I2C_Raspb\Debug
Finished building: ../Middlewares/ST/STM32_USB_Host_Library/Class/CDC/Src/usbh_cdc.c
Finished building: ../Middlewares/ST/STM32_USB_Host_Library/Core/Src/usbh_core.c
Building file: ../Drivers/STM32F4xx_HAL_Driver/Src/stm32f4xx_hal_dma.c
arm-none-eabi-gcc -mcpu=cortex-m4 -mthumb -mfloat-abi=hard -mfpu=fpv4-sp-d16 -DUSE_HAL_DRIVER -DSTM32F407xx -I"C:/Users/joebe/Desktop/balloon_project_swv1/I2C_test/I2C_Raspb/USB_HOST/App" -I"C:/Users/joebe/Desktop/balloon_project_swv1/I2C_test/I2C_Raspb/USB_HOST/Target" -I"C:/Users/joebe/Desktop/balloon_project_swv1/I2C_test/I2C_Raspb/Core/Inc" -I"C:/Users/joebe/Desktop/balloon_project_swv1/I2C_test/I2C_Raspb/Drivers/STM32F4xx_HAL_Driver/Inc" -I"C:/Users/joebe/Desktop/balloon_project_swv1/I2C_test/I2C_Raspb/Drivers/STM32F4xx_HAL_Driver/Inc/Legacy" -I"C:/Users/joebe/Desktop/balloon_project_swv1/I2C_test/I2C_Raspb/Middlewares/ST/STM32_USB_Host_Library/Core/Inc" -I"C:/Users/joebe/Desktop/balloon_project_swv1/I2C_test/I2C_Raspb/Middlewares/ST/STM32_USB_Host_Library/Class/CDC/Inc" -I"C:/Users/joebe/Desktop/balloon_project_swv1/I2C_test/I2C_Raspb/Drivers/CMSIS/Device/ST/STM32F4xx/Include" -I"C:/Users/joebe/Desktop/balloon_project_swv1/I2C_test/I2C_Raspb/Drivers/CMSIS/Include"  -Og -g3 -Wall -fmessage-length=0 -ffunction-sections -c -fmessage-length=0 -MMD -MP -MF"Drivers/STM32F4xx_HAL_Driver/Src/stm32f4xx_hal.d" -MT"Drivers/STM32F4xx_HAL_Driver/Src/stm32f4xx_hal.o" -o "Drivers/STM32F4xx_HAL_Driver/Src/stm32f4xx_hal.o" "../Drivers/STM32F4xx_HAL_Driver/Src/stm32f4xx_hal.c"
Finished building: ../USB_HOST/Target/usbh_conf.c
Finished building: ../Middlewares/ST/STM32_USB_Host_Library/Core/Src/usbh_ctlreq.c
C:\Users\joebe\Desktop\balloon_project_swv1\I2C_test\I2C_Raspb\Debug
 
 
arm-none-eabi-gcc -mcpu=cortex-m4 -mthumb -mfloat-abi=hard -mfpu=fpv4-sp-d16 -DUSE_HAL_DRIVER -DSTM32F407xx -I"C:/Users/joebe/Desktop/balloon_project_swv1/I2C_test/I2C_Raspb/USB_HOST/App" -I"C:/Users/joebe/Desktop/balloon_project_swv1/I2C_test/I2C_Raspb/USB_HOST/Target" -I"C:/Users/joebe/Desktop/balloon_project_swv1/I2C_test/I2C_Raspb/Core/Inc" -I"C:/Users/joebe/Desktop/balloon_project_swv1/I2C_test/I2C_Raspb/Drivers/STM32F4xx_HAL_Driver/Inc" -I"C:/Users/joebe/Desktop/balloon_project_swv1/I2C_test/I2C_Raspb/Drivers/STM32F4xx_HAL_Driver/Inc/Legacy" -I"C:/Users/joebe/Desktop/balloon_project_swv1/I2C_test/I2C_Raspb/Middlewares/ST/STM32_USB_Host_Library/Core/Inc" -I"C:/Users/joebe/Desktop/balloon_project_swv1/I2C_test/I2C_Raspb/Middlewares/ST/STM32_USB_Host_Library/Class/CDC/Inc" -I"C:/Users/joebe/Desktop/balloon_project_swv1/I2C_test/I2C_Raspb/Drivers/CMSIS/Device/ST/STM32F4xx/Include" -I"C:/Users/joebe/Desktop/balloon_project_swv1/I2C_test/I2C_Raspb/Drivers/CMSIS/Include"  -Og -g3 -Wall -fmessage-length=0 -ffunction-sections -c -fmessage-length=0 -MMD -MP -MF"Drivers/STM32F4xx_HAL_Driver/Src/stm32f4xx_hal_cortex.d" -MT"Drivers/STM32F4xx_HAL_Driver/Src/stm32f4xx_hal_cortex.o" -o "Drivers/STM32F4xx_HAL_Driver/Src/stm32f4xx_hal_cortex.o" "../Drivers/STM32F4xx_HAL_Driver/Src/stm32f4xx_hal_cortex.c"
Invoking: MCU GCC Compiler
 
 
Building file: ../Drivers/STM32F4xx_HAL_Driver/Src/stm32f4xx_hal_dma_ex.c
C:\Users\joebe\Desktop\balloon_project_swv1\I2C_test\I2C_Raspb\Debug
arm-none-eabi-gcc -mcpu=cortex-m4 -mthumb -mfloat-abi=hard -mfpu=fpv4-sp-d16 -DUSE_HAL_DRIVER -DSTM32F407xx -I"C:/Users/joebe/Desktop/balloon_project_swv1/I2C_test/I2C_Raspb/USB_HOST/App" -I"C:/Users/joebe/Desktop/balloon_project_swv1/I2C_test/I2C_Raspb/USB_HOST/Target" -I"C:/Users/joebe/Desktop/balloon_project_swv1/I2C_test/I2C_Raspb/Core/Inc" -I"C:/Users/joebe/Desktop/balloon_project_swv1/I2C_test/I2C_Raspb/Drivers/STM32F4xx_HAL_Driver/Inc" -I"C:/Users/joebe/Desktop/balloon_project_swv1/I2C_test/I2C_Raspb/Drivers/STM32F4xx_HAL_Driver/Inc/Legacy" -I"C:/Users/joebe/Desktop/balloon_project_swv1/I2C_test/I2C_Raspb/Middlewares/ST/STM32_USB_Host_Library/Core/Inc" -I"C:/Users/joebe/Desktop/balloon_project_swv1/I2C_test/I2C_Raspb/Middlewares/ST/STM32_USB_Host_Library/Class/CDC/Inc" -I"C:/Users/joebe/Desktop/balloon_project_swv1/I2C_test/I2C_Raspb/Drivers/CMSIS/Device/ST/STM32F4xx/Include" -I"C:/Users/joebe/Desktop/balloon_project_swv1/I2C_test/I2C_Raspb/Drivers/CMSIS/Include"  -Og -g3 -Wall -fmessage-length=0 -ffunction-sections -c -fmessage-length=0 -MMD -MP -MF"Drivers/STM32F4xx_HAL_Driver/Src/stm32f4xx_hal_dma.d" -MT"Drivers/STM32F4xx_HAL_Driver/Src/stm32f4xx_hal_dma.o" -o "Drivers/STM32F4xx_HAL_Driver/Src/stm32f4xx_hal_dma.o" "../Drivers/STM32F4xx_HAL_Driver/Src/stm32f4xx_hal_dma.c"
Building file: ../Drivers/STM32F4xx_HAL_Driver/Src/stm32f4xx_hal_exti.c
Building file: ../Drivers/STM32F4xx_HAL_Driver/Src/stm32f4xx_hal_flash.c
Invoking: MCU GCC Compiler
Invoking: MCU GCC Compiler
Building file: ../Drivers/STM32F4xx_HAL_Driver/Src/stm32f4xx_hal_flash_ex.c
Invoking: MCU GCC Compiler
C:\Users\joebe\Desktop\balloon_project_swv1\I2C_test\I2C_Raspb\Debug
Building file: ../Drivers/STM32F4xx_HAL_Driver/Src/stm32f4xx_hal_flash_ramfunc.c
C:\Users\joebe\Desktop\balloon_project_swv1\I2C_test\I2C_Raspb\Debug
arm-none-eabi-gcc -mcpu=cortex-m4 -mthumb -mfloat-abi=hard -mfpu=fpv4-sp-d16 -DUSE_HAL_DRIVER -DSTM32F407xx -I"C:/Users/joebe/Desktop/balloon_project_swv1/I2C_test/I2C_Raspb/USB_HOST/App" -I"C:/Users/joebe/Desktop/balloon_project_swv1/I2C_test/I2C_Raspb/USB_HOST/Target" -I"C:/Users/joebe/Desktop/balloon_project_swv1/I2C_test/I2C_Raspb/Core/Inc" -I"C:/Users/joebe/Desktop/balloon_project_swv1/I2C_test/I2C_Raspb/Drivers/STM32F4xx_HAL_Driver/Inc" -I"C:/Users/joebe/Desktop/balloon_project_swv1/I2C_test/I2C_Raspb/Drivers/STM32F4xx_HAL_Driver/Inc/Legacy" -I"C:/Users/joebe/Desktop/balloon_project_swv1/I2C_test/I2C_Raspb/Middlewares/ST/STM32_USB_Host_Library/Core/Inc" -I"C:/Users/joebe/Desktop/balloon_project_swv1/I2C_test/I2C_Raspb/Middlewares/ST/STM32_USB_Host_Library/Class/CDC/Inc" -I"C:/Users/joebe/Desktop/balloon_project_swv1/I2C_test/I2C_Raspb/Drivers/CMSIS/Device/ST/STM32F4xx/Include" -I"C:/Users/joebe/Desktop/balloon_project_swv1/I2C_test/I2C_Raspb/Drivers/CMSIS/Include"  -Og -g3 -Wall -fmessage-length=0 -ffunction-sections -c -fmessage-length=0 -MMD -MP -MF"Drivers/STM32F4xx_HAL_Driver/Src/stm32f4xx_hal_dma_ex.d" -MT"Drivers/STM32F4xx_HAL_Driver/Src/stm32f4xx_hal_dma_ex.o" -o "Drivers/STM32F4xx_HAL_Driver/Src/stm32f4xx_hal_dma_ex.o" "../Drivers/STM32F4xx_HAL_Driver/Src/stm32f4xx_hal_dma_ex.c"
arm-none-eabi-gcc -mcpu=cortex-m4 -mthumb -mfloat-abi=hard -mfpu=fpv4-sp-d16 -DUSE_HAL_DRIVER -DSTM32F407xx -I"C:/Users/joebe/Desktop/balloon_project_swv1/I2C_test/I2C_Raspb/USB_HOST/App" -I"C:/Users/joebe/Desktop/balloon_project_swv1/I2C_test/I2C_Raspb/USB_HOST/Target" -I"C:/Users/joebe/Desktop/balloon_project_swv1/I2C_test/I2C_Raspb/Core/Inc" -I"C:/Users/joebe/Desktop/balloon_project_swv1/I2C_test/I2C_Raspb/Drivers/STM32F4xx_HAL_Driver/Inc" -I"C:/Users/joebe/Desktop/balloon_project_swv1/I2C_test/I2C_Raspb/Drivers/STM32F4xx_HAL_Driver/Inc/Legacy" -I"C:/Users/joebe/Desktop/balloon_project_swv1/I2C_test/I2C_Raspb/Middlewares/ST/STM32_USB_Host_Library/Core/Inc" -I"C:/Users/joebe/Desktop/balloon_project_swv1/I2C_test/I2C_Raspb/Middlewares/ST/STM32_USB_Host_Library/Class/CDC/Inc" -I"C:/Users/joebe/Desktop/balloon_project_swv1/I2C_test/I2C_Raspb/Drivers/CMSIS/Device/ST/STM32F4xx/Include" -I"C:/Users/joebe/Desktop/balloon_project_swv1/I2C_test/I2C_Raspb/Drivers/CMSIS/Include"  -Og -g3 -Wall -fmessage-length=0 -ffunction-sections -c -fmessage-length=0 -MMD -MP -MF"Drivers/STM32F4xx_HAL_Driver/Src/stm32f4xx_hal_exti.d" -MT"Drivers/STM32F4xx_HAL_Driver/Src/stm32f4xx_hal_exti.o" -o "Drivers/STM32F4xx_HAL_Driver/Src/stm32f4xx_hal_exti.o" "../Drivers/STM32F4xx_HAL_Driver/Src/stm32f4xx_hal_exti.c"
Invoking: MCU GCC Compiler
C:\Users\joebe\Desktop\balloon_project_swv1\I2C_test\I2C_Raspb\Debug
Invoking: MCU GCC Compiler
arm-none-eabi-gcc -mcpu=cortex-m4 -mthumb -mfloat-abi=hard -mfpu=fpv4-sp-d16 -DUSE_HAL_DRIVER -DSTM32F407xx -I"C:/Users/joebe/Desktop/balloon_project_swv1/I2C_test/I2C_Raspb/USB_HOST/App" -I"C:/Users/joebe/Desktop/balloon_project_swv1/I2C_test/I2C_Raspb/USB_HOST/Target" -I"C:/Users/joebe/Desktop/balloon_project_swv1/I2C_test/I2C_Raspb/Core/Inc" -I"C:/Users/joebe/Desktop/balloon_project_swv1/I2C_test/I2C_Raspb/Drivers/STM32F4xx_HAL_Driver/Inc" -I"C:/Users/joebe/Desktop/balloon_project_swv1/I2C_test/I2C_Raspb/Drivers/STM32F4xx_HAL_Driver/Inc/Legacy" -I"C:/Users/joebe/Desktop/balloon_project_swv1/I2C_test/I2C_Raspb/Middlewares/ST/STM32_USB_Host_Library/Core/Inc" -I"C:/Users/joebe/Desktop/balloon_project_swv1/I2C_test/I2C_Raspb/Middlewares/ST/STM32_USB_Host_Library/Class/CDC/Inc" -I"C:/Users/joebe/Desktop/balloon_project_swv1/I2C_test/I2C_Raspb/Drivers/CMSIS/Device/ST/STM32F4xx/Include" -I"C:/Users/joebe/Desktop/balloon_project_swv1/I2C_test/I2C_Raspb/Drivers/CMSIS/Include"  -Og -g3 -Wall -fmessage-length=0 -ffunction-sections -c -fmessage-length=0 -MMD -MP -MF"Drivers/STM32F4xx_HAL_Driver/Src/stm32f4xx_hal_flash.d" -MT"Drivers/STM32F4xx_HAL_Driver/Src/stm32f4xx_hal_flash.o" -o "Drivers/STM32F4xx_HAL_Driver/Src/stm32f4xx_hal_flash.o" "../Drivers/STM32F4xx_HAL_Driver/Src/stm32f4xx_hal_flash.c"
C:\Users\joebe\Desktop\balloon_project_swv1\I2C_test\I2C_Raspb\Debug
arm-none-eabi-gcc -mcpu=cortex-m4 -mthumb -mfloat-abi=hard -mfpu=fpv4-sp-d16 -DUSE_HAL_DRIVER -DSTM32F407xx -I"C:/Users/joebe/Desktop/balloon_project_swv1/I2C_test/I2C_Raspb/USB_HOST/App" -I"C:/Users/joebe/Desktop/balloon_project_swv1/I2C_test/I2C_Raspb/USB_HOST/Target" -I"C:/Users/joebe/Desktop/balloon_project_swv1/I2C_test/I2C_Raspb/Core/Inc" -I"C:/Users/joebe/Desktop/balloon_project_swv1/I2C_test/I2C_Raspb/Drivers/STM32F4xx_HAL_Driver/Inc" -I"C:/Users/joebe/Desktop/balloon_project_swv1/I2C_test/I2C_Raspb/Drivers/STM32F4xx_HAL_Driver/Inc/Legacy" -I"C:/Users/joebe/Desktop/balloon_project_swv1/I2C_test/I2C_Raspb/Middlewares/ST/STM32_USB_Host_Library/Core/Inc" -I"C:/Users/joebe/Desktop/balloon_project_swv1/I2C_test/I2C_Raspb/Middlewares/ST/STM32_USB_Host_Library/Class/CDC/Inc" -I"C:/Users/joebe/Desktop/balloon_project_swv1/I2C_test/I2C_Raspb/Drivers/CMSIS/Device/ST/STM32F4xx/Include" -I"C:/Users/joebe/Desktop/balloon_project_swv1/I2C_test/I2C_Raspb/Drivers/CMSIS/Include"  -Og -g3 -Wall -fmessage-length=0 -ffunction-sections -c -fmessage-length=0 -MMD -MP -MF"Drivers/STM32F4xx_HAL_Driver/Src/stm32f4xx_hal_flash_ex.d" -MT"Drivers/STM32F4xx_HAL_Driver/Src/stm32f4xx_hal_flash_ex.o" -o "Drivers/STM32F4xx_HAL_Driver/Src/stm32f4xx_hal_flash_ex.o" "../Drivers/STM32F4xx_HAL_Driver/Src/stm32f4xx_hal_flash_ex.c"
C:\Users\joebe\Desktop\balloon_project_swv1\I2C_test\I2C_Raspb\Debug
[...]
C:\Users\joebe\Desktop\balloon_project_swv1\I2C_test\I2C_Raspb\Debug
Building file: ../Drivers/STM32F4xx_HAL_Driver/Src/stm32f4xx_hal_spi.c
arm-none-eabi-gcc -mcpu=cortex-m4 -mthumb -mfloat-abi=hard -mfpu=fpv4-sp-d16 -DUSE_HAL_DRIVER -DSTM32F407xx -I"C:/Users/joebe/Desktop/balloon_project_swv1/I2C_test/I2C_Raspb/USB_HOST/App" -I"C:/Users/joebe/Desktop/balloon_project_swv1/I2C_test/I2C_Raspb/USB_HOST/Target" -I"C:/Users/joebe/Desktop/balloon_project_swv1/I2C_test/I2C_Raspb/Core/Inc" -I"C:/Users/joebe/Desktop/balloon_project_swv1/I2C_test/I2C_Raspb/Drivers/STM32F4xx_HAL_Driver/Inc" -I"C:/Users/joebe/Desktop/balloon_project_swv1/I2C_test/I2C_Raspb/Drivers/STM32F4xx_HAL_Driver/Inc/Legacy" -I"C:/Users/joebe/Desktop/balloon_project_swv1/I2C_test/I2C_Raspb/Middlewares/ST/STM32_USB_Host_Library/Core/Inc" -I"C:/Users/joebe/Desktop/balloon_project_swv1/I2C_test/I2C_Raspb/Middlewares/ST/STM32_USB_Host_Library/Class/CDC/Inc" -I"C:/Users/joebe/Desktop/balloon_project_swv1/I2C_test/I2C_Raspb/Drivers/CMSIS/Device/ST/STM32F4xx/Include" -I"C:/Users/joebe/Desktop/balloon_project_swv1/I2C_test/I2C_Raspb/Drivers/CMSIS/Include"  -Og -g3 -Wall -fmessage-length=0 -ffunction-sections -c -fmessage-length=0 -MMD -MP -MF"Drivers/STM32F4xx_HAL_Driver/Src/stm32f4xx_hal_rcc_ex.d" -MT"Drivers/STM32F4xx_HAL_Driver/Src/stm32f4xx_hal_rcc_ex.o" -o "Drivers/STM32F4xx_HAL_Driver/Src/stm32f4xx_hal_rcc_ex.o" "../Drivers/STM32F4xx_HAL_Driver/Src/stm32f4xx_hal_rcc_ex.c"
Building file: ../Drivers/STM32F4xx_HAL_Driver/Src/stm32f4xx_hal_tim.c
Invoking: MCU GCC Compiler
Invoking: MCU GCC Compiler
C:\Users\joebe\Desktop\balloon_project_swv1\I2C_test\I2C_Raspb\Debug
arm-none-eabi-gcc -mcpu=cortex-m4 -mthumb -mfloat-abi=hard -mfpu=fpv4-sp-d16 -DUSE_HAL_DRIVER -DSTM32F407xx -I"C:/Users/joebe/Desktop/balloon_project_swv1/I2C_test/I2C_Raspb/USB_HOST/App" -I"C:/Users/joebe/Desktop/balloon_project_swv1/I2C_test/I2C_Raspb/USB_HOST/Target" -I"C:/Users/joebe/Desktop/balloon_project_swv1/I2C_test/I2C_Raspb/Core/Inc" -I"C:/Users/joebe/Desktop/balloon_project_swv1/I2C_test/I2C_Raspb/Drivers/STM32F4xx_HAL_Driver/Inc" -I"C:/Users/joebe/Desktop/balloon_project_swv1/I2C_test/I2C_Raspb/Drivers/STM32F4xx_HAL_Driver/Inc/Legacy" -I"C:/Users/joebe/Desktop/balloon_project_swv1/I2C_test/I2C_Raspb/Middlewares/ST/STM32_USB_Host_Library/Core/Inc" -I"C:/Users/joebe/Desktop/balloon_project_swv1/I2C_test/I2C_Raspb/Middlewares/ST/STM32_USB_Host_Library/Class/CDC/Inc" -I"C:/Users/joebe/Desktop/balloon_project_swv1/I2C_test/I2C_Raspb/Drivers/CMSIS/Device/ST/STM32F4xx/Include" -I"C:/Users/joebe/Desktop/balloon_project_swv1/I2C_test/I2C_Raspb/Drivers/CMSIS/Include"  -Og -g3 -Wall -fmessage-length=0 -ffunction-sections -c -fmessage-length=0 -MMD -MP -MF"Drivers/STM32F4xx_HAL_Driver/Src/stm32f4xx_hal_spi.d" -MT"Drivers/STM32F4xx_HAL_Driver/Src/stm32f4xx_hal_spi.o" -o "Drivers/STM32F4xx_HAL_Driver/Src/stm32f4xx_hal_spi.o" "../Drivers/STM32F4xx_HAL_Driver/Src/stm32f4xx_hal_spi.c"
C:\Users\joebe\Desktop\balloon_project_swv1\I2C_test\I2C_Raspb\Debug
Finished building: ../Drivers/STM32F4xx_HAL_Driver/Src/stm32f4xx_hal_pwr_ex.c
arm-none-eabi-gcc -mcpu=cortex-m4 -mthumb -mfloat-abi=hard -mfpu=fpv4-sp-d16 -DUSE_HAL_DRIVER -DSTM32F407xx -I"C:/Users/joebe/Desktop/balloon_project_swv1/I2C_test/I2C_Raspb/USB_HOST/App" -I"C:/Users/joebe/Desktop/balloon_project_swv1/I2C_test/I2C_Raspb/USB_HOST/Target" -I"C:/Users/joebe/Desktop/balloon_project_swv1/I2C_test/I2C_Raspb/Core/Inc" -I"C:/Users/joebe/Desktop/balloon_project_swv1/I2C_test/I2C_Raspb/Drivers/STM32F4xx_HAL_Driver/Inc" -I"C:/Users/joebe/Desktop/balloon_project_swv1/I2C_test/I2C_Raspb/Drivers/STM32F4xx_HAL_Driver/Inc/Legacy" -I"C:/Users/joebe/Desktop/balloon_project_swv1/I2C_test/I2C_Raspb/Middlewares/ST/STM32_USB_Host_Library/Core/Inc" -I"C:/Users/joebe/Desktop/balloon_project_swv1/I2C_test/I2C_Raspb/Middlewares/ST/STM32_USB_Host_Library/Class/CDC/Inc" -I"C:/Users/joebe/Desktop/balloon_project_swv1/I2C_test/I2C_Raspb/Drivers/CMSIS/Device/ST/STM32F4xx/Include" -I"C:/Users/joebe/Desktop/balloon_project_swv1/I2C_test/I2C_Raspb/Drivers/CMSIS/Include"  -Og -g3 -Wall -fmessage-length=0 -ffunction-sections -c -fmessage-length=0 -MMD -MP -MF"Drivers/STM32F4xx_HAL_Driver/Src/stm32f4xx_hal_tim.d" -MT"Drivers/STM32F4xx_HAL_Driver/Src/stm32f4xx_hal_tim.o" -o "Drivers/STM32F4xx_HAL_Driver/Src/stm32f4xx_hal_tim.o" "../Drivers/STM32F4xx_HAL_Driver/Src/stm32f4xx_hal_tim.c"
Finished building: ../Drivers/STM32F4xx_HAL_Driver/Src/stm32f4xx_hal_i2s_ex.c
 
 
Building file: ../Drivers/STM32F4xx_HAL_Driver/Src/stm32f4xx_hal_tim_ex.c
Building file: ../Drivers/STM32F4xx_HAL_Driver/Src/stm32f4xx_ll_usb.c
Finished building: ../Drivers/STM32F4xx_HAL_Driver/Src/stm32f4xx_hal_i2s.c
Invoking: MCU GCC Compiler
Invoking: MCU GCC Compiler
 
C:\Users\joebe\Desktop\balloon_project_swv1\I2C_test\I2C_Raspb\Debug
C:\Users\joebe\Desktop\balloon_project_swv1\I2C_test\I2C_Raspb\Debug
arm-none-eabi-gcc -mcpu=cortex-m4 -mthumb -mfloat-abi=hard -mfpu=fpv4-sp-d16 -DUSE_HAL_DRIVER -DSTM32F407xx -I"C:/Users/joebe/Desktop/balloon_project_swv1/I2C_test/I2C_Raspb/USB_HOST/App" -I"C:/Users/joebe/Desktop/balloon_project_swv1/I2C_test/I2C_Raspb/USB_HOST/Target" -I"C:/Users/joebe/Desktop/balloon_project_swv1/I2C_test/I2C_Raspb/Core/Inc" -I"C:/Users/joebe/Desktop/balloon_project_swv1/I2C_test/I2C_Raspb/Drivers/STM32F4xx_HAL_Driver/Inc" -I"C:/Users/joebe/Desktop/balloon_project_swv1/I2C_test/I2C_Raspb/Drivers/STM32F4xx_HAL_Driver/Inc/Legacy" -I"C:/Users/joebe/Desktop/balloon_project_swv1/I2C_test/I2C_Raspb/Middlewares/ST/STM32_USB_Host_Library/Core/Inc" -I"C:/Users/joebe/Desktop/balloon_project_swv1/I2C_test/I2C_Raspb/Middlewares/ST/STM32_USB_Host_Library/Class/CDC/Inc" -I"C:/Users/joebe/Desktop/balloon_project_swv1/I2C_test/I2C_Raspb/Drivers/CMSIS/Device/ST/STM32F4xx/Include" -I"C:/Users/joebe/Desktop/balloon_project_swv1/I2C_test/I2C_Raspb/Drivers/CMSIS/Include"  -Og -g3 -Wall -fmessage-length=0 -ffunction-sections -c -fmessage-length=0 -MMD -MP -MF"Drivers/STM32F4xx_HAL_Driver/Src/stm32f4xx_hal_tim_ex.d" -MT"Drivers/STM32F4xx_HAL_Driver/Src/stm32f4xx_hal_tim_ex.o" -o "Drivers/STM32F4xx_HAL_Driver/Src/stm32f4xx_hal_tim_ex.o" "../Drivers/STM32F4xx_HAL_Driver/Src/stm32f4xx_hal_tim_ex.c"
arm-none-eabi-gcc -mcpu=cortex-m4 -mthumb -mfloat-abi=hard -mfpu=fpv4-sp-d16 -DUSE_HAL_DRIVER -DSTM32F407xx -I"C:/Users/joebe/Desktop/balloon_project_swv1/I2C_test/I2C_Raspb/USB_HOST/App" -I"C:/Users/joebe/Desktop/balloon_project_swv1/I2C_test/I2C_Raspb/USB_HOST/Target" -I"C:/Users/joebe/Desktop/balloon_project_swv1/I2C_test/I2C_Raspb/Core/Inc" -I"C:/Users/joebe/Desktop/balloon_project_swv1/I2C_test/I2C_Raspb/Drivers/STM32F4xx_HAL_Driver/Inc" -I"C:/Users/joebe/Desktop/balloon_project_swv1/I2C_test/I2C_Raspb/Drivers/STM32F4xx_HAL_Driver/Inc/Legacy" -I"C:/Users/joebe/Desktop/balloon_project_swv1/I2C_test/I2C_Raspb/Middlewares/ST/STM32_USB_Host_Library/Core/Inc" -I"C:/Users/joebe/Desktop/balloon_project_swv1/I2C_test/I2C_Raspb/Middlewares/ST/STM32_USB_Host_Library/Class/CDC/Inc" -I"C:/Users/joebe/Desktop/balloon_project_swv1/I2C_test/I2C_Raspb/Drivers/CMSIS/Device/ST/STM32F4xx/Include" -I"C:/Users/joebe/Desktop/balloon_project_swv1/I2C_test/I2C_Raspb/Drivers/CMSIS/Include"  -Og -g3 -Wall -fmessage-length=0 -ffunction-sections -c -fmessage-length=0 -MMD -MP -MF"Drivers/STM32F4xx_HAL_Driver/Src/stm32f4xx_ll_usb.d" -MT"Drivers/STM32F4xx_HAL_Driver/Src/stm32f4xx_ll_usb.o" -o "Drivers/STM32F4xx_HAL_Driver/Src/stm32f4xx_ll_usb.o" "../Drivers/STM32F4xx_HAL_Driver/Src/stm32f4xx_ll_usb.c"
Building file: ../Core/Src/main.c
Invoking: MCU GCC Compiler
C:\Users\joebe\Desktop\balloon_project_swv1\I2C_test\I2C_Raspb\Debug
arm-none-eabi-gcc -mcpu=cortex-m4 -mthumb -mfloat-abi=hard -mfpu=fpv4-sp-d16 -DUSE_HAL_DRIVER -DSTM32F407xx -I"C:/Users/joebe/Desktop/balloon_project_swv1/I2C_test/I2C_Raspb/USB_HOST/App" -I"C:/Users/joebe/Desktop/balloon_project_swv1/I2C_test/I2C_Raspb/USB_HOST/Target" -I"C:/Users/joebe/Desktop/balloon_project_swv1/I2C_test/I2C_Raspb/Core/Inc" -I"C:/Users/joebe/Desktop/balloon_project_swv1/I2C_test/I2C_Raspb/Drivers/STM32F4xx_HAL_Driver/Inc" -I"C:/Users/joebe/Desktop/balloon_project_swv1/I2C_test/I2C_Raspb/Drivers/STM32F4xx_HAL_Driver/Inc/Legacy" -I"C:/Users/joebe/Desktop/balloon_project_swv1/I2C_test/I2C_Raspb/Middlewares/ST/STM32_USB_Host_Library/Core/Inc" -I"C:/Users/joebe/Desktop/balloon_project_swv1/I2C_test/I2C_Raspb/Middlewares/ST/STM32_USB_Host_Library/Class/CDC/Inc" -I"C:/Users/joebe/Desktop/balloon_project_swv1/I2C_test/I2C_Raspb/Drivers/CMSIS/Device/ST/STM32F4xx/Include" -I"C:/Users/joebe/Desktop/balloon_project_swv1/I2C_test/I2C_Raspb/Drivers/CMSIS/Include"  -Og -g3 -Wall -fmessage-length=0 -ffunction-sections -c -fmessage-length=0 -MMD -MP -MF"Core/Src/main.d" -MT"Core/Src/main.o" -o "Core/Src/main.o" "../Core/Src/main.c"
Finished building: ../Drivers/STM32F4xx_HAL_Driver/Src/stm32f4xx_hal_i2c.c
 
Building file: ../Core/Src/stm32f4xx_hal_msp.c
Finished building: ../Drivers/STM32F4xx_HAL_Driver/Src/stm32f4xx_hal_tim.c
Invoking: MCU GCC Compiler
 
Finished building: ../Drivers/STM32F4xx_HAL_Driver/Src/stm32f4xx_hal_rcc_ex.c
C:\Users\joebe\Desktop\balloon_project_swv1\I2C_test\I2C_Raspb\Debug
arm-none-eabi-gcc -mcpu=cortex-m4 -mthumb -mfloat-abi=hard -mfpu=fpv4-sp-d16 -DUSE_HAL_DRIVER -DSTM32F407xx -I"C:/Users/joebe/Desktop/balloon_project_swv1/I2C_test/I2C_Raspb/USB_HOST/App" -I"C:/Users/joebe/Desktop/balloon_project_swv1/I2C_test/I2C_Raspb/USB_HOST/Target" -I"C:/Users/joebe/Desktop/balloon_project_swv1/I2C_test/I2C_Raspb/Core/Inc" -I"C:/Users/joebe/Desktop/balloon_project_swv1/I2C_test/I2C_Raspb/Drivers/STM32F4xx_HAL_Driver/Inc" -I"C:/Users/joebe/Desktop/balloon_project_swv1/I2C_test/I2C_Raspb/Drivers/STM32F4xx_HAL_Driver/Inc/Legacy" -I"C:/Users/joebe/Desktop/balloon_project_swv1/I2C_test/I2C_Raspb/Middlewares/ST/STM32_USB_Host_Library/Core/Inc" -I"C:/Users/joebe/Desktop/balloon_project_swv1/I2C_test/I2C_Raspb/Middlewares/ST/STM32_USB_Host_Library/Class/CDC/Inc" -I"C:/Users/joebe/Desktop/balloon_project_swv1/I2C_test/I2C_Raspb/Drivers/CMSIS/Device/ST/STM32F4xx/Include" -I"C:/Users/joebe/Desktop/balloon_project_swv1/I2C_test/I2C_Raspb/Drivers/CMSIS/Include"  -Og -g3 -Wall -fmessage-length=0 -ffunction-sections -c -fmessage-length=0 -MMD -MP -MF"Core/Src/stm32f4xx_hal_msp.d" -MT"Core/Src/stm32f4xx_hal_msp.o" -o "Core/Src/stm32f4xx_hal_msp.o" "../Core/Src/stm32f4xx_hal_msp.c"
Building file: ../Core/Src/stm32f4xx_it.c
 
Invoking: MCU GCC Compiler
Building file: ../Core/Src/system_stm32f4xx.c
C:\Users\joebe\Desktop\balloon_project_swv1\I2C_test\I2C_Raspb\Debug
Invoking: MCU GCC Compiler
arm-none-eabi-gcc -mcpu=cortex-m4 -mthumb -mfloat-abi=hard -mfpu=fpv4-sp-d16 -DUSE_HAL_DRIVER -DSTM32F407xx -I"C:/Users/joebe/Desktop/balloon_project_swv1/I2C_test/I2C_Raspb/USB_HOST/App" -I"C:/Users/joebe/Desktop/balloon_project_swv1/I2C_test/I2C_Raspb/USB_HOST/Target" -I"C:/Users/joebe/Desktop/balloon_project_swv1/I2C_test/I2C_Raspb/Core/Inc" -I"C:/Users/joebe/Desktop/balloon_project_swv1/I2C_test/I2C_Raspb/Drivers/STM32F4xx_HAL_Driver/Inc" -I"C:/Users/joebe/Desktop/balloon_project_swv1/I2C_test/I2C_Raspb/Drivers/STM32F4xx_HAL_Driver/Inc/Legacy" -I"C:/Users/joebe/Desktop/balloon_project_swv1/I2C_test/I2C_Raspb/Middlewares/ST/STM32_USB_Host_Library/Core/Inc" -I"C:/Users/joebe/Desktop/balloon_project_swv1/I2C_test/I2C_Raspb/Middlewares/ST/STM32_USB_Host_Library/Class/CDC/Inc" -I"C:/Users/joebe/Desktop/balloon_project_swv1/I2C_test/I2C_Raspb/Drivers/CMSIS/Device/ST/STM32F4xx/Include" -I"C:/Users/joebe/Desktop/balloon_project_swv1/I2C_test/I2C_Raspb/Drivers/CMSIS/Include"  -Og -g3 -Wall -fmessage-length=0 -ffunction-sections -c -fmessage-length=0 -MMD -MP -MF"Core/Src/stm32f4xx_it.d" -MT"Core/Src/stm32f4xx_it.o" -o "Core/Src/stm32f4xx_it.o" "../Core/Src/stm32f4xx_it.c"
Finished building: ../Drivers/STM32F4xx_HAL_Driver/Src/stm32f4xx_hal_tim_ex.c
C:\Users\joebe\Desktop\balloon_project_swv1\I2C_test\I2C_Raspb\Debug
Finished building: ../Drivers/STM32F4xx_HAL_Driver/Src/stm32f4xx_hal_rcc.c
arm-none-eabi-gcc -mcpu=cortex-m4 -mthumb -mfloat-abi=hard -mfpu=fpv4-sp-d16 -DUSE_HAL_DRIVER -DSTM32F407xx -I"C:/Users/joebe/Desktop/balloon_project_swv1/I2C_test/I2C_Raspb/USB_HOST/App" -I"C:/Users/joebe/Desktop/balloon_project_swv1/I2C_test/I2C_Raspb/USB_HOST/Target" -I"C:/Users/joebe/Desktop/balloon_project_swv1/I2C_test/I2C_Raspb/Core/Inc" -I"C:/Users/joebe/Desktop/balloon_project_swv1/I2C_test/I2C_Raspb/Drivers/STM32F4xx_HAL_Driver/Inc" -I"C:/Users/joebe/Desktop/balloon_project_swv1/I2C_test/I2C_Raspb/Drivers/STM32F4xx_HAL_Driver/Inc/Legacy" -I"C:/Users/joebe/Desktop/balloon_project_swv1/I2C_test/I2C_Raspb/Middlewares/ST/STM32_USB_Host_Library/Core/Inc" -I"C:/Users/joebe/Desktop/balloon_project_swv1/I2C_test/I2C_Raspb/Middlewares/ST/STM32_USB_Host_Library/Class/CDC/Inc" -I"C:/Users/joebe/Desktop/balloon_project_swv1/I2C_test/I2C_Raspb/Drivers/CMSIS/Device/ST/STM32F4xx/Include" -I"C:/Users/joebe/Desktop/balloon_project_swv1/I2C_test/I2C_Raspb/Drivers/CMSIS/Include"  -Og -g3 -Wall -fmessage-length=0 -ffunction-sections -c -fmessage-length=0 -MMD -MP -MF"Core/Src/system_stm32f4xx.d" -MT"Core/Src/system_stm32f4xx.o" -o "Core/Src/system_stm32f4xx.o" "../Core/Src/system_stm32f4xx.c"
 
 
Finished building: ../Drivers/STM32F4xx_HAL_Driver/Src/stm32f4xx_hal_spi.c
 
Finished building: ../Core/Src/main.c
 
Finished building: ../Drivers/STM32F4xx_HAL_Driver/Src/stm32f4xx_ll_usb.c
 
Finished building: ../Core/Src/stm32f4xx_it.c
 
Finished building: ../Core/Src/stm32f4xx_hal_msp.c
Finished building: ../Core/Src/system_stm32f4xx.c
 
 
Building target: I2C_Raspb.elf
Invoking: MCU GCC Linker
arm-none-eabi-gcc -mcpu=cortex-m4 -mthumb -mfloat-abi=hard -mfpu=fpv4-sp-d16 -specs=nosys.specs -specs=nano.specs -T"../STM32F407VGTx_FLASH.ld" -Wl,-Map=output.map -Wl,--gc-sections -o "I2C_Raspb.elf" @"objects.list"   -lm
Finished building target: I2C_Raspb.elf
 
make --no-print-directory post-build
Generating hex and Printing size information:
arm-none-eabi-objcopy -O ihex "I2C_Raspb.elf" "I2C_Raspb.hex"
arm-none-eabi-size "I2C_Raspb.elf"
   text	   data	    bss	    dec	    hex	filename
  18292	    152	   3536	  21980	   55dc	I2C_Raspb.elf
 
19:31:00 **** Incremental Build of configuration Debug for project I2C_Raspb ****
make -j8 all 
make: Nothing to be done for 'all'.
19:31:29 **** Incremental Build of configuration Debug for project I2C_Raspb ****
make -j8 all 
make: Nothing to be done for 'all'.
19:31:46 **** Incremental Build of configuration Debug for project I2C_Raspb ****
make -j8 all 
make: Nothing to be done for 'all'.
19:32:13 **** Incremental Build of configuration Debug for project I2C_Raspb ****
make -j8 all 
make: Nothing to be done for 'all'.
19:32:20 **** Incremental Build of configuration Debug for project I2C_Raspb ****
make -j8 all 
make: Nothing to be done for 'all'.
19:32:56 **** Incremental Build of configuration Debug for project I2C_Raspb ****
make -j8 all 
make: Nothing to be done for 'all'.
19:33:06 **** Incremental Build of configuration Debug for project I2C_Raspb ****
make -j8 all 
make: Nothing to be done for 'all'.
19:33:42 **** Incremental Build of configuration Debug for project I2C_Raspb ****
make -j8 all 
make: Nothing to be done for 'all'.
19:33:49 **** Incremental Build of configuration Debug for project I2C_Raspb ****
make -j8 all 
make: Nothing to be done for 'all'.
19:35:00 **** Incremental Build of configuration Debug for project I2C_Raspb ****
make -j8 all 
make: Nothing to be done for 'all'.
19:35:16 **** Incremental Build of configuration Debug for project I2C_Raspb ****
make -j8 all 
make: Nothing to be done for 'all'.
19:36:42 **** Incremental Build of configuration Debug for project I2C_Raspb ****
make -j8 all 
make: Nothing to be done for 'all'.
19:37:29 **** Incremental Build of configuration Debug for project I2C_Raspb ****
make -j8 all 
make: Nothing to be done for 'all'.
19:37:54 **** Incremental Build of configuration Debug for project I2C_Raspb ****
make -j8 all 
make: Nothing to be done for 'all'.
19:38:47 **** Incremental Build of configuration Debug for project I2C_Raspb ****
make -j8 all 
make: Nothing to be done for 'all'.
19:42:53 **** Incremental Build of configuration Debug for project I2C_Raspb ****
make -j8 all 
make: Nothing to be done for 'all'.
19:43:27 **** Incremental Build of configuration Debug for project I2C_Raspb ****
make -j8 all 
make: Nothing to be done for 'all'.
19:56:02 **** Incremental Build of configuration Debug for project I2C_Raspb ****
make -j8 all 
make: Nothing to be done for 'all'.
20:03:08 **** Incremental Build of configuration Debug for project I2C_Raspb ****
make -j8 all 
make: Nothing to be done for 'all'.
20:52:52 **** Incremental Build of configuration Debug for project I2C_Raspb ****
make -j8 all 
Building file: ../Core/Src/main.c
Invoking: MCU GCC Compiler
C:\Users\joebe\Desktop\balloon_project_swv1\I2C_test\I2C_Raspb\Debug
arm-none-eabi-gcc -mcpu=cortex-m4 -mthumb -mfloat-abi=hard -mfpu=fpv4-sp-d16 -DUSE_HAL_DRIVER -DSTM32F407xx -I"C:/Users/joebe/Desktop/balloon_project_swv1/I2C_test/I2C_Raspb/USB_HOST/App" -I"C:/Users/joebe/Desktop/balloon_project_swv1/I2C_test/I2C_Raspb/USB_HOST/Target" -I"C:/Users/joebe/Desktop/balloon_project_swv1/I2C_test/I2C_Raspb/Core/Inc" -I"C:/Users/joebe/Desktop/balloon_project_swv1/I2C_test/I2C_Raspb/Drivers/STM32F4xx_HAL_Driver/Inc" -I"C:/Users/joebe/Desktop/balloon_project_swv1/I2C_test/I2C_Raspb/Drivers/STM32F4xx_HAL_Driver/Inc/Legacy" -I"C:/Users/joebe/Desktop/balloon_project_swv1/I2C_test/I2C_Raspb/Middlewares/ST/STM32_USB_Host_Library/Core/Inc" -I"C:/Users/joebe/Desktop/balloon_project_swv1/I2C_test/I2C_Raspb/Middlewares/ST/STM32_USB_Host_Library/Class/CDC/Inc" -I"C:/Users/joebe/Desktop/balloon_project_swv1/I2C_test/I2C_Raspb/Drivers/CMSIS/Device/ST/STM32F4xx/Include" -I"C:/Users/joebe/Desktop/balloon_project_swv1/I2C_test/I2C_Raspb/Drivers/CMSIS/Include"  -Og -g3 -Wall -fmessage-length=0 -ffunction-sections -c -fmessage-length=0 -MMD -MP -MF"Core/Src/main.d" -MT"Core/Src/main.o" -o "Core/Src/main.o" "../Core/Src/main.c"
Finished building: ../Core/Src/main.c
 
Building target: I2C_Raspb.elf
Invoking: MCU GCC Linker
arm-none-eabi-gcc -mcpu=cortex-m4 -mthumb -mfloat-abi=hard -mfpu=fpv4-sp-d16 -specs=nosys.specs -specs=nano.specs -T"../STM32F407VGTx_FLASH.ld" -Wl,-Map=output.map -Wl,--gc-sections -o "I2C_Raspb.elf" @"objects.list"   -lm
Finished building target: I2C_Raspb.elf
 
make --no-print-directory post-build
Generating hex and Printing size information:
arm-none-eabi-objcopy -O ihex "I2C_Raspb.elf" "I2C_Raspb.hex"
arm-none-eabi-size "I2C_Raspb.elf"
   text	   data	    bss	    dec	    hex	filename
  18292	    152	   3536	  21980	   55dc	I2C_Raspb.elf
 
20:53:00 **** Incremental Build of configuration Debug for project I2C_Raspb ****
make -j8 all 
make: Nothing to be done for 'all'.
20:53:18 **** Incremental Build of configuration Debug for project I2C_Raspb ****
make -j8 all 
make: Nothing to be done for 'all'.
